Archive member included to satisfy reference by file (symbol)

c:/progra~2/armgnu~1/125863~1.3re/bin/../lib/gcc/arm-none-eabi/12.3.1/thumb/v7e-m+fp/hard\libc_nano.a(libc_a-exit.o)
                              c:/progra~2/armgnu~1/125863~1.3re/bin/../lib/gcc/arm-none-eabi/12.3.1/thumb/v7e-m+fp/hard/crt0.o (exit)
c:/progra~2/armgnu~1/125863~1.3re/bin/../lib/gcc/arm-none-eabi/12.3.1/thumb/v7e-m+fp/hard\libc_nano.a(libc_a-malloc.o)
                              CMakeFiles/hello_world.elf.dir/C_/Users/Jkastelic/Documents/projects/CG735/software/SDK_2_11_0_FRDM-K66F/devices/MK66F18/drivers/fsl_common.c.obj (malloc)
c:/progra~2/armgnu~1/125863~1.3re/bin/../lib/gcc/arm-none-eabi/12.3.1/thumb/v7e-m+fp/hard\libc_nano.a(libc_a-mallocr.o)
                              c:/progra~2/armgnu~1/125863~1.3re/bin/../lib/gcc/arm-none-eabi/12.3.1/thumb/v7e-m+fp/hard\libc_nano.a(libc_a-malloc.o) (_malloc_r)
c:/progra~2/armgnu~1/125863~1.3re/bin/../lib/gcc/arm-none-eabi/12.3.1/thumb/v7e-m+fp/hard\libc_nano.a(libc_a-mlock.o)
                              c:/progra~2/armgnu~1/125863~1.3re/bin/../lib/gcc/arm-none-eabi/12.3.1/thumb/v7e-m+fp/hard\libc_nano.a(libc_a-mallocr.o) (__malloc_lock)
c:/progra~2/armgnu~1/125863~1.3re/bin/../lib/gcc/arm-none-eabi/12.3.1/thumb/v7e-m+fp/hard\libc_nano.a(libc_a-findfp.o)
                              c:/progra~2/armgnu~1/125863~1.3re/bin/../lib/gcc/arm-none-eabi/12.3.1/thumb/v7e-m+fp/hard\libc_nano.a(libc_a-exit.o) (__stdio_exit_handler)
c:/progra~2/armgnu~1/125863~1.3re/bin/../lib/gcc/arm-none-eabi/12.3.1/thumb/v7e-m+fp/hard\libc_nano.a(libc_a-fwalk.o)
                              c:/progra~2/armgnu~1/125863~1.3re/bin/../lib/gcc/arm-none-eabi/12.3.1/thumb/v7e-m+fp/hard\libc_nano.a(libc_a-findfp.o) (_fwalk_sglue)
c:/progra~2/armgnu~1/125863~1.3re/bin/../lib/gcc/arm-none-eabi/12.3.1/thumb/v7e-m+fp/hard\libc_nano.a(libc_a-stdio.o)
                              c:/progra~2/armgnu~1/125863~1.3re/bin/../lib/gcc/arm-none-eabi/12.3.1/thumb/v7e-m+fp/hard\libc_nano.a(libc_a-findfp.o) (__sread)
c:/progra~2/armgnu~1/125863~1.3re/bin/../lib/gcc/arm-none-eabi/12.3.1/thumb/v7e-m+fp/hard\libc_nano.a(libc_a-memset.o)
                              c:/progra~2/armgnu~1/125863~1.3re/bin/../lib/gcc/arm-none-eabi/12.3.1/thumb/v7e-m+fp/hard/crt0.o (memset)
c:/progra~2/armgnu~1/125863~1.3re/bin/../lib/gcc/arm-none-eabi/12.3.1/thumb/v7e-m+fp/hard\libc_nano.a(libc_a-closer.o)
                              c:/progra~2/armgnu~1/125863~1.3re/bin/../lib/gcc/arm-none-eabi/12.3.1/thumb/v7e-m+fp/hard\libc_nano.a(libc_a-stdio.o) (_close_r)
c:/progra~2/armgnu~1/125863~1.3re/bin/../lib/gcc/arm-none-eabi/12.3.1/thumb/v7e-m+fp/hard\libc_nano.a(libc_a-reent.o)
                              c:/progra~2/armgnu~1/125863~1.3re/bin/../lib/gcc/arm-none-eabi/12.3.1/thumb/v7e-m+fp/hard\libc_nano.a(libc_a-closer.o) (errno)
c:/progra~2/armgnu~1/125863~1.3re/bin/../lib/gcc/arm-none-eabi/12.3.1/thumb/v7e-m+fp/hard\libc_nano.a(libc_a-impure.o)
                              c:/progra~2/armgnu~1/125863~1.3re/bin/../lib/gcc/arm-none-eabi/12.3.1/thumb/v7e-m+fp/hard\libc_nano.a(libc_a-malloc.o) (_impure_ptr)
c:/progra~2/armgnu~1/125863~1.3re/bin/../lib/gcc/arm-none-eabi/12.3.1/thumb/v7e-m+fp/hard\libc_nano.a(libc_a-lseekr.o)
                              c:/progra~2/armgnu~1/125863~1.3re/bin/../lib/gcc/arm-none-eabi/12.3.1/thumb/v7e-m+fp/hard\libc_nano.a(libc_a-stdio.o) (_lseek_r)
c:/progra~2/armgnu~1/125863~1.3re/bin/../lib/gcc/arm-none-eabi/12.3.1/thumb/v7e-m+fp/hard\libc_nano.a(libc_a-readr.o)
                              c:/progra~2/armgnu~1/125863~1.3re/bin/../lib/gcc/arm-none-eabi/12.3.1/thumb/v7e-m+fp/hard\libc_nano.a(libc_a-stdio.o) (_read_r)
c:/progra~2/armgnu~1/125863~1.3re/bin/../lib/gcc/arm-none-eabi/12.3.1/thumb/v7e-m+fp/hard\libc_nano.a(libc_a-sbrkr.o)
                              c:/progra~2/armgnu~1/125863~1.3re/bin/../lib/gcc/arm-none-eabi/12.3.1/thumb/v7e-m+fp/hard\libc_nano.a(libc_a-mallocr.o) (_sbrk_r)
c:/progra~2/armgnu~1/125863~1.3re/bin/../lib/gcc/arm-none-eabi/12.3.1/thumb/v7e-m+fp/hard\libc_nano.a(libc_a-writer.o)
                              c:/progra~2/armgnu~1/125863~1.3re/bin/../lib/gcc/arm-none-eabi/12.3.1/thumb/v7e-m+fp/hard\libc_nano.a(libc_a-stdio.o) (_write_r)
c:/progra~2/armgnu~1/125863~1.3re/bin/../lib/gcc/arm-none-eabi/12.3.1/thumb/v7e-m+fp/hard\libc_nano.a(libc_a-errno.o)
                              CMakeFiles/hello_world.elf.dir/C_/Users/Jkastelic/Documents/projects/CG735/software/SDK_2_11_0_FRDM-K66F/devices/MK66F18/utilities/fsl_sbrk.c.obj (__errno)
c:/progra~2/armgnu~1/125863~1.3re/bin/../lib/gcc/arm-none-eabi/12.3.1/thumb/v7e-m+fp/hard\libc_nano.a(libc_a-init.o)
                              c:/progra~2/armgnu~1/125863~1.3re/bin/../lib/gcc/arm-none-eabi/12.3.1/thumb/v7e-m+fp/hard/crt0.o (__libc_init_array)
c:/progra~2/armgnu~1/125863~1.3re/bin/../lib/gcc/arm-none-eabi/12.3.1/thumb/v7e-m+fp/hard\libc_nano.a(libc_a-lock.o)
[...]
Memory Configuration

Name             Origin             Length             Attributes
m_interrupts     0x00000000         0x00000400         xr
m_flash_config   0x00000400         0x00000010         xr
m_text           0x00000410         0x001ffbf0         xr
m_data           0x1fff0000         0x00010000         rw
m_data_2         0x20000000         0x00030000         rw
*default*        0x00000000         0xffffffff

Linker script and memory map

LOAD c:/progra~2/armgnu~1/125863~1.3re/bin/../lib/gcc/arm-none-eabi/12.3.1/thumb/v7e-m+fp/hard/crti.o
LOAD c:/progra~2/armgnu~1/125863~1.3re/bin/../lib/gcc/arm-none-eabi/12.3.1/thumb/v7e-m+fp/hard/crtbegin.o
LOAD c:/progra~2/armgnu~1/125863~1.3re/bin/../lib/gcc/arm-none-eabi/12.3.1/thumb/v7e-m+fp/hard/crt0.o
LOAD CMakeFiles/hello_world.elf.dir/C_/Users/Jkastelic/Documents/projects/CG735/software/K66_tutorial/2_hello_world/hello_world.c.obj
LOAD CMakeFiles/hello_world.elf.dir/C_/Users/Jkastelic/Documents/projects/CG735/software/K66_tutorial/2_hello_world/board/board.c.obj
LOAD CMakeFiles/hello_world.elf.dir/C_/Users/Jkastelic/Documents/projects/CG735/software/K66_tutorial/2_hello_world/board/pin_mux.c.obj
LOAD CMakeFiles/hello_world.elf.dir/C_/Users/Jkastelic/Documents/projects/CG735/software/K66_tutorial/2_hello_world/board/clock_config.c.obj
LOAD CMakeFiles/hello_world.elf.dir/f780198d701a193bb09143685b087031/software/SDK_2_11_0_FRDM-K66F/devices/MK66F18/utilities/debug_console_lite/fsl_debug_console.c.obj
LOAD CMakeFiles/hello_world.elf.dir/C_/Users/Jkastelic/Documents/projects/CG735/software/SDK_2_11_0_FRDM-K66F/components/uart/fsl_adapter_uart.c.obj
LOAD CMakeFiles/hello_world.elf.dir/C_/Users/Jkastelic/Documents/projects/CG735/software/SDK_2_11_0_FRDM-K66F/devices/MK66F18/drivers/fsl_common.c.obj
LOAD CMakeFiles/hello_world.elf.dir/C_/Users/Jkastelic/Documents/projects/CG735/software/SDK_2_11_0_FRDM-K66F/devices/MK66F18/drivers/fsl_common_arm.c.obj
LOAD CMakeFiles/hello_world.elf.dir/C_/Users/Jkastelic/Documents/projects/CG735/software/SDK_2_11_0_FRDM-K66F/devices/MK66F18/drivers/fsl_clock.c.obj
LOAD CMakeFiles/hello_world.elf.dir/C_/Users/Jkastelic/Documents/projects/CG735/software/SDK_2_11_0_FRDM-K66F/devices/MK66F18/drivers/fsl_uart.c.obj
LOAD CMakeFiles/hello_world.elf.dir/743d22711700072977d70b165449871f/CG735/software/SDK_2_11_0_FRDM-K66F/devices/MK66F18/utilities/debug_console_lite/fsl_assert.c.obj
LOAD CMakeFiles/hello_world.elf.dir/C_/Users/Jkastelic/Documents/projects/CG735/software/SDK_2_11_0_FRDM-K66F/devices/MK66F18/drivers/fsl_gpio.c.obj
LOAD CMakeFiles/hello_world.elf.dir/C_/Users/Jkastelic/Documents/projects/CG735/software/SDK_2_11_0_FRDM-K66F/devices/MK66F18/drivers/fsl_ftfx_controller.c.obj
LOAD CMakeFiles/hello_world.elf.dir/C_/Users/Jkastelic/Documents/projects/CG735/software/SDK_2_11_0_FRDM-K66F/devices/MK66F18/drivers/fsl_ftfx_flash.c.obj
LOAD CMakeFiles/hello_world.elf.dir/C_/Users/Jkastelic/Documents/projects/CG735/software/SDK_2_11_0_FRDM-K66F/devices/MK66F18/drivers/fsl_ftfx_cache.c.obj
LOAD CMakeFiles/hello_world.elf.dir/C_/Users/Jkastelic/Documents/projects/CG735/software/SDK_2_11_0_FRDM-K66F/devices/MK66F18/drivers/fsl_ftfx_flexnvm.c.obj
LOAD CMakeFiles/hello_world.elf.dir/C_/Users/Jkastelic/Documents/projects/CG735/software/SDK_2_11_0_FRDM-K66F/components/lists/fsl_component_generic_list.c.obj
LOAD CMakeFiles/hello_world.elf.dir/C_/Users/Jkastelic/Documents/projects/CG735/software/SDK_2_11_0_FRDM-K66F/devices/MK66F18/gcc/startup_MK66F18.S.obj
LOAD CMakeFiles/hello_world.elf.dir/C_/Users/Jkastelic/Documents/projects/CG735/software/SDK_2_11_0_FRDM-K66F/devices/MK66F18/system_MK66F18.c.obj
LOAD CMakeFiles/hello_world.elf.dir/C_/Users/Jkastelic/Documents/projects/CG735/software/SDK_2_11_0_FRDM-K66F/devices/MK66F18/drivers/fsl_lpuart.c.obj
LOAD CMakeFiles/hello_world.elf.dir/C_/Users/Jkastelic/Documents/projects/CG735/software/SDK_2_11_0_FRDM-K66F/devices/MK66F18/drivers/fsl_smc.c.obj
LOAD CMakeFiles/hello_world.elf.dir/C_/Users/Jkastelic/Documents/projects/CG735/software/SDK_2_11_0_FRDM-K66F/devices/MK66F18/utilities/fsl_sbrk.c.obj
START GROUP
LOAD c:/progra~2/armgnu~1/125863~1.3re/bin/../lib/gcc/arm-none-eabi/12.3.1/thumb/v7e-m+fp/hard\libm.a
LOAD c:/progra~2/armgnu~1/125863~1.3re/bin/../lib/gcc/arm-none-eabi/12.3.1/thumb/v7e-m+fp/hard\libc_nano.a
LOAD c:/progra~2/armgnu~1/125863~1.3re/bin/../lib/gcc/arm-none-eabi/12.3.1/thumb/v7e-m+fp/hard\libgcc.a
LOAD c:/progra~2/armgnu~1/125863~1.3re/bin/../lib/gcc/arm-none-eabi/12.3.1/thumb/v7e-m+fp/hard\libnosys.a
END GROUP
START GROUP
LOAD c:/progra~2/armgnu~1/125863~1.3re/bin/../lib/gcc/arm-none-eabi/12.3.1/thumb/v7e-m+fp/hard\libgcc.a
LOAD c:/progra~2/armgnu~1/125863~1.3re/bin/../lib/gcc/arm-none-eabi/12.3.1/thumb/v7e-m+fp/hard\libg_nano.a
LOAD c:/progra~2/armgnu~1/125863~1.3re/bin/../lib/gcc/arm-none-eabi/12.3.1/thumb/v7e-m+fp/hard\libc_nano.a
END GROUP
START GROUP
LOAD c:/progra~2/armgnu~1/125863~1.3re/bin/../lib/gcc/arm-none-eabi/12.3.1/thumb/v7e-m+fp/hard\libgcc.a
LOAD c:/progra~2/armgnu~1/125863~1.3re/bin/../lib/gcc/arm-none-eabi/12.3.1/thumb/v7e-m+fp/hard\libc_nano.a
LOAD c:/progra~2/armgnu~1/125863~1.3re/bin/../lib/gcc/arm-none-eabi/12.3.1/thumb/v7e-m+fp/hard\libnosys.a
END GROUP
START GROUP
LOAD c:/progra~2/armgnu~1/125863~1.3re/bin/../lib/gcc/arm-none-eabi/12.3.1/thumb/v7e-m+fp/hard\libgcc.a
LOAD c:/progra~2/armgnu~1/125863~1.3re/bin/../lib/gcc/arm-none-eabi/12.3.1/thumb/v7e-m+fp/hard\libc_nano.a
LOAD c:/progra~2/armgnu~1/125863~1.3re/bin/../lib/gcc/arm-none-eabi/12.3.1/thumb/v7e-m+fp/hard\libnosys.a
END GROUP
LOAD c:/progra~2/armgnu~1/125863~1.3re/bin/../lib/gcc/arm-none-eabi/12.3.1/thumb/v7e-m+fp/hard/crtend.o
LOAD c:/progra~2/armgnu~1/125863~1.3re/bin/../lib/gcc/arm-none-eabi/12.3.1/thumb/v7e-m+fp/hard/crtn.o
                0x00000400                        HEAP_SIZE = DEFINED (__heap_size__)?__heap_size__:0x400
                0x00000400                        STACK_SIZE = DEFINED (__stack_size__)?__stack_size__:0x400

.interrupts     0x00000000      0x400
                0x00000000                        . = ALIGN (0x4)
 *(.isr_vector)
 .isr_vector    0x00000000      0x400 CMakeFiles/hello_world.elf.dir/C_/Users/Jkastelic/Documents/projects/CG735/software/SDK_2_11_0_FRDM-K66F/devices/MK66F18/gcc/startup_MK66F18.S.obj
                0x00000000                __isr_vector
                0x00000400                        . = ALIGN (0x4)

.flash_config   0x00000400       0x10
                0x00000400                        . = ALIGN (0x4)
 *(.FlashConfig)
 .FlashConfig   0x00000400       0x10 CMakeFiles/hello_world.elf.dir/C_/Users/Jkastelic/Documents/projects/CG735/software/SDK_2_11_0_FRDM-K66F/devices/MK66F18/gcc/startup_MK66F18.S.obj
                0x00000410                        . = ALIGN (0x4)

.text           0x00000410     0x2640
                0x00000410                        . = ALIGN (0x4)
 *(.text)
 .text          0x00000410       0x7c c:/progra~2/armgnu~1/125863~1.3re/bin/../lib/gcc/arm-none-eabi/12.3.1/thumb/v7e-m+fp/hard/crt0.o
                0x00000410                _stack_init
                0x00000418                _start
                0x00000418                _mainCRTStartup
 .text          0x0000048c      0x240 CMakeFiles/hello_world.elf.dir/C_/Users/Jkastelic/Documents/projects/CG735/software/SDK_2_11_0_FRDM-K66F/devices/MK66F18/gcc/startup_MK66F18.S.obj
                0x0000048c                Reset_Handler
                0x00000518                DMA11_DMA27_DriverIRQHandler
                0x00000518                DebugMon_Handler
                0x00000518                PORTC_IRQHandler
                0x00000518                DMA13_DMA29_DriverIRQHandler
                0x00000518                RNG_IRQHandler
                0x00000518                SPI1_DriverIRQHandler
                0x00000518                CMP0_IRQHandler
                0x00000518                Reserved85_IRQHandler
                0x00000518                MemManage_Handler
                0x00000518                DMA_Error_DriverIRQHandler
                0x00000518                WDOG_EWM_IRQHandler
                0x00000518                UART4_ERR_DriverIRQHandler
                0x00000518                DMA4_DMA20_DriverIRQHandler
                0x00000518                DMA6_DMA22_DriverIRQHandler
                0x00000518                CAN1_DriverIRQHandler
                0x00000518                I2C0_DriverIRQHandler
                0x00000518                ENET_Transmit_DriverIRQHandler
                0x00000518                UART1_ERR_DriverIRQHandler
                0x00000518                USBHS_IRQHandler
                0x00000518                DMA15_DMA31_DriverIRQHandler
                0x00000518                SDHC_DriverIRQHandler
                0x00000518                DMA9_DMA25_DriverIRQHandler
                0x00000518                PIT0_IRQHandler
                0x00000518                DMA7_DMA23_DriverIRQHandler
                0x00000518                BusFault_Handler
                0x00000518                I2C3_DriverIRQHandler
                0x00000518                CMP2_IRQHandler
                0x00000518                LLWU_IRQHandler
                0x00000518                I2S0_Tx_DriverIRQHandler
                0x00000518                Reserved84_IRQHandler
                0x00000518                LPTMR0_IRQHandler
                0x00000518                TSI0_IRQHandler
                0x00000518                FTM2_IRQHandler
                0x00000518                DMA5_DMA21_DriverIRQHandler
                0x00000518                PORTE_IRQHandler
                0x00000518                FTM3_IRQHandler
                0x00000518                DMA14_DMA30_DriverIRQHandler
                0x00000518                CAN0_DriverIRQHandler
                0x00000518                ENET_1588_Timer_DriverIRQHandler
                0x00000518                I2C2_DriverIRQHandler
                0x00000518                MCM_IRQHandler
                0x00000518                SWI_IRQHandler
                0x00000518                ADC0_IRQHandler
                0x00000518                UsageFault_Handler
                0x00000518                DAC1_IRQHandler
                0x00000518                CMT_IRQHandler
                0x00000518                PORTA_IRQHandler
                0x00000518                FTM0_IRQHandler
                0x00000518                DMA0_DMA16_DriverIRQHandler
                0x00000518                DMA8_DMA24_DriverIRQHandler
                0x00000518                DMA2_DMA18_DriverIRQHandler
                0x00000518                CMP1_IRQHandler
                0x00000518                Reserved71_IRQHandler
                0x00000518                PORTD_IRQHandler
                0x00000518                PORTB_IRQHandler
                0x00000518                LVD_LVW_IRQHandler
                0x00000518                UART2_ERR_DriverIRQHandler
                0x00000518                SPI2_DriverIRQHandler
                0x00000518                ADC1_IRQHandler
                0x00000518                PIT1_IRQHandler
                0x00000518                TPM2_IRQHandler
                0x00000518                PIT2_IRQHandler
                0x00000518                TPM1_IRQHandler
                0x00000518                RTC_IRQHandler
                0x00000518                UART3_ERR_DriverIRQHandler
                0x00000518                PDB0_IRQHandler
                0x00000518                SPI0_DriverIRQHandler
                0x00000518                CMP3_IRQHandler
                0x00000518                DefaultISR
                0x00000518                FTM1_IRQHandler
                0x00000518                DMA12_DMA28_DriverIRQHandler
                0x00000518                ENET_Error_DriverIRQHandler
                0x00000518                PIT3_IRQHandler
                0x00000518                USB0_IRQHandler
                0x00000518                Reserved46_IRQHandler
                0x00000518                DMA3_DMA19_DriverIRQHandler
                0x00000518                RTC_Seconds_IRQHandler
                0x00000518                MCG_IRQHandler
                0x00000518                FTFE_IRQHandler
                0x00000518                DMA10_DMA26_DriverIRQHandler
                0x00000518                UART0_ERR_DriverIRQHandler
                0x00000518                DAC0_IRQHandler
                0x00000518                Read_Collision_IRQHandler
                0x00000518                DMA1_DMA17_DriverIRQHandler
                0x00000518                USBHSDCD_IRQHandler
                0x00000518                ENET_Receive_DriverIRQHandler
                0x00000518                I2C1_DriverIRQHandler
                0x00000518                USBDCD_IRQHandler
                0x00000518                I2S0_Rx_DriverIRQHandler
                0x0000051c                NMI_Handler
                0x00000520                HardFault_Handler
                0x00000524                SVC_Handler
                0x00000528                PendSV_Handler
                0x0000052c                SysTick_Handler
                0x00000530                DMA0_DMA16_IRQHandler
                0x00000534                DMA1_DMA17_IRQHandler
                0x00000538                DMA2_DMA18_IRQHandler
                0x0000053c                DMA3_DMA19_IRQHandler
                0x00000540                DMA4_DMA20_IRQHandler
                0x00000544                DMA5_DMA21_IRQHandler
                0x00000548                DMA6_DMA22_IRQHandler
                0x0000054c                DMA7_DMA23_IRQHandler
                0x00000550                DMA8_DMA24_IRQHandler
                0x00000554                DMA9_DMA25_IRQHandler
                0x00000558                DMA10_DMA26_IRQHandler
                0x0000055c                DMA11_DMA27_IRQHandler
                0x00000560                DMA12_DMA28_IRQHandler
                0x00000564                DMA13_DMA29_IRQHandler
                0x00000568                DMA14_DMA30_IRQHandler
                0x0000056c                DMA15_DMA31_IRQHandler
                0x00000570                DMA_Error_IRQHandler
                0x00000574                I2C0_IRQHandler
                0x00000578                I2C1_IRQHandler
                0x0000057c                SPI0_IRQHandler
                0x00000580                SPI1_IRQHandler
                0x00000584                I2S0_Tx_IRQHandler
                0x00000588                I2S0_Rx_IRQHandler
                0x0000058c                UART0_RX_TX_IRQHandler
                0x00000590                UART0_ERR_IRQHandler
                0x00000594                UART1_RX_TX_IRQHandler
                0x00000598                UART1_ERR_IRQHandler
                0x0000059c                UART2_RX_TX_IRQHandler
                0x000005a0                UART2_ERR_IRQHandler
                0x000005a4                UART3_RX_TX_IRQHandler
                0x000005a8                UART3_ERR_IRQHandler
                0x000005ac                SPI2_IRQHandler
                0x000005b0                UART4_RX_TX_IRQHandler
                0x000005b4                UART4_ERR_IRQHandler
                0x000005b8                I2C2_IRQHandler
                0x000005bc                CAN0_ORed_Message_buffer_IRQHandler
                0x000005c0                CAN0_Bus_Off_IRQHandler
                0x000005c4                CAN0_Error_IRQHandler
                0x000005c8                CAN0_Tx_Warning_IRQHandler
                0x000005cc                CAN0_Rx_Warning_IRQHandler
                0x000005d0                CAN0_Wake_Up_IRQHandler
                0x000005d4                SDHC_IRQHandler
                0x000005d8                ENET_1588_Timer_IRQHandler
                0x000005dc                ENET_Transmit_IRQHandler
                0x000005e0                ENET_Receive_IRQHandler
                0x000005e4                ENET_Error_IRQHandler
                0x000005e8                LPUART0_IRQHandler
                0x000005ec                I2C3_IRQHandler
                0x000005f0                CAN1_ORed_Message_buffer_IRQHandler
                0x000005f4                CAN1_Bus_Off_IRQHandler
                0x000005f8                CAN1_Error_IRQHandler
                0x000005fc                CAN1_Tx_Warning_IRQHandler
                0x00000600                CAN1_Rx_Warning_IRQHandler
                0x00000604                CAN1_Wake_Up_IRQHandler
 .text          0x000006cc       0x10 c:/progra~2/armgnu~1/125863~1.3re/bin/../lib/gcc/arm-none-eabi/12.3.1/thumb/v7e-m+fp/hard\libc_nano.a(libc_a-strlen.o)
                0x000006cc                strlen
 *(.text*)
 .text.deregister_tm_clones
                0x000006dc       0x1c c:/progra~2/armgnu~1/125863~1.3re/bin/../lib/gcc/arm-none-eabi/12.3.1/thumb/v7e-m+fp/hard/crtbegin.o
 .text.register_tm_clones
                0x000006f8       0x24 c:/progra~2/armgnu~1/125863~1.3re/bin/../lib/gcc/arm-none-eabi/12.3.1/thumb/v7e-m+fp/hard/crtbegin.o
 .text.__do_global_dtors_aux
                0x0000071c       0x28 c:/progra~2/armgnu~1/125863~1.3re/bin/../lib/gcc/arm-none-eabi/12.3.1/thumb/v7e-m+fp/hard/crtbegin.o
 .text.frame_dummy
                0x00000744       0x24 c:/progra~2/armgnu~1/125863~1.3re/bin/../lib/gcc/arm-none-eabi/12.3.1/thumb/v7e-m+fp/hard/crtbegin.o
 .text.main     0x00000768       0x30 CMakeFiles/hello_world.elf.dir/C_/Users/Jkastelic/Documents/projects/CG735/software/K66_tutorial/2_hello_world/hello_world.c.obj
                0x00000768                main
 .text.BOARD_InitDebugConsole
                0x00000798       0x22 CMakeFiles/hello_world.elf.dir/C_/Users/Jkastelic/Documents/projects/CG735/software/K66_tutorial/2_hello_world/board/board.c.obj
                0x00000798                BOARD_InitDebugConsole
 .text.CLOCK_EnableClock
                0x000007ba       0x34 CMakeFiles/hello_world.elf.dir/C_/Users/Jkastelic/Documents/projects/CG735/software/K66_tutorial/2_hello_world/board/pin_mux.c.obj
 .text.PORT_SetPinMux
                0x000007ee       0x3a CMakeFiles/hello_world.elf.dir/C_/Users/Jkastelic/Documents/projects/CG735/software/K66_tutorial/2_hello_world/board/pin_mux.c.obj
 .text.BOARD_InitBootPins
                0x00000828        0xc CMakeFiles/hello_world.elf.dir/C_/Users/Jkastelic/Documents/projects/CG735/software/K66_tutorial/2_hello_world/board/pin_mux.c.obj
                0x00000828                BOARD_InitBootPins
 .text.BOARD_InitPins
                0x00000834       0x6c CMakeFiles/hello_world.elf.dir/C_/Users/Jkastelic/Documents/projects/CG735/software/K66_tutorial/2_hello_world/board/pin_mux.c.obj
                0x00000834                BOARD_InitPins
 .text.CLOCK_SetSimSafeDivs
                0x000008a0       0x24 CMakeFiles/hello_world.elf.dir/C_/Users/Jkastelic/Documents/projects/CG735/software/K66_tutorial/2_hello_world/board/clock_config.c.obj
 .text.CLOCK_SetXtal0Freq
                0x000008c4       0x20 CMakeFiles/hello_world.elf.dir/C_/Users/Jkastelic/Documents/projects/CG735/software/K66_tutorial/2_hello_world/board/clock_config.c.obj
 .text.CLOCK_CONFIG_SetFllExtRefDiv
                0x000008e4       0x3c CMakeFiles/hello_world.elf.dir/C_/Users/Jkastelic/Documents/projects/CG735/software/K66_tutorial/2_hello_world/board/clock_config.c.obj
 .text.BOARD_InitBootClocks
                0x00000920        0xc CMakeFiles/hello_world.elf.dir/C_/Users/Jkastelic/Documents/projects/CG735/software/K66_tutorial/2_hello_world/board/clock_config.c.obj
                0x00000920                BOARD_InitBootClocks
 .text.BOARD_BootClockRUN
                0x0000092c       0x60 CMakeFiles/hello_world.elf.dir/C_/Users/Jkastelic/Documents/projects/CG735/software/K66_tutorial/2_hello_world/board/clock_config.c.obj
                0x0000092c                BOARD_BootClockRUN
 .text.DbgConsole_Init
                0x0000098c       0x74 CMakeFiles/hello_world.elf.dir/f780198d701a193bb09143685b087031/software/SDK_2_11_0_FRDM-K66F/devices/MK66F18/utilities/debug_console_lite/fsl_debug_console.c.obj
                0x0000098c                DbgConsole_Init
 .text.DbgConsole_Printf
                0x00000a00       0x2c CMakeFiles/hello_world.elf.dir/f780198d701a193bb09143685b087031/software/SDK_2_11_0_FRDM-K66F/devices/MK66F18/utilities/debug_console_lite/fsl_debug_console.c.obj
                0x00000a00                DbgConsole_Printf
 .text.DbgConsole_Vprintf
                0x00000a2c       0x3c CMakeFiles/hello_world.elf.dir/f780198d701a193bb09143685b087031/software/SDK_2_11_0_FRDM-K66F/devices/MK66F18/utilities/debug_console_lite/fsl_debug_console.c.obj
                0x00000a2c                DbgConsole_Vprintf
 .text.DbgConsole_Putchar
                0x00000a68       0x30 CMakeFiles/hello_world.elf.dir/f780198d701a193bb09143685b087031/software/SDK_2_11_0_FRDM-K66F/devices/MK66F18/utilities/debug_console_lite/fsl_debug_console.c.obj
                0x00000a68                DbgConsole_Putchar
 .text.DbgConsole_Getchar
                0x00000a98       0x3c CMakeFiles/hello_world.elf.dir/f780198d701a193bb09143685b087031/software/SDK_2_11_0_FRDM-K66F/devices/MK66F18/utilities/debug_console_lite/fsl_debug_console.c.obj
                0x00000a98                DbgConsole_Getchar
 .text.DbgConsole_PrintfPaddingCharacter
                0x00000ad4       0x40 CMakeFiles/hello_world.elf.dir/f780198d701a193bb09143685b087031/software/SDK_2_11_0_FRDM-K66F/devices/MK66F18/utilities/debug_console_lite/fsl_debug_console.c.obj
 .text.DbgConsole_ConvertRadixNumToString
                0x00000b14       0xc2 CMakeFiles/hello_world.elf.dir/f780198d701a193bb09143685b087031/software/SDK_2_11_0_FRDM-K66F/devices/MK66F18/utilities/debug_console_lite/fsl_debug_console.c.obj
 *fill*         0x00000bd6        0x2 
 .text.DbgConsole_PrintfFormattedData
                0x00000bd8      0x3e0 CMakeFiles/hello_world.elf.dir/f780198d701a193bb09143685b087031/software/SDK_2_11_0_FRDM-K66F/devices/MK66F18/utilities/debug_console_lite/fsl_debug_console.c.obj
 .text.HAL_UartGetStatus
                0x00000fb8       0x22 CMakeFiles/hello_world.elf.dir/C_/Users/Jkastelic/Documents/projects/CG735/software/SDK_2_11_0_FRDM-K66F/components/uart/fsl_adapter_uart.c.obj
 *fill*         0x00000fda        0x2 
 .text.HAL_UartInit
                0x00000fdc      0x148 CMakeFiles/hello_world.elf.dir/C_/Users/Jkastelic/Documents/projects/CG735/software/SDK_2_11_0_FRDM-K66F/components/uart/fsl_adapter_uart.c.obj
                0x00000fdc                HAL_UartInit
 .text.HAL_UartReceiveBlocking
                0x00001124       0x8c CMakeFiles/hello_world.elf.dir/C_/Users/Jkastelic/Documents/projects/CG735/software/SDK_2_11_0_FRDM-K66F/components/uart/fsl_adapter_uart.c.obj
                0x00001124                HAL_UartReceiveBlocking
 .text.HAL_UartSendBlocking
                0x000011b0       0x84 CMakeFiles/hello_world.elf.dir/C_/Users/Jkastelic/Documents/projects/CG735/software/SDK_2_11_0_FRDM-K66F/components/uart/fsl_adapter_uart.c.obj
                0x000011b0                HAL_UartSendBlocking
 .text.CLOCK_SetEr32kClock
                0x00001234       0x30 CMakeFiles/hello_world.elf.dir/C_/Users/Jkastelic/Documents/projects/CG735/software/SDK_2_11_0_FRDM-K66F/devices/MK66F18/drivers/fsl_clock.c.obj
 .text.CLOCK_SetPllFllSelClock
                0x00001264       0x54 CMakeFiles/hello_world.elf.dir/C_/Users/Jkastelic/Documents/projects/CG735/software/SDK_2_11_0_FRDM-K66F/devices/MK66F18/drivers/fsl_clock.c.obj
 .text.OSC_SetExtRefClkConfig
                0x000012b8       0x40 CMakeFiles/hello_world.elf.dir/C_/Users/Jkastelic/Documents/projects/CG735/software/SDK_2_11_0_FRDM-K66F/devices/MK66F18/drivers/fsl_clock.c.obj
 .text.OSC_SetCapLoad
                0x000012f8       0x34 CMakeFiles/hello_world.elf.dir/C_/Users/Jkastelic/Documents/projects/CG735/software/SDK_2_11_0_FRDM-K66F/devices/MK66F18/drivers/fsl_clock.c.obj
 .text.CLOCK_GetMcgExtClkFreq
                0x0000132c       0x90 CMakeFiles/hello_world.elf.dir/C_/Users/Jkastelic/Documents/projects/CG735/software/SDK_2_11_0_FRDM-K66F/devices/MK66F18/drivers/fsl_clock.c.obj
 .text.CLOCK_GetFllExtRefClkFreq
                0x000013bc       0xb0 CMakeFiles/hello_world.elf.dir/C_/Users/Jkastelic/Documents/projects/CG735/software/SDK_2_11_0_FRDM-K66F/devices/MK66F18/drivers/fsl_clock.c.obj
 .text.CLOCK_GetInternalRefClkSelectFreq
                0x0000146c       0x4c CMakeFiles/hello_world.elf.dir/C_/Users/Jkastelic/Documents/projects/CG735/software/SDK_2_11_0_FRDM-K66F/devices/MK66F18/drivers/fsl_clock.c.obj
 .text.CLOCK_GetFllRefClkFreq
                0x000014b8       0x34 CMakeFiles/hello_world.elf.dir/C_/Users/Jkastelic/Documents/projects/CG735/software/SDK_2_11_0_FRDM-K66F/devices/MK66F18/drivers/fsl_clock.c.obj
 .text.CLOCK_GetPll0RefFreq
                0x000014ec        0xe CMakeFiles/hello_world.elf.dir/C_/Users/Jkastelic/Documents/projects/CG735/software/SDK_2_11_0_FRDM-K66F/devices/MK66F18/drivers/fsl_clock.c.obj
 *fill*         0x000014fa        0x2 
 .text.CLOCK_GetOscRangeFromFreq
                0x000014fc       0x3c CMakeFiles/hello_world.elf.dir/C_/Users/Jkastelic/Documents/projects/CG735/software/SDK_2_11_0_FRDM-K66F/devices/MK66F18/drivers/fsl_clock.c.obj
 .text.CLOCK_GetCoreSysClkFreq
                0x00001538       0x28 CMakeFiles/hello_world.elf.dir/C_/Users/Jkastelic/Documents/projects/CG735/software/SDK_2_11_0_FRDM-K66F/devices/MK66F18/drivers/fsl_clock.c.obj
                0x00001538                CLOCK_GetCoreSysClkFreq
 .text.CLOCK_SetSimConfig
                0x00001560       0x40 CMakeFiles/hello_world.elf.dir/C_/Users/Jkastelic/Documents/projects/CG735/software/SDK_2_11_0_FRDM-K66F/devices/MK66F18/drivers/fsl_clock.c.obj
                0x00001560                CLOCK_SetSimConfig
 .text.CLOCK_GetOutClkFreq
                0x000015a0       0x90 CMakeFiles/hello_world.elf.dir/C_/Users/Jkastelic/Documents/projects/CG735/software/SDK_2_11_0_FRDM-K66F/devices/MK66F18/drivers/fsl_clock.c.obj
                0x000015a0                CLOCK_GetOutClkFreq
 .text.CLOCK_GetFllFreq
                0x00001630       0x84 CMakeFiles/hello_world.elf.dir/C_/Users/Jkastelic/Documents/projects/CG735/software/SDK_2_11_0_FRDM-K66F/devices/MK66F18/drivers/fsl_clock.c.obj
                0x00001630                CLOCK_GetFllFreq
 .text.CLOCK_GetPll0Freq
                0x000016b4       0x8c CMakeFiles/hello_world.elf.dir/C_/Users/Jkastelic/Documents/projects/CG735/software/SDK_2_11_0_FRDM-K66F/devices/MK66F18/drivers/fsl_clock.c.obj
                0x000016b4                CLOCK_GetPll0Freq
 .text.CLOCK_GetExtPllFreq
                0x00001740       0x18 CMakeFiles/hello_world.elf.dir/C_/Users/Jkastelic/Documents/projects/CG735/software/SDK_2_11_0_FRDM-K66F/devices/MK66F18/drivers/fsl_clock.c.obj
                0x00001740                CLOCK_GetExtPllFreq
 .text.CLOCK_SetExternalRefClkConfig
                0x00001758       0x6c CMakeFiles/hello_world.elf.dir/C_/Users/Jkastelic/Documents/projects/CG735/software/SDK_2_11_0_FRDM-K66F/devices/MK66F18/drivers/fsl_clock.c.obj
                0x00001758                CLOCK_SetExternalRefClkConfig
 .text.CLOCK_SetInternalRefClkConfig
                0x000017c4      0x104 CMakeFiles/hello_world.elf.dir/C_/Users/Jkastelic/Documents/projects/CG735/software/SDK_2_11_0_FRDM-K66F/devices/MK66F18/drivers/fsl_clock.c.obj
                0x000017c4                CLOCK_SetInternalRefClkConfig
 .text.CLOCK_EnablePll0
                0x000018c8       0x98 CMakeFiles/hello_world.elf.dir/C_/Users/Jkastelic/Documents/projects/CG735/software/SDK_2_11_0_FRDM-K66F/devices/MK66F18/drivers/fsl_clock.c.obj
                0x000018c8                CLOCK_EnablePll0
 .text.CLOCK_InitOsc0
                0x00001960       0x8c CMakeFiles/hello_world.elf.dir/C_/Users/Jkastelic/Documents/projects/CG735/software/SDK_2_11_0_FRDM-K66F/devices/MK66F18/drivers/fsl_clock.c.obj
                0x00001960                CLOCK_InitOsc0
 .text.CLOCK_SetPbeMode
                0x000019ec       0xf8 CMakeFiles/hello_world.elf.dir/C_/Users/Jkastelic/Documents/projects/CG735/software/SDK_2_11_0_FRDM-K66F/devices/MK66F18/drivers/fsl_clock.c.obj
                0x000019ec                CLOCK_SetPbeMode
 .text.CLOCK_BootToPeeMode
                0x00001ae4       0x78 CMakeFiles/hello_world.elf.dir/C_/Users/Jkastelic/Documents/projects/CG735/software/SDK_2_11_0_FRDM-K66F/devices/MK66F18/drivers/fsl_clock.c.obj
                0x00001ae4                CLOCK_BootToPeeMode
 .text.CLOCK_EnableClock
                0x00001b5c       0x34 CMakeFiles/hello_world.elf.dir/C_/Users/Jkastelic/Documents/projects/CG735/software/SDK_2_11_0_FRDM-K66F/devices/MK66F18/drivers/fsl_uart.c.obj
 .text.UART_GetInstance
                0x00001b90       0x60 CMakeFiles/hello_world.elf.dir/C_/Users/Jkastelic/Documents/projects/CG735/software/SDK_2_11_0_FRDM-K66F/devices/MK66F18/drivers/fsl_uart.c.obj
                0x00001b90                UART_GetInstance
 .text.UART_Init
                0x00001bf0      0x314 CMakeFiles/hello_world.elf.dir/C_/Users/Jkastelic/Documents/projects/CG735/software/SDK_2_11_0_FRDM-K66F/devices/MK66F18/drivers/fsl_uart.c.obj
                0x00001bf0                UART_Init
 .text.UART_GetDefaultConfig
                0x00001f04       0x78 CMakeFiles/hello_world.elf.dir/C_/Users/Jkastelic/Documents/projects/CG735/software/SDK_2_11_0_FRDM-K66F/devices/MK66F18/drivers/fsl_uart.c.obj
                0x00001f04                UART_GetDefaultConfig
 .text.UART_GetStatusFlags
                0x00001f7c       0x48 CMakeFiles/hello_world.elf.dir/C_/Users/Jkastelic/Documents/projects/CG735/software/SDK_2_11_0_FRDM-K66F/devices/MK66F18/drivers/fsl_uart.c.obj
                0x00001f7c                UART_GetStatusFlags
 .text.UART_ClearStatusFlags
                0x00001fc4       0x80 CMakeFiles/hello_world.elf.dir/C_/Users/Jkastelic/Documents/projects/CG735/software/SDK_2_11_0_FRDM-K66F/devices/MK66F18/drivers/fsl_uart.c.obj
                0x00001fc4                UART_ClearStatusFlags
 .text.UART_WriteBlocking
                0x00002044       0x50 CMakeFiles/hello_world.elf.dir/C_/Users/Jkastelic/Documents/projects/CG735/software/SDK_2_11_0_FRDM-K66F/devices/MK66F18/drivers/fsl_uart.c.obj
                0x00002044                UART_WriteBlocking
 .text.UART_ReadBlocking
                0x00002094      0x10c CMakeFiles/hello_world.elf.dir/C_/Users/Jkastelic/Documents/projects/CG735/software/SDK_2_11_0_FRDM-K66F/devices/MK66F18/drivers/fsl_uart.c.obj
                0x00002094                UART_ReadBlocking
 .text.UART0_DriverIRQHandler
                0x000021a0       0x28 CMakeFiles/hello_world.elf.dir/C_/Users/Jkastelic/Documents/projects/CG735/software/SDK_2_11_0_FRDM-K66F/devices/MK66F18/drivers/fsl_uart.c.obj
                0x000021a0                UART0_DriverIRQHandler
 .text.UART0_RX_TX_DriverIRQHandler
                0x000021c8       0x12 CMakeFiles/hello_world.elf.dir/C_/Users/Jkastelic/Documents/projects/CG735/software/SDK_2_11_0_FRDM-K66F/devices/MK66F18/drivers/fsl_uart.c.obj
                0x000021c8                UART0_RX_TX_DriverIRQHandler
 *fill*         0x000021da        0x2 
 .text.UART1_DriverIRQHandler
                0x000021dc       0x28 CMakeFiles/hello_world.elf.dir/C_/Users/Jkastelic/Documents/projects/CG735/software/SDK_2_11_0_FRDM-K66F/devices/MK66F18/drivers/fsl_uart.c.obj
                0x000021dc                UART1_DriverIRQHandler
 .text.UART1_RX_TX_DriverIRQHandler
                0x00002204       0x12 CMakeFiles/hello_world.elf.dir/C_/Users/Jkastelic/Documents/projects/CG735/software/SDK_2_11_0_FRDM-K66F/devices/MK66F18/drivers/fsl_uart.c.obj
                0x00002204                UART1_RX_TX_DriverIRQHandler
 *fill*         0x00002216        0x2 
 .text.UART2_DriverIRQHandler
                0x00002218       0x28 CMakeFiles/hello_world.elf.dir/C_/Users/Jkastelic/Documents/projects/CG735/software/SDK_2_11_0_FRDM-K66F/devices/MK66F18/drivers/fsl_uart.c.obj
                0x00002218                UART2_DriverIRQHandler
 .text.UART2_RX_TX_DriverIRQHandler
                0x00002240       0x12 CMakeFiles/hello_world.elf.dir/C_/Users/Jkastelic/Documents/projects/CG735/software/SDK_2_11_0_FRDM-K66F/devices/MK66F18/drivers/fsl_uart.c.obj
                0x00002240                UART2_RX_TX_DriverIRQHandler
 *fill*         0x00002252        0x2 
 .text.UART3_DriverIRQHandler
                0x00002254       0x28 CMakeFiles/hello_world.elf.dir/C_/Users/Jkastelic/Documents/projects/CG735/software/SDK_2_11_0_FRDM-K66F/devices/MK66F18/drivers/fsl_uart.c.obj
                0x00002254                UART3_DriverIRQHandler
 .text.UART3_RX_TX_DriverIRQHandler
                0x0000227c       0x12 CMakeFiles/hello_world.elf.dir/C_/Users/Jkastelic/Documents/projects/CG735/software/SDK_2_11_0_FRDM-K66F/devices/MK66F18/drivers/fsl_uart.c.obj
                0x0000227c                UART3_RX_TX_DriverIRQHandler
 *fill*         0x0000228e        0x2 
 .text.UART4_DriverIRQHandler
                0x00002290       0x28 CMakeFiles/hello_world.elf.dir/C_/Users/Jkastelic/Documents/projects/CG735/software/SDK_2_11_0_FRDM-K66F/devices/MK66F18/drivers/fsl_uart.c.obj
                0x00002290                UART4_DriverIRQHandler
 .text.UART4_RX_TX_DriverIRQHandler
                0x000022b8       0x12 CMakeFiles/hello_world.elf.dir/C_/Users/Jkastelic/Documents/projects/CG735/software/SDK_2_11_0_FRDM-K66F/devices/MK66F18/drivers/fsl_uart.c.obj
                0x000022b8                UART4_RX_TX_DriverIRQHandler
 *fill*         0x000022ca        0x2 
 .text.__assert_func
                0x000022cc       0x28 CMakeFiles/hello_world.elf.dir/743d22711700072977d70b165449871f/CG735/software/SDK_2_11_0_FRDM-K66F/devices/MK66F18/utilities/debug_console_lite/fsl_assert.c.obj
                0x000022cc                __assert_func
 .text.SystemInit
                0x000022f4       0x3c CMakeFiles/hello_world.elf.dir/C_/Users/Jkastelic/Documents/projects/CG735/software/SDK_2_11_0_FRDM-K66F/devices/MK66F18/system_MK66F18.c.obj
                0x000022f4                SystemInit
 .text.SystemInitHook
                0x00002330        0xe CMakeFiles/hello_world.elf.dir/C_/Users/Jkastelic/Documents/projects/CG735/software/SDK_2_11_0_FRDM-K66F/devices/MK66F18/system_MK66F18.c.obj
                0x00002330                SystemInitHook
 *fill*         0x0000233e        0x2 
 .text.LPUART0_DriverIRQHandler
                0x00002340       0x28 CMakeFiles/hello_world.elf.dir/C_/Users/Jkastelic/Documents/projects/CG735/software/SDK_2_11_0_FRDM-K66F/devices/MK66F18/drivers/fsl_lpuart.c.obj
                0x00002340                LPUART0_DriverIRQHandler
 .text.exit     0x00002368       0x24 c:/progra~2/armgnu~1/125863~1.3re/bin/../lib/gcc/arm-none-eabi/12.3.1/thumb/v7e-m+fp/hard\libc_nano.a(libc_a-exit.o)
                0x00002368                exit
 .text.memset   0x0000238c       0x10 c:/progra~2/armgnu~1/125863~1.3re/bin/../lib/gcc/arm-none-eabi/12.3.1/thumb/v7e-m+fp/hard\libc_nano.a(libc_a-memset.o)
                0x0000238c                memset
 .text.__libc_init_array
                0x0000239c       0x48 c:/progra~2/armgnu~1/125863~1.3re/bin/../lib/gcc/arm-none-eabi/12.3.1/thumb/v7e-m+fp/hard\libc_nano.a(libc_a-init.o)
                0x0000239c                __libc_init_array
 .text.memcpy   0x000023e4       0x1c c:/progra~2/armgnu~1/125863~1.3re/bin/../lib/gcc/arm-none-eabi/12.3.1/thumb/v7e-m+fp/hard\libc_nano.a(libc_a-memcpy-stub.o)
                0x000023e4                memcpy
 .text._exit    0x00002400        0x4 c:/progra~2/armgnu~1/125863~1.3re/bin/../lib/gcc/arm-none-eabi/12.3.1/thumb/v7e-m+fp/hard\libnosys.a(_exit.o)
                0x00002400                _exit
 *(.rodata)
 .rodata        0x00002404        0xf CMakeFiles/hello_world.elf.dir/C_/Users/Jkastelic/Documents/projects/CG735/software/K66_tutorial/2_hello_world/hello_world.c.obj
 *fill*         0x00002413        0x1 
 .rodata        0x00002414       0xfb CMakeFiles/hello_world.elf.dir/C_/Users/Jkastelic/Documents/projects/CG735/software/SDK_2_11_0_FRDM-K66F/components/uart/fsl_adapter_uart.c.obj
 *fill*         0x0000250f        0x1 
 .rodata        0x00002510      0x16e CMakeFiles/hello_world.elf.dir/C_/Users/Jkastelic/Documents/projects/CG735/software/SDK_2_11_0_FRDM-K66F/devices/MK66F18/drivers/fsl_clock.c.obj
 *fill*         0x0000267e        0x2 
 .rodata        0x00002680      0x21a CMakeFiles/hello_world.elf.dir/C_/Users/Jkastelic/Documents/projects/CG735/software/SDK_2_11_0_FRDM-K66F/devices/MK66F18/drivers/fsl_uart.c.obj
 *fill*         0x0000289a        0x2 
 .rodata        0x0000289c       0x3e CMakeFiles/hello_world.elf.dir/743d22711700072977d70b165449871f/CG735/software/SDK_2_11_0_FRDM-K66F/devices/MK66F18/utilities/debug_console_lite/fsl_assert.c.obj
 *(.rodata*)
 *fill*         0x000028da        0x2 
 .rodata.mcgConfig_BOARD_BootClockRUN
                0x000028dc        0xc CMakeFiles/hello_world.elf.dir/C_/Users/Jkastelic/Documents/projects/CG735/software/K66_tutorial/2_hello_world/board/clock_config.c.obj
                0x000028dc                mcgConfig_BOARD_BootClockRUN
 .rodata.simConfig_BOARD_BootClockRUN
                0x000028e8        0x8 CMakeFiles/hello_world.elf.dir/C_/Users/Jkastelic/Documents/projects/CG735/software/K66_tutorial/2_hello_world/board/clock_config.c.obj
                0x000028e8                simConfig_BOARD_BootClockRUN
 .rodata.oscConfig_BOARD_BootClockRUN
                0x000028f0        0x8 CMakeFiles/hello_world.elf.dir/C_/Users/Jkastelic/Documents/projects/CG735/software/K66_tutorial/2_hello_world/board/clock_config.c.obj
                0x000028f0                oscConfig_BOARD_BootClockRUN
 .rodata.s_UartAdapterBase
                0x000028f8       0x14 CMakeFiles/hello_world.elf.dir/C_/Users/Jkastelic/Documents/projects/CG735/software/SDK_2_11_0_FRDM-K66F/components/uart/fsl_adapter_uart.c.obj
 .rodata.__func__.5
                0x0000290c        0xd CMakeFiles/hello_world.elf.dir/C_/Users/Jkastelic/Documents/projects/CG735/software/SDK_2_11_0_FRDM-K66F/components/uart/fsl_adapter_uart.c.obj
 *fill*         0x00002919        0x3 
 .rodata.__func__.3
                0x0000291c       0x18 CMakeFiles/hello_world.elf.dir/C_/Users/Jkastelic/Documents/projects/CG735/software/SDK_2_11_0_FRDM-K66F/components/uart/fsl_adapter_uart.c.obj
 .rodata.__func__.2
                0x00002934       0x15 CMakeFiles/hello_world.elf.dir/C_/Users/Jkastelic/Documents/projects/CG735/software/SDK_2_11_0_FRDM-K66F/components/uart/fsl_adapter_uart.c.obj
 *fill*         0x00002949        0x3 
 .rodata.__func__.13
                0x0000294c       0x17 CMakeFiles/hello_world.elf.dir/C_/Users/Jkastelic/Documents/projects/CG735/software/SDK_2_11_0_FRDM-K66F/devices/MK66F18/drivers/fsl_clock.c.obj
 *fill*         0x00002963        0x1 
 .rodata.fllFactorTable.6
                0x00002964       0x10 CMakeFiles/hello_world.elf.dir/C_/Users/Jkastelic/Documents/projects/CG735/software/SDK_2_11_0_FRDM-K66F/devices/MK66F18/drivers/fsl_clock.c.obj
 .rodata.__func__.5
                0x00002974       0x12 CMakeFiles/hello_world.elf.dir/C_/Users/Jkastelic/Documents/projects/CG735/software/SDK_2_11_0_FRDM-K66F/devices/MK66F18/drivers/fsl_clock.c.obj
 *fill*         0x00002986        0x2 
 .rodata.__func__.4
                0x00002988       0x11 CMakeFiles/hello_world.elf.dir/C_/Users/Jkastelic/Documents/projects/CG735/software/SDK_2_11_0_FRDM-K66F/devices/MK66F18/drivers/fsl_clock.c.obj
 *fill*         0x00002999        0x3 
 .rodata.__func__.2
                0x0000299c       0x11 CMakeFiles/hello_world.elf.dir/C_/Users/Jkastelic/Documents/projects/CG735/software/SDK_2_11_0_FRDM-K66F/devices/MK66F18/drivers/fsl_clock.c.obj
 *fill*         0x000029ad        0x3 
 .rodata.__func__.1
                0x000029b0       0x14 CMakeFiles/hello_world.elf.dir/C_/Users/Jkastelic/Documents/projects/CG735/software/SDK_2_11_0_FRDM-K66F/devices/MK66F18/drivers/fsl_clock.c.obj
 .rodata.s_uartBases
                0x000029c4       0x14 CMakeFiles/hello_world.elf.dir/C_/Users/Jkastelic/Documents/projects/CG735/software/SDK_2_11_0_FRDM-K66F/devices/MK66F18/drivers/fsl_uart.c.obj
 .rodata.s_uartClock
                0x000029d8       0x14 CMakeFiles/hello_world.elf.dir/C_/Users/Jkastelic/Documents/projects/CG735/software/SDK_2_11_0_FRDM-K66F/devices/MK66F18/drivers/fsl_uart.c.obj
 .rodata.__func__.20
                0x000029ec       0x11 CMakeFiles/hello_world.elf.dir/C_/Users/Jkastelic/Documents/projects/CG735/software/SDK_2_11_0_FRDM-K66F/devices/MK66F18/drivers/fsl_uart.c.obj
 *fill*         0x000029fd        0x3 
 .rodata.__func__.17
                0x00002a00        0xa CMakeFiles/hello_world.elf.dir/C_/Users/Jkastelic/Documents/projects/CG735/software/SDK_2_11_0_FRDM-K66F/devices/MK66F18/drivers/fsl_uart.c.obj
 *fill*         0x00002a0a        0x2 
 .rodata.__func__.16
                0x00002a0c       0x16 CMakeFiles/hello_world.elf.dir/C_/Users/Jkastelic/Documents/projects/CG735/software/SDK_2_11_0_FRDM-K66F/devices/MK66F18/drivers/fsl_uart.c.obj
 *fill*         0x00002a22        0x2 
 .rodata.__func__.11
                0x00002a24       0x12 CMakeFiles/hello_world.elf.dir/C_/Users/Jkastelic/Documents/projects/CG735/software/SDK_2_11_0_FRDM-K66F/devices/MK66F18/drivers/fsl_uart.c.obj
 *(.glue_7)
 .glue_7        0x00002a36        0x0 linker stubs
 *(.glue_7t)
 .glue_7t       0x00002a36        0x0 linker stubs
 *(.eh_frame)
 *fill*         0x00002a36        0x2 
 .eh_frame      0x00002a38        0x0 c:/progra~2/armgnu~1/125863~1.3re/bin/../lib/gcc/arm-none-eabi/12.3.1/thumb/v7e-m+fp/hard/crtbegin.o
 *(.init)
 .init          0x00002a38        0x4 c:/progra~2/armgnu~1/125863~1.3re/bin/../lib/gcc/arm-none-eabi/12.3.1/thumb/v7e-m+fp/hard/crti.o
                0x00002a38                _init
 .init          0x00002a3c        0x8 c:/progra~2/armgnu~1/125863~1.3re/bin/../lib/gcc/arm-none-eabi/12.3.1/thumb/v7e-m+fp/hard/crtn.o
 *(.fini)
 .fini          0x00002a44        0x4 c:/progra~2/armgnu~1/125863~1.3re/bin/../lib/gcc/arm-none-eabi/12.3.1/thumb/v7e-m+fp/hard/crti.o
                0x00002a44                _fini
 .fini          0x00002a48        0x8 c:/progra~2/armgnu~1/125863~1.3re/bin/../lib/gcc/arm-none-eabi/12.3.1/thumb/v7e-m+fp/hard/crtn.o
                0x00002a50                        . = ALIGN (0x4)

.vfp11_veneer   0x00002a50        0x0
 .vfp11_veneer  0x00002a50        0x0 linker stubs

.v4_bx          0x00002a50        0x0
 .v4_bx         0x00002a50        0x0 linker stubs

.iplt           0x00002a50        0x0
 .iplt          0x00002a50        0x0 c:/progra~2/armgnu~1/125863~1.3re/bin/../lib/gcc/arm-none-eabi/12.3.1/thumb/v7e-m+fp/hard/crtbegin.o

.ARM.extab
 *(.ARM.extab* .gnu.linkonce.armextab.*)

.ARM            0x00002a50        0x8
                0x00002a50                        __exidx_start = .
 *(.ARM.exidx*)
 .ARM.exidx     0x00002a50        0x8 c:/progra~2/armgnu~1/125863~1.3re/bin/../lib/gcc/arm-none-eabi/12.3.1/thumb/v7e-m+fp/hard/crt0.o
                                 0x10 (size before relaxing)
 .ARM.exidx     0x00002a58        0x0 c:/progra~2/armgnu~1/125863~1.3re/bin/../lib/gcc/arm-none-eabi/12.3.1/thumb/v7e-m+fp/hard\libc_nano.a(libc_a-strlen.o)
                                  0x8 (size before relaxing)
                0x00002a58                        __exidx_end = .

.rel.dyn        0x00002a58        0x0
 .rel.iplt      0x00002a58        0x0 c:/progra~2/armgnu~1/125863~1.3re/bin/../lib/gcc/arm-none-eabi/12.3.1/thumb/v7e-m+fp/hard/crtbegin.o

.ctors          0x00002a58        0x0
                0x00002a58                        __CTOR_LIST__ = .
 *crtbegin.o(.ctors)
 *crtbegin?.o(.ctors)
 *(EXCLUDE_FILE(*crtend.o *crtend?.o) .ctors)
 *(SORT_BY_NAME(.ctors.*))
 *(.ctors)
                0x00002a58                        __CTOR_END__ = .

.dtors          0x00002a58        0x0
                0x00002a58                        __DTOR_LIST__ = .
 *crtbegin.o(.dtors)
 *crtbegin?.o(.dtors)
 *(EXCLUDE_FILE(*crtend.o *crtend?.o) .dtors)
 *(SORT_BY_NAME(.dtors.*))
 *(.dtors)
                0x00002a58                        __DTOR_END__ = .

.preinit_array  0x00002a58        0x0
                0x00002a58                        PROVIDE (__preinit_array_start = .)
 *(.preinit_array*)
                0x00002a58                        PROVIDE (__preinit_array_end = .)

.init_array     0x00002a58        0x4
                0x00002a58                        PROVIDE (__init_array_start = .)
 *(SORT_BY_NAME(.init_array.*))
 *(.init_array*)
 .init_array    0x00002a58        0x4 c:/progra~2/armgnu~1/125863~1.3re/bin/../lib/gcc/arm-none-eabi/12.3.1/thumb/v7e-m+fp/hard/crtbegin.o
                0x00002a5c                        PROVIDE (__init_array_end = .)

.fini_array     0x00002a5c        0x4
                [!provide]                        PROVIDE (__fini_array_start = .)
 *(SORT_BY_NAME(.fini_array.*))
 *(.fini_array*)
 .fini_array    0x00002a5c        0x4 c:/progra~2/armgnu~1/125863~1.3re/bin/../lib/gcc/arm-none-eabi/12.3.1/thumb/v7e-m+fp/hard/crtbegin.o
                [!provide]                        PROVIDE (__fini_array_end = .)
                0x00002a60                        __etext = .
                0x00002a60                        __DATA_ROM = .

.data           0x1fff0000        0xc load address 0x00002a60
                0x1fff0000                        . = ALIGN (0x4)
                0x1fff0000                        __DATA_RAM = .
                0x1fff0000                        __data_start__ = .
 *(.data)
 *(.data*)
 .data.s_slowIrcFreq
                0x1fff0000        0x4 CMakeFiles/hello_world.elf.dir/C_/Users/Jkastelic/Documents/projects/CG735/software/SDK_2_11_0_FRDM-K66F/devices/MK66F18/drivers/fsl_clock.c.obj
 .data.s_fastIrcFreq
                0x1fff0004        0x4 CMakeFiles/hello_world.elf.dir/C_/Users/Jkastelic/Documents/projects/CG735/software/SDK_2_11_0_FRDM-K66F/devices/MK66F18/drivers/fsl_clock.c.obj
 .data.SystemCoreClock
                0x1fff0008        0x4 CMakeFiles/hello_world.elf.dir/C_/Users/Jkastelic/Documents/projects/CG735/software/SDK_2_11_0_FRDM-K66F/devices/MK66F18/system_MK66F18.c.obj
                0x1fff0008                SystemCoreClock
 *(NonCacheable.init)
 *(NonCacheable)
 *(CodeQuickAccess)
 *(DataQuickAccess)
 *(.jcr*)
                0x1fff000c                        . = ALIGN (0x4)
                0x1fff000c                        __data_end__ = .
                0x00002a6c                        __NDATA_ROM = (__DATA_ROM + (__data_end__ - __data_start__))

.tm_clone_table
                0x1fff000c        0x0 load address 0x00002a6c
 .tm_clone_table
                0x1fff000c        0x0 c:/progra~2/armgnu~1/125863~1.3re/bin/../lib/gcc/arm-none-eabi/12.3.1/thumb/v7e-m+fp/hard/crtbegin.o
 .tm_clone_table
                0x1fff000c        0x0 c:/progra~2/armgnu~1/125863~1.3re/bin/../lib/gcc/arm-none-eabi/12.3.1/thumb/v7e-m+fp/hard/crtend.o

.igot.plt       0x1fff000c        0x0 load address 0x00002a6c
 .igot.plt      0x1fff000c        0x0 c:/progra~2/armgnu~1/125863~1.3re/bin/../lib/gcc/arm-none-eabi/12.3.1/thumb/v7e-m+fp/hard/crtbegin.o

.ncache.init    0x1fff000c        0x0 load address 0x00002a6c
                0x1fff000c                        __noncachedata_start__ = .
 *(NonCacheable.init)
                0x1fff000c                        . = ALIGN (0x4)
                0x1fff000c                        __noncachedata_init_end__ = .
                0x1fff000c                        . = __noncachedata_init_end__

.ncache         0x1fff000c        0x0
 *(NonCacheable)
                0x1fff000c                        . = ALIGN (0x4)
                0x1fff000c                        __noncachedata_end__ = .
                0x00002a6c                        __DATA_END = (__NDATA_ROM + (__noncachedata_init_end__ - __noncachedata_start__))
                0x00200000                        text_end = (ORIGIN (m_text) + LENGTH (m_text))
                0x00000001                        ASSERT ((__DATA_END <= text_end), region m_text overflowed with text and data)

.bss            0x1fff000c       0x60 load address 0x00002a6c
                0x1fff000c                        . = ALIGN (0x4)
                0x1fff000c                        __START_BSS = .
                0x1fff000c                        __bss_start__ = .
 *(.bss)
 *(.bss*)
 .bss.completed.1
                0x1fff000c        0x1 c:/progra~2/armgnu~1/125863~1.3re/bin/../lib/gcc/arm-none-eabi/12.3.1/thumb/v7e-m+fp/hard/crtbegin.o
 *fill*         0x1fff000d        0x3 
 .bss.object.0  0x1fff0010       0x18 c:/progra~2/armgnu~1/125863~1.3re/bin/../lib/gcc/arm-none-eabi/12.3.1/thumb/v7e-m+fp/hard/crtbegin.o
 .bss.s_debugConsole
                0x1fff0028       0x14 CMakeFiles/hello_world.elf.dir/f780198d701a193bb09143685b087031/software/SDK_2_11_0_FRDM-K66F/devices/MK66F18/utilities/debug_console_lite/fsl_debug_console.c.obj
 .bss.s_extPllFreq
                0x1fff003c        0x4 CMakeFiles/hello_world.elf.dir/C_/Users/Jkastelic/Documents/projects/CG735/software/SDK_2_11_0_FRDM-K66F/devices/MK66F18/drivers/fsl_clock.c.obj
 .bss.g_xtal0Freq
                0x1fff0040        0x4 CMakeFiles/hello_world.elf.dir/C_/Users/Jkastelic/Documents/projects/CG735/software/SDK_2_11_0_FRDM-K66F/devices/MK66F18/drivers/fsl_clock.c.obj
                0x1fff0040                g_xtal0Freq
 .bss.g_xtal32Freq
                0x1fff0044        0x4 CMakeFiles/hello_world.elf.dir/C_/Users/Jkastelic/Documents/projects/CG735/software/SDK_2_11_0_FRDM-K66F/devices/MK66F18/drivers/fsl_clock.c.obj
                0x1fff0044                g_xtal32Freq
 .bss.s_uartHandle
                0x1fff0048       0x14 CMakeFiles/hello_world.elf.dir/C_/Users/Jkastelic/Documents/projects/CG735/software/SDK_2_11_0_FRDM-K66F/devices/MK66F18/drivers/fsl_uart.c.obj
                0x1fff0048                s_uartHandle
 .bss.s_uartIsr
                0x1fff005c        0x4 CMakeFiles/hello_world.elf.dir/C_/Users/Jkastelic/Documents/projects/CG735/software/SDK_2_11_0_FRDM-K66F/devices/MK66F18/drivers/fsl_uart.c.obj
                0x1fff005c                s_uartIsr
 .bss.s_lpuartHandle
                0x1fff0060        0x4 CMakeFiles/hello_world.elf.dir/C_/Users/Jkastelic/Documents/projects/CG735/software/SDK_2_11_0_FRDM-K66F/devices/MK66F18/drivers/fsl_lpuart.c.obj
                0x1fff0060                s_lpuartHandle
 .bss.s_lpuartIsr
                0x1fff0064        0x4 CMakeFiles/hello_world.elf.dir/C_/Users/Jkastelic/Documents/projects/CG735/software/SDK_2_11_0_FRDM-K66F/devices/MK66F18/drivers/fsl_lpuart.c.obj
                0x1fff0064                s_lpuartIsr
 .bss.__stdio_exit_handler
                0x1fff0068        0x4 c:/progra~2/armgnu~1/125863~1.3re/bin/../lib/gcc/arm-none-eabi/12.3.1/thumb/v7e-m+fp/hard\libc_nano.a(libc_a-findfp.o)
                0x1fff0068                __stdio_exit_handler
 *(COMMON)
                0x1fff006c                        . = ALIGN (0x4)
                0x1fff006c                        __bss_end__ = .
                0x1fff006c                        __END_BSS = .

.heap           0x20000000      0x400
                0x20000000                        . = ALIGN (0x8)
                0x20000000                        __end__ = .
                0x20000000                        PROVIDE (end = .)
                0x20000000                        __HeapBase = .
                0x20000400                        . = (. + HEAP_SIZE)
 *fill*         0x20000000      0x400 
                0x20000400                        __HeapLimit = .
                0x20000400                        __heap_limit = .

.stack          0x20000400      0x400
                0x20000400                        . = ALIGN (0x8)
                0x20000800                        . = (. + STACK_SIZE)
 *fill*         0x20000400      0x400 
                0x20030000                        __StackTop = (ORIGIN (m_data_2) + LENGTH (m_data_2))
                0x2002fc00                        __StackLimit = (__StackTop - STACK_SIZE)
                0x20030000                        PROVIDE (__stack = __StackTop)

.ARM.attributes
                0x00000000       0x30
 *(.ARM.attributes)
 .ARM.attributes
                0x00000000       0x22 c:/progra~2/armgnu~1/125863~1.3re/bin/../lib/gcc/arm-none-eabi/12.3.1/thumb/v7e-m+fp/hard/crti.o
 .ARM.attributes
                0x00000022       0x34 c:/progra~2/armgnu~1/125863~1.3re/bin/../lib/gcc/arm-none-eabi/12.3.1/thumb/v7e-m+fp/hard/crtbegin.o
 .ARM.attributes
                0x00000056       0x20 c:/progra~2/armgnu~1/125863~1.3re/bin/../lib/gcc/arm-none-eabi/12.3.1/thumb/v7e-m+fp/hard/crt0.o
 .ARM.attributes
                0x00000076       0x34 CMakeFiles/hello_world.elf.dir/C_/Users/Jkastelic/Documents/projects/CG735/software/K66_tutorial/2_hello_world/hello_world.c.obj
 .ARM.attributes
                0x000000aa       0x34 CMakeFiles/hello_world.elf.dir/C_/Users/Jkastelic/Documents/projects/CG735/software/K66_tutorial/2_hello_world/board/board.c.obj
 .ARM.attributes
                0x000000de       0x34 CMakeFiles/hello_world.elf.dir/C_/Users/Jkastelic/Documents/projects/CG735/software/K66_tutorial/2_hello_world/board/pin_mux.c.obj
 .ARM.attributes
                0x00000112       0x34 CMakeFiles/hello_world.elf.dir/C_/Users/Jkastelic/Documents/projects/CG735/software/K66_tutorial/2_hello_world/board/clock_config.c.obj
 .ARM.attributes
                0x00000146       0x34 CMakeFiles/hello_world.elf.dir/f780198d701a193bb09143685b087031/software/SDK_2_11_0_FRDM-K66F/devices/MK66F18/utilities/debug_console_lite/fsl_debug_console.c.obj
 .ARM.attributes
                0x0000017a       0x34 CMakeFiles/hello_world.elf.dir/C_/Users/Jkastelic/Documents/projects/CG735/software/SDK_2_11_0_FRDM-K66F/components/uart/fsl_adapter_uart.c.obj
 .ARM.attributes
                0x000001ae       0x34 CMakeFiles/hello_world.elf.dir/C_/Users/Jkastelic/Documents/projects/CG735/software/SDK_2_11_0_FRDM-K66F/devices/MK66F18/drivers/fsl_clock.c.obj
 .ARM.attributes
                0x000001e2       0x34 CMakeFiles/hello_world.elf.dir/C_/Users/Jkastelic/Documents/projects/CG735/software/SDK_2_11_0_FRDM-K66F/devices/MK66F18/drivers/fsl_uart.c.obj
 .ARM.attributes
                0x00000216       0x34 CMakeFiles/hello_world.elf.dir/743d22711700072977d70b165449871f/CG735/software/SDK_2_11_0_FRDM-K66F/devices/MK66F18/utilities/debug_console_lite/fsl_assert.c.obj
 .ARM.attributes
                0x0000024a       0x1f CMakeFiles/hello_world.elf.dir/C_/Users/Jkastelic/Documents/projects/CG735/software/SDK_2_11_0_FRDM-K66F/devices/MK66F18/gcc/startup_MK66F18.S.obj
 .ARM.attributes
                0x00000269       0x34 CMakeFiles/hello_world.elf.dir/C_/Users/Jkastelic/Documents/projects/CG735/software/SDK_2_11_0_FRDM-K66F/devices/MK66F18/system_MK66F18.c.obj
 .ARM.attributes
                0x0000029d       0x34 CMakeFiles/hello_world.elf.dir/C_/Users/Jkastelic/Documents/projects/CG735/software/SDK_2_11_0_FRDM-K66F/devices/MK66F18/drivers/fsl_lpuart.c.obj
 .ARM.attributes
                0x000002d1       0x34 c:/progra~2/armgnu~1/125863~1.3re/bin/../lib/gcc/arm-none-eabi/12.3.1/thumb/v7e-m+fp/hard\libc_nano.a(libc_a-exit.o)
 .ARM.attributes
                0x00000305       0x34 c:/progra~2/armgnu~1/125863~1.3re/bin/../lib/gcc/arm-none-eabi/12.3.1/thumb/v7e-m+fp/hard\libc_nano.a(libc_a-findfp.o)
 .ARM.attributes
                0x00000339       0x34 c:/progra~2/armgnu~1/125863~1.3re/bin/../lib/gcc/arm-none-eabi/12.3.1/thumb/v7e-m+fp/hard\libc_nano.a(libc_a-memset.o)
 .ARM.attributes
                0x0000036d       0x34 c:/progra~2/armgnu~1/125863~1.3re/bin/../lib/gcc/arm-none-eabi/12.3.1/thumb/v7e-m+fp/hard\libc_nano.a(libc_a-init.o)
 .ARM.attributes
                0x000003a1       0x34 c:/progra~2/armgnu~1/125863~1.3re/bin/../lib/gcc/arm-none-eabi/12.3.1/thumb/v7e-m+fp/hard\libc_nano.a(libc_a-memcpy-stub.o)
 .ARM.attributes
                0x000003d5       0x17 c:/progra~2/armgnu~1/125863~1.3re/bin/../lib/gcc/arm-none-eabi/12.3.1/thumb/v7e-m+fp/hard\libc_nano.a(libc_a-strlen.o)
 .ARM.attributes
                0x000003ec       0x34 c:/progra~2/armgnu~1/125863~1.3re/bin/../lib/gcc/arm-none-eabi/12.3.1/thumb/v7e-m+fp/hard\libnosys.a(_exit.o)
 .ARM.attributes
                0x00000420       0x34 c:/progra~2/armgnu~1/125863~1.3re/bin/../lib/gcc/arm-none-eabi/12.3.1/thumb/v7e-m+fp/hard/crtend.o
 .ARM.attributes
                0x00000454       0x22 c:/progra~2/armgnu~1/125863~1.3re/bin/../lib/gcc/arm-none-eabi/12.3.1/thumb/v7e-m+fp/hard/crtn.o
                0x00000001                        ASSERT ((__StackLimit >= __HeapLimit), region m_data_2 overflowed with stack and heap)
OUTPUT(debug\hello_world.elf elf32-littlearm)
LOAD linker stubs

.debug_line_str
                0x00000000      0x288
 .debug_line_str
                0x00000000       0xd6 c:/progra~2/armgnu~1/125863~1.3re/bin/../lib/gcc/arm-none-eabi/12.3.1/thumb/v7e-m+fp/hard/crt0.o
 .debug_line_str
                0x000000d6       0xc7 CMakeFiles/hello_world.elf.dir/C_/Users/Jkastelic/Documents/projects/CG735/software/SDK_2_11_0_FRDM-K66F/devices/MK66F18/gcc/startup_MK66F18.S.obj
 .debug_line_str
                0x0000019d       0xeb c:/progra~2/armgnu~1/125863~1.3re/bin/../lib/gcc/arm-none-eabi/12.3.1/thumb/v7e-m+fp/hard\libc_nano.a(libc_a-strlen.o)

.debug_info     0x00000000     0xae7c
 .debug_info    0x00000000       0xee CMakeFiles/hello_world.elf.dir/C_/Users/Jkastelic/Documents/projects/CG735/software/K66_tutorial/2_hello_world/hello_world.c.obj
 .debug_info    0x000000ee      0x123 CMakeFiles/hello_world.elf.dir/C_/Users/Jkastelic/Documents/projects/CG735/software/K66_tutorial/2_hello_world/board/board.c.obj
 .debug_info    0x00000211      0x69b CMakeFiles/hello_world.elf.dir/C_/Users/Jkastelic/Documents/projects/CG735/software/K66_tutorial/2_hello_world/board/pin_mux.c.obj
 .debug_info    0x000008ac      0xd89 CMakeFiles/hello_world.elf.dir/C_/Users/Jkastelic/Documents/projects/CG735/software/K66_tutorial/2_hello_world/board/clock_config.c.obj
 .debug_info    0x00001635      0xcfe CMakeFiles/hello_world.elf.dir/f780198d701a193bb09143685b087031/software/SDK_2_11_0_FRDM-K66F/devices/MK66F18/utilities/debug_console_lite/fsl_debug_console.c.obj
 .debug_info    0x00002333      0xc45 CMakeFiles/hello_world.elf.dir/C_/Users/Jkastelic/Documents/projects/CG735/software/SDK_2_11_0_FRDM-K66F/components/uart/fsl_adapter_uart.c.obj
 .debug_info    0x00002f78     0x29fe CMakeFiles/hello_world.elf.dir/C_/Users/Jkastelic/Documents/projects/CG735/software/SDK_2_11_0_FRDM-K66F/devices/MK66F18/drivers/fsl_clock.c.obj
 .debug_info    0x00005976     0x224f CMakeFiles/hello_world.elf.dir/C_/Users/Jkastelic/Documents/projects/CG735/software/SDK_2_11_0_FRDM-K66F/devices/MK66F18/drivers/fsl_uart.c.obj
 .debug_info    0x00007bc5       0xdd CMakeFiles/hello_world.elf.dir/743d22711700072977d70b165449871f/CG735/software/SDK_2_11_0_FRDM-K66F/devices/MK66F18/utilities/debug_console_lite/fsl_assert.c.obj
 .debug_info    0x00007ca2      0x76c CMakeFiles/hello_world.elf.dir/C_/Users/Jkastelic/Documents/projects/CG735/software/SDK_2_11_0_FRDM-K66F/devices/MK66F18/gcc/startup_MK66F18.S.obj
 .debug_info    0x0000840e      0xa0c CMakeFiles/hello_world.elf.dir/C_/Users/Jkastelic/Documents/projects/CG735/software/SDK_2_11_0_FRDM-K66F/devices/MK66F18/system_MK66F18.c.obj
 .debug_info    0x00008e1a     0x2062 CMakeFiles/hello_world.elf.dir/C_/Users/Jkastelic/Documents/projects/CG735/software/SDK_2_11_0_FRDM-K66F/devices/MK66F18/drivers/fsl_lpuart.c.obj

.debug_abbrev   0x00000000     0x1879
 .debug_abbrev  0x00000000       0xb4 CMakeFiles/hello_world.elf.dir/C_/Users/Jkastelic/Documents/projects/CG735/software/K66_tutorial/2_hello_world/hello_world.c.obj
 .debug_abbrev  0x000000b4       0xb4 CMakeFiles/hello_world.elf.dir/C_/Users/Jkastelic/Documents/projects/CG735/software/K66_tutorial/2_hello_world/board/board.c.obj
 .debug_abbrev  0x00000168      0x18e CMakeFiles/hello_world.elf.dir/C_/Users/Jkastelic/Documents/projects/CG735/software/K66_tutorial/2_hello_world/board/pin_mux.c.obj
 .debug_abbrev  0x000002f6      0x254 CMakeFiles/hello_world.elf.dir/C_/Users/Jkastelic/Documents/projects/CG735/software/K66_tutorial/2_hello_world/board/clock_config.c.obj
 .debug_abbrev  0x0000054a      0x28f CMakeFiles/hello_world.elf.dir/f780198d701a193bb09143685b087031/software/SDK_2_11_0_FRDM-K66F/devices/MK66F18/utilities/debug_console_lite/fsl_debug_console.c.obj
 .debug_abbrev  0x000007d9      0x22e CMakeFiles/hello_world.elf.dir/C_/Users/Jkastelic/Documents/projects/CG735/software/SDK_2_11_0_FRDM-K66F/components/uart/fsl_adapter_uart.c.obj
 .debug_abbrev  0x00000a07      0x3a3 CMakeFiles/hello_world.elf.dir/C_/Users/Jkastelic/Documents/projects/CG735/software/SDK_2_11_0_FRDM-K66F/devices/MK66F18/drivers/fsl_clock.c.obj
 .debug_abbrev  0x00000daa      0x47a CMakeFiles/hello_world.elf.dir/C_/Users/Jkastelic/Documents/projects/CG735/software/SDK_2_11_0_FRDM-K66F/devices/MK66F18/drivers/fsl_uart.c.obj
 .debug_abbrev  0x00001224       0x8c CMakeFiles/hello_world.elf.dir/743d22711700072977d70b165449871f/CG735/software/SDK_2_11_0_FRDM-K66F/devices/MK66F18/utilities/debug_console_lite/fsl_assert.c.obj
 .debug_abbrev  0x000012b0       0x26 CMakeFiles/hello_world.elf.dir/C_/Users/Jkastelic/Documents/projects/CG735/software/SDK_2_11_0_FRDM-K66F/devices/MK66F18/gcc/startup_MK66F18.S.obj
 .debug_abbrev  0x000012d6      0x14a CMakeFiles/hello_world.elf.dir/C_/Users/Jkastelic/Documents/projects/CG735/software/SDK_2_11_0_FRDM-K66F/devices/MK66F18/system_MK66F18.c.obj
 .debug_abbrev  0x00001420      0x459 CMakeFiles/hello_world.elf.dir/C_/Users/Jkastelic/Documents/projects/CG735/software/SDK_2_11_0_FRDM-K66F/devices/MK66F18/drivers/fsl_lpuart.c.obj

.debug_aranges  0x00000000      0x748
 .debug_aranges
                0x00000000       0x20 CMakeFiles/hello_world.elf.dir/C_/Users/Jkastelic/Documents/projects/CG735/software/K66_tutorial/2_hello_world/hello_world.c.obj
 .debug_aranges
                0x00000020       0x20 CMakeFiles/hello_world.elf.dir/C_/Users/Jkastelic/Documents/projects/CG735/software/K66_tutorial/2_hello_world/board/board.c.obj
 .debug_aranges
                0x00000040       0x38 CMakeFiles/hello_world.elf.dir/C_/Users/Jkastelic/Documents/projects/CG735/software/K66_tutorial/2_hello_world/board/pin_mux.c.obj
 .debug_aranges
                0x00000078       0x60 CMakeFiles/hello_world.elf.dir/C_/Users/Jkastelic/Documents/projects/CG735/software/K66_tutorial/2_hello_world/board/clock_config.c.obj
 .debug_aranges
                0x000000d8       0x78 CMakeFiles/hello_world.elf.dir/f780198d701a193bb09143685b087031/software/SDK_2_11_0_FRDM-K66F/devices/MK66F18/utilities/debug_console_lite/fsl_debug_console.c.obj
 .debug_aranges
                0x00000150       0x50 CMakeFiles/hello_world.elf.dir/C_/Users/Jkastelic/Documents/projects/CG735/software/SDK_2_11_0_FRDM-K66F/components/uart/fsl_adapter_uart.c.obj
 .debug_aranges
                0x000001a0      0x258 CMakeFiles/hello_world.elf.dir/C_/Users/Jkastelic/Documents/projects/CG735/software/SDK_2_11_0_FRDM-K66F/devices/MK66F18/drivers/fsl_clock.c.obj
 .debug_aranges
                0x000003f8      0x1a8 CMakeFiles/hello_world.elf.dir/C_/Users/Jkastelic/Documents/projects/CG735/software/SDK_2_11_0_FRDM-K66F/devices/MK66F18/drivers/fsl_uart.c.obj
 .debug_aranges
                0x000005a0       0x20 CMakeFiles/hello_world.elf.dir/743d22711700072977d70b165449871f/CG735/software/SDK_2_11_0_FRDM-K66F/devices/MK66F18/utilities/debug_console_lite/fsl_assert.c.obj
 .debug_aranges
                0x000005c0       0x20 CMakeFiles/hello_world.elf.dir/C_/Users/Jkastelic/Documents/projects/CG735/software/SDK_2_11_0_FRDM-K66F/devices/MK66F18/gcc/startup_MK66F18.S.obj
 .debug_aranges
                0x000005e0       0x30 CMakeFiles/hello_world.elf.dir/C_/Users/Jkastelic/Documents/projects/CG735/software/SDK_2_11_0_FRDM-K66F/devices/MK66F18/system_MK66F18.c.obj
 .debug_aranges
                0x00000610      0x138 CMakeFiles/hello_world.elf.dir/C_/Users/Jkastelic/Documents/projects/CG735/software/SDK_2_11_0_FRDM-K66F/devices/MK66F18/drivers/fsl_lpuart.c.obj

.debug_rnglists
                0x00000000      0x561
 .debug_rnglists
                0x00000000       0x13 CMakeFiles/hello_world.elf.dir/C_/Users/Jkastelic/Documents/projects/CG735/software/K66_tutorial/2_hello_world/hello_world.c.obj
 .debug_rnglists
                0x00000013       0x13 CMakeFiles/hello_world.elf.dir/C_/Users/Jkastelic/Documents/projects/CG735/software/K66_tutorial/2_hello_world/board/board.c.obj
 .debug_rnglists
                0x00000026       0x25 CMakeFiles/hello_world.elf.dir/C_/Users/Jkastelic/Documents/projects/CG735/software/K66_tutorial/2_hello_world/board/pin_mux.c.obj
 .debug_rnglists
                0x0000004b       0x44 CMakeFiles/hello_world.elf.dir/C_/Users/Jkastelic/Documents/projects/CG735/software/K66_tutorial/2_hello_world/board/clock_config.c.obj
 .debug_rnglists
                0x0000008f       0x59 CMakeFiles/hello_world.elf.dir/f780198d701a193bb09143685b087031/software/SDK_2_11_0_FRDM-K66F/devices/MK66F18/utilities/debug_console_lite/fsl_debug_console.c.obj
 .debug_rnglists
                0x000000e8       0x3a CMakeFiles/hello_world.elf.dir/C_/Users/Jkastelic/Documents/projects/CG735/software/SDK_2_11_0_FRDM-K66F/components/uart/fsl_adapter_uart.c.obj
 .debug_rnglists
                0x00000122      0x1d6 CMakeFiles/hello_world.elf.dir/C_/Users/Jkastelic/Documents/projects/CG735/software/SDK_2_11_0_FRDM-K66F/devices/MK66F18/drivers/fsl_clock.c.obj
 .debug_rnglists
                0x000002f8      0x147 CMakeFiles/hello_world.elf.dir/C_/Users/Jkastelic/Documents/projects/CG735/software/SDK_2_11_0_FRDM-K66F/devices/MK66F18/drivers/fsl_uart.c.obj
 .debug_rnglists
                0x0000043f       0x13 CMakeFiles/hello_world.elf.dir/743d22711700072977d70b165449871f/CG735/software/SDK_2_11_0_FRDM-K66F/devices/MK66F18/utilities/debug_console_lite/fsl_assert.c.obj
 .debug_rnglists
                0x00000452       0x20 CMakeFiles/hello_world.elf.dir/C_/Users/Jkastelic/Documents/projects/CG735/software/SDK_2_11_0_FRDM-K66F/devices/MK66F18/system_MK66F18.c.obj
 .debug_rnglists
                0x00000472       0xef CMakeFiles/hello_world.elf.dir/C_/Users/Jkastelic/Documents/projects/CG735/software/SDK_2_11_0_FRDM-K66F/devices/MK66F18/drivers/fsl_lpuart.c.obj

.debug_line     0x00000000     0x591c
 .debug_line    0x00000000      0x1bf CMakeFiles/hello_world.elf.dir/C_/Users/Jkastelic/Documents/projects/CG735/software/K66_tutorial/2_hello_world/hello_world.c.obj
 .debug_line    0x000001bf      0x1fe CMakeFiles/hello_world.elf.dir/C_/Users/Jkastelic/Documents/projects/CG735/software/K66_tutorial/2_hello_world/board/board.c.obj
 .debug_line    0x000003bd      0x264 CMakeFiles/hello_world.elf.dir/C_/Users/Jkastelic/Documents/projects/CG735/software/K66_tutorial/2_hello_world/board/pin_mux.c.obj
 .debug_line    0x00000621      0x369 CMakeFiles/hello_world.elf.dir/C_/Users/Jkastelic/Documents/projects/CG735/software/K66_tutorial/2_hello_world/board/clock_config.c.obj
 .debug_line    0x0000098a      0xaa1 CMakeFiles/hello_world.elf.dir/f780198d701a193bb09143685b087031/software/SDK_2_11_0_FRDM-K66F/devices/MK66F18/utilities/debug_console_lite/fsl_debug_console.c.obj
 .debug_line    0x0000142b      0x3e8 CMakeFiles/hello_world.elf.dir/C_/Users/Jkastelic/Documents/projects/CG735/software/SDK_2_11_0_FRDM-K66F/components/uart/fsl_adapter_uart.c.obj
 .debug_line    0x00001813     0x1740 CMakeFiles/hello_world.elf.dir/C_/Users/Jkastelic/Documents/projects/CG735/software/SDK_2_11_0_FRDM-K66F/devices/MK66F18/drivers/fsl_clock.c.obj
 .debug_line    0x00002f53     0x146b CMakeFiles/hello_world.elf.dir/C_/Users/Jkastelic/Documents/projects/CG735/software/SDK_2_11_0_FRDM-K66F/devices/MK66F18/drivers/fsl_uart.c.obj
 .debug_line    0x000043be      0x11a CMakeFiles/hello_world.elf.dir/743d22711700072977d70b165449871f/CG735/software/SDK_2_11_0_FRDM-K66F/devices/MK66F18/utilities/debug_console_lite/fsl_assert.c.obj
 .debug_line    0x000044d8      0x19e CMakeFiles/hello_world.elf.dir/C_/Users/Jkastelic/Documents/projects/CG735/software/SDK_2_11_0_FRDM-K66F/devices/MK66F18/gcc/startup_MK66F18.S.obj
 .debug_line    0x00004676      0x352 CMakeFiles/hello_world.elf.dir/C_/Users/Jkastelic/Documents/projects/CG735/software/SDK_2_11_0_FRDM-K66F/devices/MK66F18/system_MK66F18.c.obj
 .debug_line    0x000049c8      0xf54 CMakeFiles/hello_world.elf.dir/C_/Users/Jkastelic/Documents/projects/CG735/software/SDK_2_11_0_FRDM-K66F/devices/MK66F18/drivers/fsl_lpuart.c.obj

.debug_str      0x00000000     0x6318
 .debug_str     0x00000000      0x25a CMakeFiles/hello_world.elf.dir/C_/Users/Jkastelic/Documents/projects/CG735/software/K66_tutorial/2_hello_world/hello_world.c.obj
                                0x293 (size before relaxing)
 .debug_str     0x0000025a       0xed CMakeFiles/hello_world.elf.dir/C_/Users/Jkastelic/Documents/projects/CG735/software/K66_tutorial/2_hello_world/board/board.c.obj
                                0x2ce (size before relaxing)
 .debug_str     0x00000347      0x602 CMakeFiles/hello_world.elf.dir/C_/Users/Jkastelic/Documents/projects/CG735/software/K66_tutorial/2_hello_world/board/pin_mux.c.obj
                                0x7e4 (size before relaxing)
 .debug_str     0x00000949     0x1100 CMakeFiles/hello_world.elf.dir/C_/Users/Jkastelic/Documents/projects/CG735/software/K66_tutorial/2_hello_world/board/clock_config.c.obj
                               0x1426 (size before relaxing)
 .debug_str     0x00001a49      0x703 CMakeFiles/hello_world.elf.dir/f780198d701a193bb09143685b087031/software/SDK_2_11_0_FRDM-K66F/devices/MK66F18/utilities/debug_console_lite/fsl_debug_console.c.obj
                               0x127d (size before relaxing)
 .debug_str     0x0000214c      0x294 CMakeFiles/hello_world.elf.dir/C_/Users/Jkastelic/Documents/projects/CG735/software/SDK_2_11_0_FRDM-K66F/components/uart/fsl_adapter_uart.c.obj
                               0x11bf (size before relaxing)
 .debug_str     0x000023e0     0x127c CMakeFiles/hello_world.elf.dir/C_/Users/Jkastelic/Documents/projects/CG735/software/SDK_2_11_0_FRDM-K66F/devices/MK66F18/drivers/fsl_clock.c.obj
                               0x26d1 (size before relaxing)
 .debug_str     0x0000365c     0x1029 CMakeFiles/hello_world.elf.dir/C_/Users/Jkastelic/Documents/projects/CG735/software/SDK_2_11_0_FRDM-K66F/devices/MK66F18/drivers/fsl_uart.c.obj
                               0x2519 (size before relaxing)
 .debug_str     0x00004685       0x99 CMakeFiles/hello_world.elf.dir/743d22711700072977d70b165449871f/CG735/software/SDK_2_11_0_FRDM-K66F/devices/MK66F18/utilities/debug_console_lite/fsl_assert.c.obj
                                0x277 (size before relaxing)
 .debug_str     0x0000471e      0xceb CMakeFiles/hello_world.elf.dir/C_/Users/Jkastelic/Documents/projects/CG735/software/SDK_2_11_0_FRDM-K66F/devices/MK66F18/gcc/startup_MK66F18.S.obj
                                0xde2 (size before relaxing)
 .debug_str     0x00005409      0x167 CMakeFiles/hello_world.elf.dir/C_/Users/Jkastelic/Documents/projects/CG735/software/SDK_2_11_0_FRDM-K66F/devices/MK66F18/system_MK66F18.c.obj
                                0x6fb (size before relaxing)
 .debug_str     0x00005570      0xda8 CMakeFiles/hello_world.elf.dir/C_/Users/Jkastelic/Documents/projects/CG735/software/SDK_2_11_0_FRDM-K66F/devices/MK66F18/drivers/fsl_lpuart.c.obj
                               0x25bb (size before relaxing)

.comment        0x00000000       0x45
 .comment       0x00000000       0x45 CMakeFiles/hello_world.elf.dir/C_/Users/Jkastelic/Documents/projects/CG735/software/K66_tutorial/2_hello_world/hello_world.c.obj
                                 0x46 (size before relaxing)
 .comment       0x00000045       0x46 CMakeFiles/hello_world.elf.dir/C_/Users/Jkastelic/Documents/projects/CG735/software/K66_tutorial/2_hello_world/board/board.c.obj
 .comment       0x00000045       0x46 CMakeFiles/hello_world.elf.dir/C_/Users/Jkastelic/Documents/projects/CG735/software/K66_tutorial/2_hello_world/board/pin_mux.c.obj
 .comment       0x00000045       0x46 CMakeFiles/hello_world.elf.dir/C_/Users/Jkastelic/Documents/projects/CG735/software/K66_tutorial/2_hello_world/board/clock_config.c.obj
 .comment       0x00000045       0x46 CMakeFiles/hello_world.elf.dir/f780198d701a193bb09143685b087031/software/SDK_2_11_0_FRDM-K66F/devices/MK66F18/utilities/debug_console_lite/fsl_debug_console.c.obj
 .comment       0x00000045       0x46 CMakeFiles/hello_world.elf.dir/C_/Users/Jkastelic/Documents/projects/CG735/software/SDK_2_11_0_FRDM-K66F/components/uart/fsl_adapter_uart.c.obj
 .comment       0x00000045       0x46 CMakeFiles/hello_world.elf.dir/C_/Users/Jkastelic/Documents/projects/CG735/software/SDK_2_11_0_FRDM-K66F/devices/MK66F18/drivers/fsl_clock.c.obj
 .comment       0x00000045       0x46 CMakeFiles/hello_world.elf.dir/C_/Users/Jkastelic/Documents/projects/CG735/software/SDK_2_11_0_FRDM-K66F/devices/MK66F18/drivers/fsl_uart.c.obj
 .comment       0x00000045       0x46 CMakeFiles/hello_world.elf.dir/743d22711700072977d70b165449871f/CG735/software/SDK_2_11_0_FRDM-K66F/devices/MK66F18/utilities/debug_console_lite/fsl_assert.c.obj
 .comment       0x00000045       0x46 CMakeFiles/hello_world.elf.dir/C_/Users/Jkastelic/Documents/projects/CG735/software/SDK_2_11_0_FRDM-K66F/devices/MK66F18/system_MK66F18.c.obj
 .comment       0x00000045       0x46 CMakeFiles/hello_world.elf.dir/C_/Users/Jkastelic/Documents/projects/CG735/software/SDK_2_11_0_FRDM-K66F/devices/MK66F18/drivers/fsl_lpuart.c.obj

.debug_frame    0x00000000     0x1e84
 .debug_frame   0x00000000       0x30 CMakeFiles/hello_world.elf.dir/C_/Users/Jkastelic/Documents/projects/CG735/software/K66_tutorial/2_hello_world/hello_world.c.obj
 .debug_frame   0x00000030       0x34 CMakeFiles/hello_world.elf.dir/C_/Users/Jkastelic/Documents/projects/CG735/software/K66_tutorial/2_hello_world/board/board.c.obj
 .debug_frame   0x00000064       0x98 CMakeFiles/hello_world.elf.dir/C_/Users/Jkastelic/Documents/projects/CG735/software/K66_tutorial/2_hello_world/board/pin_mux.c.obj
 .debug_frame   0x000000fc      0x140 CMakeFiles/hello_world.elf.dir/C_/Users/Jkastelic/Documents/projects/CG735/software/K66_tutorial/2_hello_world/board/clock_config.c.obj
 .debug_frame   0x0000023c      0x1f8 CMakeFiles/hello_world.elf.dir/f780198d701a193bb09143685b087031/software/SDK_2_11_0_FRDM-K66F/devices/MK66F18/utilities/debug_console_lite/fsl_debug_console.c.obj
 .debug_frame   0x00000434      0x110 CMakeFiles/hello_world.elf.dir/C_/Users/Jkastelic/Documents/projects/CG735/software/SDK_2_11_0_FRDM-K66F/components/uart/fsl_adapter_uart.c.obj
 .debug_frame   0x00000544      0xa3c CMakeFiles/hello_world.elf.dir/C_/Users/Jkastelic/Documents/projects/CG735/software/SDK_2_11_0_FRDM-K66F/devices/MK66F18/drivers/fsl_clock.c.obj
 .debug_frame   0x00000f80      0x714 CMakeFiles/hello_world.elf.dir/C_/Users/Jkastelic/Documents/projects/CG735/software/SDK_2_11_0_FRDM-K66F/devices/MK66F18/drivers/fsl_uart.c.obj
 .debug_frame   0x00001694       0x30 CMakeFiles/hello_world.elf.dir/743d22711700072977d70b165449871f/CG735/software/SDK_2_11_0_FRDM-K66F/devices/MK66F18/utilities/debug_console_lite/fsl_assert.c.obj
 .debug_frame   0x000016c4       0x74 CMakeFiles/hello_world.elf.dir/C_/Users/Jkastelic/Documents/projects/CG735/software/SDK_2_11_0_FRDM-K66F/devices/MK66F18/system_MK66F18.c.obj
 .debug_frame   0x00001738      0x54c CMakeFiles/hello_world.elf.dir/C_/Users/Jkastelic/Documents/projects/CG735/software/SDK_2_11_0_FRDM-K66F/devices/MK66F18/drivers/fsl_lpuart.c.obj
 .debug_frame   0x00001c84       0x28 c:/progra~2/armgnu~1/125863~1.3re/bin/../lib/gcc/arm-none-eabi/12.3.1/thumb/v7e-m+fp/hard\libc_nano.a(libc_a-exit.o)
 .debug_frame   0x00001cac      0x144 c:/progra~2/armgnu~1/125863~1.3re/bin/../lib/gcc/arm-none-eabi/12.3.1/thumb/v7e-m+fp/hard\libc_nano.a(libc_a-findfp.o)
 .debug_frame   0x00001df0       0x20 c:/progra~2/armgnu~1/125863~1.3re/bin/../lib/gcc/arm-none-eabi/12.3.1/thumb/v7e-m+fp/hard\libc_nano.a(libc_a-memset.o)
 .debug_frame   0x00001e10       0x2c c:/progra~2/armgnu~1/125863~1.3re/bin/../lib/gcc/arm-none-eabi/12.3.1/thumb/v7e-m+fp/hard\libc_nano.a(libc_a-init.o)
 .debug_frame   0x00001e3c       0x28 c:/progra~2/armgnu~1/125863~1.3re/bin/../lib/gcc/arm-none-eabi/12.3.1/thumb/v7e-m+fp/hard\libc_nano.a(libc_a-memcpy-stub.o)
 .debug_frame   0x00001e64       0x20 c:/progra~2/armgnu~1/125863~1.3re/bin/../lib/gcc/arm-none-eabi/12.3.1/thumb/v7e-m+fp/hard\libnosys.a(_exit.o)
