Archive member included to satisfy reference by file (symbol)

c:/progra~2/armgnu~1/125863~1.3re/bin/../lib/gcc/arm-none-eabi/12.3.1/thumb/v7e-m+fp/hard\libc_nano.a(libc_a-exit.o)
                              c:/progra~2/armgnu~1/125863~1.3re/bin/../lib/gcc/arm-none-eabi/12.3.1/thumb/v7e-m+fp/hard/crt0.o (exit)
c:/progra~2/armgnu~1/125863~1.3re/bin/../lib/gcc/arm-none-eabi/12.3.1/thumb/v7e-m+fp/hard\libc_nano.a(libc_a-malloc.o)
                              CMakeFiles/i2c_interrupt_b2b_transfer_master.elf.dir/C_/Users/Jkastelic/Documents/projects/CG735/software/SDK_2_11_0_FRDM-K66F/devices/MK66F18/drivers/fsl_common.c.obj (malloc)
c:/progra~2/armgnu~1/125863~1.3re/bin/../lib/gcc/arm-none-eabi/12.3.1/thumb/v7e-m+fp/hard\libc_nano.a(libc_a-mallocr.o)
                              c:/progra~2/armgnu~1/125863~1.3re/bin/../lib/gcc/arm-none-eabi/12.3.1/thumb/v7e-m+fp/hard\libc_nano.a(libc_a-malloc.o) (_malloc_r)
c:/progra~2/armgnu~1/125863~1.3re/bin/../lib/gcc/arm-none-eabi/12.3.1/thumb/v7e-m+fp/hard\libc_nano.a(libc_a-mlock.o)
                              c:/progra~2/armgnu~1/125863~1.3re/bin/../lib/gcc/arm-none-eabi/12.3.1/thumb/v7e-m+fp/hard\libc_nano.a(libc_a-mallocr.o) (__malloc_lock)
c:/progra~2/armgnu~1/125863~1.3re/bin/../lib/gcc/arm-none-eabi/12.3.1/thumb/v7e-m+fp/hard\libc_nano.a(libc_a-findfp.o)
                              c:/progra~2/armgnu~1/125863~1.3re/bin/../lib/gcc/arm-none-eabi/12.3.1/thumb/v7e-m+fp/hard\libc_nano.a(libc_a-exit.o) (__stdio_exit_handler)
c:/progra~2/armgnu~1/125863~1.3re/bin/../lib/gcc/arm-none-eabi/12.3.1/thumb/v7e-m+fp/hard\libc_nano.a(libc_a-fwalk.o)
                              c:/progra~2/armgnu~1/125863~1.3re/bin/../lib/gcc/arm-none-eabi/12.3.1/thumb/v7e-m+fp/hard\libc_nano.a(libc_a-findfp.o) (_fwalk_sglue)
c:/progra~2/armgnu~1/125863~1.3re/bin/../lib/gcc/arm-none-eabi/12.3.1/thumb/v7e-m+fp/hard\libc_nano.a(libc_a-stdio.o)
                              c:/progra~2/armgnu~1/125863~1.3re/bin/../lib/gcc/arm-none-eabi/12.3.1/thumb/v7e-m+fp/hard\libc_nano.a(libc_a-findfp.o) (__sread)
c:/progra~2/armgnu~1/125863~1.3re/bin/../lib/gcc/arm-none-eabi/12.3.1/thumb/v7e-m+fp/hard\libc_nano.a(libc_a-memset.o)
                              c:/progra~2/armgnu~1/125863~1.3re/bin/../lib/gcc/arm-none-eabi/12.3.1/thumb/v7e-m+fp/hard/crt0.o (memset)
c:/progra~2/armgnu~1/125863~1.3re/bin/../lib/gcc/arm-none-eabi/12.3.1/thumb/v7e-m+fp/hard\libc_nano.a(libc_a-closer.o)
                              c:/progra~2/armgnu~1/125863~1.3re/bin/../lib/gcc/arm-none-eabi/12.3.1/thumb/v7e-m+fp/hard\libc_nano.a(libc_a-stdio.o) (_close_r)
c:/progra~2/armgnu~1/125863~1.3re/bin/../lib/gcc/arm-none-eabi/12.3.1/thumb/v7e-m+fp/hard\libc_nano.a(libc_a-reent.o)
                              c:/progra~2/armgnu~1/125863~1.3re/bin/../lib/gcc/arm-none-eabi/12.3.1/thumb/v7e-m+fp/hard\libc_nano.a(libc_a-closer.o) (errno)
c:/progra~2/armgnu~1/125863~1.3re/bin/../lib/gcc/arm-none-eabi/12.3.1/thumb/v7e-m+fp/hard\libc_nano.a(libc_a-impure.o)
                              c:/progra~2/armgnu~1/125863~1.3re/bin/../lib/gcc/arm-none-eabi/12.3.1/thumb/v7e-m+fp/hard\libc_nano.a(libc_a-malloc.o) (_impure_ptr)
c:/progra~2/armgnu~1/125863~1.3re/bin/../lib/gcc/arm-none-eabi/12.3.1/thumb/v7e-m+fp/hard\libc_nano.a(libc_a-lseekr.o)
                              c:/progra~2/armgnu~1/125863~1.3re/bin/../lib/gcc/arm-none-eabi/12.3.1/thumb/v7e-m+fp/hard\libc_nano.a(libc_a-stdio.o) (_lseek_r)
c:/progra~2/armgnu~1/125863~1.3re/bin/../lib/gcc/arm-none-eabi/12.3.1/thumb/v7e-m+fp/hard\libc_nano.a(libc_a-readr.o)
                              c:/progra~2/armgnu~1/125863~1.3re/bin/../lib/gcc/arm-none-eabi/12.3.1/thumb/v7e-m+fp/hard\libc_nano.a(libc_a-stdio.o) (_read_r)
c:/progra~2/armgnu~1/125863~1.3re/bin/../lib/gcc/arm-none-eabi/12.3.1/thumb/v7e-m+fp/hard\libc_nano.a(libc_a-sbrkr.o)
                              c:/progra~2/armgnu~1/125863~1.3re/bin/../lib/gcc/arm-none-eabi/12.3.1/thumb/v7e-m+fp/hard\libc_nano.a(libc_a-mallocr.o) (_sbrk_r)
c:/progra~2/armgnu~1/125863~1.3re/bin/../lib/gcc/arm-none-eabi/12.3.1/thumb/v7e-m+fp/hard\libc_nano.a(libc_a-writer.o)
                              c:/progra~2/armgnu~1/125863~1.3re/bin/../lib/gcc/arm-none-eabi/12.3.1/thumb/v7e-m+fp/hard\libc_nano.a(libc_a-stdio.o) (_write_r)
c:/progra~2/armgnu~1/125863~1.3re/bin/../lib/gcc/arm-none-eabi/12.3.1/thumb/v7e-m+fp/hard\libc_nano.a(libc_a-errno.o)
                              CMakeFiles/i2c_interrupt_b2b_transfer_master.elf.dir/C_/Users/Jkastelic/Documents/projects/CG735/software/SDK_2_11_0_FRDM-K66F/devices/MK66F18/utilities/fsl_sbrk.c.obj (__errno)
c:/progra~2/armgnu~1/125863~1.3re/bin/../lib/gcc/arm-none-eabi/12.3.1/thumb/v7e-m+fp/hard\libc_nano.a(libc_a-init.o)
                              c:/progra~2/armgnu~1/125863~1.3re/bin/../lib/gcc/arm-none-eabi/12.3.1/thumb/v7e-m+fp/hard/crt0.o (__libc_init_array)
c:/progra~2/armgnu~1/125863~1.3re/bin/../lib/gcc/arm-none-eabi/12.3.1/thumb/v7e-m+fp/hard\libc_nano.a(libc_a-lock.o)
[...]
Memory Configuration

Name             Origin             Length             Attributes
m_interrupts     0x00000000         0x00000400         xr
m_flash_config   0x00000400         0x00000010         xr
m_text           0x00000410         0x001ffbf0         xr
m_data           0x1fff0000         0x00010000         rw
m_data_2         0x20000000         0x00030000         rw
*default*        0x00000000         0xffffffff

Linker script and memory map

LOAD c:/progra~2/armgnu~1/125863~1.3re/bin/../lib/gcc/arm-none-eabi/12.3.1/thumb/v7e-m+fp/hard/crti.o
LOAD c:/progra~2/armgnu~1/125863~1.3re/bin/../lib/gcc/arm-none-eabi/12.3.1/thumb/v7e-m+fp/hard/crtbegin.o
LOAD c:/progra~2/armgnu~1/125863~1.3re/bin/../lib/gcc/arm-none-eabi/12.3.1/thumb/v7e-m+fp/hard/crt0.o
LOAD CMakeFiles/i2c_interrupt_b2b_transfer_master.elf.dir/C_/Users/Jkastelic/Documents/projects/CG735/software/K66_tutorial/3_I2C/i2c_interrupt_b2b_transfer_master.c.obj
LOAD CMakeFiles/i2c_interrupt_b2b_transfer_master.elf.dir/C_/Users/Jkastelic/Documents/projects/CG735/software/K66_tutorial/3_I2C/board/board.c.obj
LOAD CMakeFiles/i2c_interrupt_b2b_transfer_master.elf.dir/C_/Users/Jkastelic/Documents/projects/CG735/software/K66_tutorial/3_I2C/board/pin_mux.c.obj
LOAD CMakeFiles/i2c_interrupt_b2b_transfer_master.elf.dir/C_/Users/Jkastelic/Documents/projects/CG735/software/K66_tutorial/3_I2C/board/clock_config.c.obj
LOAD CMakeFiles/i2c_interrupt_b2b_transfer_master.elf.dir/d5dd160be467181b57b3f4ba0395daff/devices/MK66F18/utilities/debug_console_lite/fsl_debug_console.c.obj
LOAD CMakeFiles/i2c_interrupt_b2b_transfer_master.elf.dir/C_/Users/Jkastelic/Documents/projects/CG735/software/SDK_2_11_0_FRDM-K66F/components/uart/fsl_adapter_uart.c.obj
LOAD CMakeFiles/i2c_interrupt_b2b_transfer_master.elf.dir/C_/Users/Jkastelic/Documents/projects/CG735/software/SDK_2_11_0_FRDM-K66F/devices/MK66F18/drivers/fsl_common.c.obj
LOAD CMakeFiles/i2c_interrupt_b2b_transfer_master.elf.dir/C_/Users/Jkastelic/Documents/projects/CG735/software/SDK_2_11_0_FRDM-K66F/devices/MK66F18/drivers/fsl_common_arm.c.obj
LOAD CMakeFiles/i2c_interrupt_b2b_transfer_master.elf.dir/C_/Users/Jkastelic/Documents/projects/CG735/software/SDK_2_11_0_FRDM-K66F/devices/MK66F18/drivers/fsl_clock.c.obj
LOAD CMakeFiles/i2c_interrupt_b2b_transfer_master.elf.dir/C_/Users/Jkastelic/Documents/projects/CG735/software/SDK_2_11_0_FRDM-K66F/devices/MK66F18/drivers/fsl_uart.c.obj
LOAD CMakeFiles/i2c_interrupt_b2b_transfer_master.elf.dir/b0b496073d70a8757128fba2b6fdde3b/SDK_2_11_0_FRDM-K66F/devices/MK66F18/utilities/debug_console_lite/fsl_assert.c.obj
LOAD CMakeFiles/i2c_interrupt_b2b_transfer_master.elf.dir/C_/Users/Jkastelic/Documents/projects/CG735/software/SDK_2_11_0_FRDM-K66F/devices/MK66F18/drivers/fsl_gpio.c.obj
LOAD CMakeFiles/i2c_interrupt_b2b_transfer_master.elf.dir/743d22711700072977d70b165449871f/CG735/software/SDK_2_11_0_FRDM-K66F/devices/MK66F18/drivers/fsl_ftfx_controller.c.obj
LOAD CMakeFiles/i2c_interrupt_b2b_transfer_master.elf.dir/C_/Users/Jkastelic/Documents/projects/CG735/software/SDK_2_11_0_FRDM-K66F/devices/MK66F18/drivers/fsl_ftfx_flash.c.obj
LOAD CMakeFiles/i2c_interrupt_b2b_transfer_master.elf.dir/C_/Users/Jkastelic/Documents/projects/CG735/software/SDK_2_11_0_FRDM-K66F/devices/MK66F18/drivers/fsl_ftfx_cache.c.obj
LOAD CMakeFiles/i2c_interrupt_b2b_transfer_master.elf.dir/743d22711700072977d70b165449871f/CG735/software/SDK_2_11_0_FRDM-K66F/devices/MK66F18/drivers/fsl_ftfx_flexnvm.c.obj
LOAD CMakeFiles/i2c_interrupt_b2b_transfer_master.elf.dir/743d22711700072977d70b165449871f/CG735/software/SDK_2_11_0_FRDM-K66F/components/lists/fsl_component_generic_list.c.obj
LOAD CMakeFiles/i2c_interrupt_b2b_transfer_master.elf.dir/C_/Users/Jkastelic/Documents/projects/CG735/software/SDK_2_11_0_FRDM-K66F/devices/MK66F18/gcc/startup_MK66F18.S.obj
LOAD CMakeFiles/i2c_interrupt_b2b_transfer_master.elf.dir/C_/Users/Jkastelic/Documents/projects/CG735/software/SDK_2_11_0_FRDM-K66F/devices/MK66F18/system_MK66F18.c.obj
LOAD CMakeFiles/i2c_interrupt_b2b_transfer_master.elf.dir/C_/Users/Jkastelic/Documents/projects/CG735/software/SDK_2_11_0_FRDM-K66F/devices/MK66F18/drivers/fsl_lpuart.c.obj
LOAD CMakeFiles/i2c_interrupt_b2b_transfer_master.elf.dir/C_/Users/Jkastelic/Documents/projects/CG735/software/SDK_2_11_0_FRDM-K66F/devices/MK66F18/drivers/fsl_smc.c.obj
LOAD CMakeFiles/i2c_interrupt_b2b_transfer_master.elf.dir/C_/Users/Jkastelic/Documents/projects/CG735/software/SDK_2_11_0_FRDM-K66F/devices/MK66F18/utilities/fsl_sbrk.c.obj
LOAD CMakeFiles/i2c_interrupt_b2b_transfer_master.elf.dir/C_/Users/Jkastelic/Documents/projects/CG735/software/SDK_2_11_0_FRDM-K66F/devices/MK66F18/drivers/fsl_i2c.c.obj
START GROUP
LOAD c:/progra~2/armgnu~1/125863~1.3re/bin/../lib/gcc/arm-none-eabi/12.3.1/thumb/v7e-m+fp/hard\libm.a
LOAD c:/progra~2/armgnu~1/125863~1.3re/bin/../lib/gcc/arm-none-eabi/12.3.1/thumb/v7e-m+fp/hard\libc_nano.a
LOAD c:/progra~2/armgnu~1/125863~1.3re/bin/../lib/gcc/arm-none-eabi/12.3.1/thumb/v7e-m+fp/hard\libgcc.a
LOAD c:/progra~2/armgnu~1/125863~1.3re/bin/../lib/gcc/arm-none-eabi/12.3.1/thumb/v7e-m+fp/hard\libnosys.a
END GROUP
START GROUP
LOAD c:/progra~2/armgnu~1/125863~1.3re/bin/../lib/gcc/arm-none-eabi/12.3.1/thumb/v7e-m+fp/hard\libgcc.a
LOAD c:/progra~2/armgnu~1/125863~1.3re/bin/../lib/gcc/arm-none-eabi/12.3.1/thumb/v7e-m+fp/hard\libg_nano.a
LOAD c:/progra~2/armgnu~1/125863~1.3re/bin/../lib/gcc/arm-none-eabi/12.3.1/thumb/v7e-m+fp/hard\libc_nano.a
END GROUP
START GROUP
LOAD c:/progra~2/armgnu~1/125863~1.3re/bin/../lib/gcc/arm-none-eabi/12.3.1/thumb/v7e-m+fp/hard\libgcc.a
LOAD c:/progra~2/armgnu~1/125863~1.3re/bin/../lib/gcc/arm-none-eabi/12.3.1/thumb/v7e-m+fp/hard\libc_nano.a
LOAD c:/progra~2/armgnu~1/125863~1.3re/bin/../lib/gcc/arm-none-eabi/12.3.1/thumb/v7e-m+fp/hard\libnosys.a
END GROUP
START GROUP
LOAD c:/progra~2/armgnu~1/125863~1.3re/bin/../lib/gcc/arm-none-eabi/12.3.1/thumb/v7e-m+fp/hard\libgcc.a
LOAD c:/progra~2/armgnu~1/125863~1.3re/bin/../lib/gcc/arm-none-eabi/12.3.1/thumb/v7e-m+fp/hard\libc_nano.a
LOAD c:/progra~2/armgnu~1/125863~1.3re/bin/../lib/gcc/arm-none-eabi/12.3.1/thumb/v7e-m+fp/hard\libnosys.a
END GROUP
LOAD c:/progra~2/armgnu~1/125863~1.3re/bin/../lib/gcc/arm-none-eabi/12.3.1/thumb/v7e-m+fp/hard/crtend.o
LOAD c:/progra~2/armgnu~1/125863~1.3re/bin/../lib/gcc/arm-none-eabi/12.3.1/thumb/v7e-m+fp/hard/crtn.o
                0x00000400                        HEAP_SIZE = DEFINED (__heap_size__)?__heap_size__:0x400
                0x00000400                        STACK_SIZE = DEFINED (__stack_size__)?__stack_size__:0x400

.interrupts     0x00000000      0x400
                0x00000000                        . = ALIGN (0x4)
 *(.isr_vector)
 .isr_vector    0x00000000      0x400 CMakeFiles/i2c_interrupt_b2b_transfer_master.elf.dir/C_/Users/Jkastelic/Documents/projects/CG735/software/SDK_2_11_0_FRDM-K66F/devices/MK66F18/gcc/startup_MK66F18.S.obj
                0x00000000                __isr_vector
                0x00000400                        . = ALIGN (0x4)

.flash_config   0x00000400       0x10
                0x00000400                        . = ALIGN (0x4)
 *(.FlashConfig)
 .FlashConfig   0x00000400       0x10 CMakeFiles/i2c_interrupt_b2b_transfer_master.elf.dir/C_/Users/Jkastelic/Documents/projects/CG735/software/SDK_2_11_0_FRDM-K66F/devices/MK66F18/gcc/startup_MK66F18.S.obj
                0x00000410                        . = ALIGN (0x4)

.text           0x00000410     0x3ac8
                0x00000410                        . = ALIGN (0x4)
 *(.text)
 .text          0x00000410       0x7c c:/progra~2/armgnu~1/125863~1.3re/bin/../lib/gcc/arm-none-eabi/12.3.1/thumb/v7e-m+fp/hard/crt0.o
                0x00000410                _stack_init
                0x00000418                _start
                0x00000418                _mainCRTStartup
 .text          0x0000048c      0x240 CMakeFiles/i2c_interrupt_b2b_transfer_master.elf.dir/C_/Users/Jkastelic/Documents/projects/CG735/software/SDK_2_11_0_FRDM-K66F/devices/MK66F18/gcc/startup_MK66F18.S.obj
                0x0000048c                Reset_Handler
                0x00000518                WDOG_EWM_IRQHandler
                0x00000518                DebugMon_Handler
                0x00000518                PORTC_IRQHandler
                0x00000518                DMA13_DMA29_DriverIRQHandler
                0x00000518                UART4_ERR_DriverIRQHandler
                0x00000518                SPI1_DriverIRQHandler
                0x00000518                CMP0_IRQHandler
                0x00000518                Reserved85_IRQHandler
                0x00000518                DMA11_DMA27_DriverIRQHandler
                0x00000518                DMA_Error_DriverIRQHandler
                0x00000518                USB0_IRQHandler
                0x00000518                I2S0_Rx_DriverIRQHandler
                0x00000518                DMA4_DMA20_DriverIRQHandler
                0x00000518                DMA6_DMA22_DriverIRQHandler
                0x00000518                CAN1_DriverIRQHandler
                0x00000518                ENET_Transmit_DriverIRQHandler
                0x00000518                UART1_ERR_DriverIRQHandler
                0x00000518                DMA15_DMA31_DriverIRQHandler
                0x00000518                USBHS_IRQHandler
                0x00000518                BusFault_Handler
                0x00000518                SDHC_DriverIRQHandler
                0x00000518                DMA8_DMA24_DriverIRQHandler
                0x00000518                PIT0_IRQHandler
                0x00000518                DMA7_DMA23_DriverIRQHandler
                0x00000518                LPTMR0_IRQHandler
                0x00000518                CMP2_IRQHandler
                0x00000518                LLWU_IRQHandler
                0x00000518                I2S0_Tx_DriverIRQHandler
                0x00000518                Reserved84_IRQHandler
                0x00000518                FTM2_IRQHandler
                0x00000518                TSI0_IRQHandler
                0x00000518                DMA5_DMA21_DriverIRQHandler
                0x00000518                PORTE_IRQHandler
                0x00000518                FTM3_IRQHandler
                0x00000518                CAN0_DriverIRQHandler
                0x00000518                DMA14_DMA30_DriverIRQHandler
                0x00000518                MCM_IRQHandler
                0x00000518                ENET_1588_Timer_DriverIRQHandler
                0x00000518                DAC1_IRQHandler
                0x00000518                SWI_IRQHandler
                0x00000518                ADC0_IRQHandler
                0x00000518                UsageFault_Handler
                0x00000518                PORTA_IRQHandler
                0x00000518                CMT_IRQHandler
                0x00000518                FTM0_IRQHandler
                0x00000518                LVD_LVW_IRQHandler
                0x00000518                DMA0_DMA16_DriverIRQHandler
                0x00000518                MemManage_Handler
                0x00000518                DMA2_DMA18_DriverIRQHandler
                0x00000518                CMP1_IRQHandler
                0x00000518                Reserved71_IRQHandler
                0x00000518                PORTD_IRQHandler
                0x00000518                PORTB_IRQHandler
                0x00000518                PIT1_IRQHandler
                0x00000518                UART2_ERR_DriverIRQHandler
                0x00000518                SPI2_DriverIRQHandler
                0x00000518                ADC1_IRQHandler
                0x00000518                TPM1_IRQHandler
                0x00000518                TPM2_IRQHandler
                0x00000518                PIT2_IRQHandler
                0x00000518                SPI0_DriverIRQHandler
                0x00000518                RTC_IRQHandler
                0x00000518                UART3_ERR_DriverIRQHandler
                0x00000518                PDB0_IRQHandler
                0x00000518                ENET_Error_DriverIRQHandler
                0x00000518                CMP3_IRQHandler
                0x00000518                DefaultISR
                0x00000518                FTM1_IRQHandler
                0x00000518                DMA12_DMA28_DriverIRQHandler
                0x00000518                Reserved46_IRQHandler
                0x00000518                PIT3_IRQHandler
                0x00000518                USBDCD_IRQHandler
                0x00000518                DMA3_DMA19_DriverIRQHandler
                0x00000518                DAC0_IRQHandler
                0x00000518                RTC_Seconds_IRQHandler
                0x00000518                MCG_IRQHandler
                0x00000518                FTFE_IRQHandler
                0x00000518                DMA10_DMA26_DriverIRQHandler
                0x00000518                UART0_ERR_DriverIRQHandler
                0x00000518                ENET_Receive_DriverIRQHandler
                0x00000518                Read_Collision_IRQHandler
                0x00000518                DMA1_DMA17_DriverIRQHandler
                0x00000518                USBHSDCD_IRQHandler
                0x00000518                RNG_IRQHandler
                0x00000518                DMA9_DMA25_DriverIRQHandler
                0x0000051c                NMI_Handler
                0x00000520                HardFault_Handler
                0x00000524                SVC_Handler
                0x00000528                PendSV_Handler
                0x0000052c                SysTick_Handler
                0x00000530                DMA0_DMA16_IRQHandler
                0x00000534                DMA1_DMA17_IRQHandler
                0x00000538                DMA2_DMA18_IRQHandler
                0x0000053c                DMA3_DMA19_IRQHandler
                0x00000540                DMA4_DMA20_IRQHandler
                0x00000544                DMA5_DMA21_IRQHandler
                0x00000548                DMA6_DMA22_IRQHandler
                0x0000054c                DMA7_DMA23_IRQHandler
                0x00000550                DMA8_DMA24_IRQHandler
                0x00000554                DMA9_DMA25_IRQHandler
                0x00000558                DMA10_DMA26_IRQHandler
                0x0000055c                DMA11_DMA27_IRQHandler
                0x00000560                DMA12_DMA28_IRQHandler
                0x00000564                DMA13_DMA29_IRQHandler
                0x00000568                DMA14_DMA30_IRQHandler
                0x0000056c                DMA15_DMA31_IRQHandler
                0x00000570                DMA_Error_IRQHandler
                0x00000574                I2C0_IRQHandler
                0x00000578                I2C1_IRQHandler
                0x0000057c                SPI0_IRQHandler
                0x00000580                SPI1_IRQHandler
                0x00000584                I2S0_Tx_IRQHandler
                0x00000588                I2S0_Rx_IRQHandler
                0x0000058c                UART0_RX_TX_IRQHandler
                0x00000590                UART0_ERR_IRQHandler
                0x00000594                UART1_RX_TX_IRQHandler
                0x00000598                UART1_ERR_IRQHandler
                0x0000059c                UART2_RX_TX_IRQHandler
                0x000005a0                UART2_ERR_IRQHandler
                0x000005a4                UART3_RX_TX_IRQHandler
                0x000005a8                UART3_ERR_IRQHandler
                0x000005ac                SPI2_IRQHandler
                0x000005b0                UART4_RX_TX_IRQHandler
                0x000005b4                UART4_ERR_IRQHandler
                0x000005b8                I2C2_IRQHandler
                0x000005bc                CAN0_ORed_Message_buffer_IRQHandler
                0x000005c0                CAN0_Bus_Off_IRQHandler
                0x000005c4                CAN0_Error_IRQHandler
                0x000005c8                CAN0_Tx_Warning_IRQHandler
                0x000005cc                CAN0_Rx_Warning_IRQHandler
                0x000005d0                CAN0_Wake_Up_IRQHandler
                0x000005d4                SDHC_IRQHandler
                0x000005d8                ENET_1588_Timer_IRQHandler
                0x000005dc                ENET_Transmit_IRQHandler
                0x000005e0                ENET_Receive_IRQHandler
                0x000005e4                ENET_Error_IRQHandler
                0x000005e8                LPUART0_IRQHandler
                0x000005ec                I2C3_IRQHandler
                0x000005f0                CAN1_ORed_Message_buffer_IRQHandler
                0x000005f4                CAN1_Bus_Off_IRQHandler
                0x000005f8                CAN1_Error_IRQHandler
                0x000005fc                CAN1_Tx_Warning_IRQHandler
                0x00000600                CAN1_Rx_Warning_IRQHandler
                0x00000604                CAN1_Wake_Up_IRQHandler
 .text          0x000006cc       0x10 c:/progra~2/armgnu~1/125863~1.3re/bin/../lib/gcc/arm-none-eabi/12.3.1/thumb/v7e-m+fp/hard\libc_nano.a(libc_a-strlen.o)
                0x000006cc                strlen
 *(.text*)
 .text.deregister_tm_clones
                0x000006dc       0x1c c:/progra~2/armgnu~1/125863~1.3re/bin/../lib/gcc/arm-none-eabi/12.3.1/thumb/v7e-m+fp/hard/crtbegin.o
 .text.register_tm_clones
                0x000006f8       0x24 c:/progra~2/armgnu~1/125863~1.3re/bin/../lib/gcc/arm-none-eabi/12.3.1/thumb/v7e-m+fp/hard/crtbegin.o
 .text.__do_global_dtors_aux
                0x0000071c       0x28 c:/progra~2/armgnu~1/125863~1.3re/bin/../lib/gcc/arm-none-eabi/12.3.1/thumb/v7e-m+fp/hard/crtbegin.o
 .text.frame_dummy
                0x00000744       0x24 c:/progra~2/armgnu~1/125863~1.3re/bin/../lib/gcc/arm-none-eabi/12.3.1/thumb/v7e-m+fp/hard/crtbegin.o
 .text.i2c_master_callback
                0x00000768       0x2c CMakeFiles/i2c_interrupt_b2b_transfer_master.elf.dir/C_/Users/Jkastelic/Documents/projects/CG735/software/K66_tutorial/3_I2C/i2c_interrupt_b2b_transfer_master.c.obj
 .text.main     0x00000794      0x12c CMakeFiles/i2c_interrupt_b2b_transfer_master.elf.dir/C_/Users/Jkastelic/Documents/projects/CG735/software/K66_tutorial/3_I2C/i2c_interrupt_b2b_transfer_master.c.obj
                0x00000794                main
 .text.BOARD_InitDebugConsole
                0x000008c0       0x22 CMakeFiles/i2c_interrupt_b2b_transfer_master.elf.dir/C_/Users/Jkastelic/Documents/projects/CG735/software/K66_tutorial/3_I2C/board/board.c.obj
                0x000008c0                BOARD_InitDebugConsole
 .text.CLOCK_EnableClock
                0x000008e2       0x34 CMakeFiles/i2c_interrupt_b2b_transfer_master.elf.dir/C_/Users/Jkastelic/Documents/projects/CG735/software/K66_tutorial/3_I2C/board/pin_mux.c.obj
 *fill*         0x00000916        0x2 
 .text.PORT_SetPinConfig
                0x00000918       0x48 CMakeFiles/i2c_interrupt_b2b_transfer_master.elf.dir/C_/Users/Jkastelic/Documents/projects/CG735/software/K66_tutorial/3_I2C/board/pin_mux.c.obj
 .text.PORT_SetPinMux
                0x00000960       0x3a CMakeFiles/i2c_interrupt_b2b_transfer_master.elf.dir/C_/Users/Jkastelic/Documents/projects/CG735/software/K66_tutorial/3_I2C/board/pin_mux.c.obj
 .text.BOARD_InitBootPins
                0x0000099a        0xc CMakeFiles/i2c_interrupt_b2b_transfer_master.elf.dir/C_/Users/Jkastelic/Documents/projects/CG735/software/K66_tutorial/3_I2C/board/pin_mux.c.obj
                0x0000099a                BOARD_InitBootPins
 *fill*         0x000009a6        0x2 
 .text.BOARD_InitPins
                0x000009a8       0x9c CMakeFiles/i2c_interrupt_b2b_transfer_master.elf.dir/C_/Users/Jkastelic/Documents/projects/CG735/software/K66_tutorial/3_I2C/board/pin_mux.c.obj
                0x000009a8                BOARD_InitPins
 .text.CLOCK_SetSimSafeDivs
                0x00000a44       0x24 CMakeFiles/i2c_interrupt_b2b_transfer_master.elf.dir/C_/Users/Jkastelic/Documents/projects/CG735/software/K66_tutorial/3_I2C/board/clock_config.c.obj
 .text.CLOCK_SetXtal0Freq
                0x00000a68       0x20 CMakeFiles/i2c_interrupt_b2b_transfer_master.elf.dir/C_/Users/Jkastelic/Documents/projects/CG735/software/K66_tutorial/3_I2C/board/clock_config.c.obj
 .text.CLOCK_CONFIG_SetFllExtRefDiv
                0x00000a88       0x3c CMakeFiles/i2c_interrupt_b2b_transfer_master.elf.dir/C_/Users/Jkastelic/Documents/projects/CG735/software/K66_tutorial/3_I2C/board/clock_config.c.obj
 .text.BOARD_InitBootClocks
                0x00000ac4        0xc CMakeFiles/i2c_interrupt_b2b_transfer_master.elf.dir/C_/Users/Jkastelic/Documents/projects/CG735/software/K66_tutorial/3_I2C/board/clock_config.c.obj
                0x00000ac4                BOARD_InitBootClocks
 .text.BOARD_BootClockRUN
                0x00000ad0       0x60 CMakeFiles/i2c_interrupt_b2b_transfer_master.elf.dir/C_/Users/Jkastelic/Documents/projects/CG735/software/K66_tutorial/3_I2C/board/clock_config.c.obj
                0x00000ad0                BOARD_BootClockRUN
 .text.DbgConsole_Init
                0x00000b30       0x74 CMakeFiles/i2c_interrupt_b2b_transfer_master.elf.dir/d5dd160be467181b57b3f4ba0395daff/devices/MK66F18/utilities/debug_console_lite/fsl_debug_console.c.obj
                0x00000b30                DbgConsole_Init
 .text.DbgConsole_Printf
                0x00000ba4       0x2c CMakeFiles/i2c_interrupt_b2b_transfer_master.elf.dir/d5dd160be467181b57b3f4ba0395daff/devices/MK66F18/utilities/debug_console_lite/fsl_debug_console.c.obj
                0x00000ba4                DbgConsole_Printf
 .text.DbgConsole_Vprintf
                0x00000bd0       0x3c CMakeFiles/i2c_interrupt_b2b_transfer_master.elf.dir/d5dd160be467181b57b3f4ba0395daff/devices/MK66F18/utilities/debug_console_lite/fsl_debug_console.c.obj
                0x00000bd0                DbgConsole_Vprintf
 .text.DbgConsole_Putchar
                0x00000c0c       0x30 CMakeFiles/i2c_interrupt_b2b_transfer_master.elf.dir/d5dd160be467181b57b3f4ba0395daff/devices/MK66F18/utilities/debug_console_lite/fsl_debug_console.c.obj
                0x00000c0c                DbgConsole_Putchar
 .text.DbgConsole_PrintfPaddingCharacter
                0x00000c3c       0x40 CMakeFiles/i2c_interrupt_b2b_transfer_master.elf.dir/d5dd160be467181b57b3f4ba0395daff/devices/MK66F18/utilities/debug_console_lite/fsl_debug_console.c.obj
 .text.DbgConsole_ConvertRadixNumToString
                0x00000c7c       0xc2 CMakeFiles/i2c_interrupt_b2b_transfer_master.elf.dir/d5dd160be467181b57b3f4ba0395daff/devices/MK66F18/utilities/debug_console_lite/fsl_debug_console.c.obj
 *fill*         0x00000d3e        0x2 
 .text.DbgConsole_PrintfFormattedData
                0x00000d40      0x3e0 CMakeFiles/i2c_interrupt_b2b_transfer_master.elf.dir/d5dd160be467181b57b3f4ba0395daff/devices/MK66F18/utilities/debug_console_lite/fsl_debug_console.c.obj
 .text.HAL_UartGetStatus
                0x00001120       0x22 CMakeFiles/i2c_interrupt_b2b_transfer_master.elf.dir/C_/Users/Jkastelic/Documents/projects/CG735/software/SDK_2_11_0_FRDM-K66F/components/uart/fsl_adapter_uart.c.obj
 *fill*         0x00001142        0x2 
 .text.HAL_UartInit
                0x00001144      0x148 CMakeFiles/i2c_interrupt_b2b_transfer_master.elf.dir/C_/Users/Jkastelic/Documents/projects/CG735/software/SDK_2_11_0_FRDM-K66F/components/uart/fsl_adapter_uart.c.obj
                0x00001144                HAL_UartInit
 .text.HAL_UartReceiveBlocking
                0x0000128c       0x8c CMakeFiles/i2c_interrupt_b2b_transfer_master.elf.dir/C_/Users/Jkastelic/Documents/projects/CG735/software/SDK_2_11_0_FRDM-K66F/components/uart/fsl_adapter_uart.c.obj
                0x0000128c                HAL_UartReceiveBlocking
 .text.HAL_UartSendBlocking
                0x00001318       0x84 CMakeFiles/i2c_interrupt_b2b_transfer_master.elf.dir/C_/Users/Jkastelic/Documents/projects/CG735/software/SDK_2_11_0_FRDM-K66F/components/uart/fsl_adapter_uart.c.obj
                0x00001318                HAL_UartSendBlocking
 .text.CLOCK_SetEr32kClock
                0x0000139c       0x30 CMakeFiles/i2c_interrupt_b2b_transfer_master.elf.dir/C_/Users/Jkastelic/Documents/projects/CG735/software/SDK_2_11_0_FRDM-K66F/devices/MK66F18/drivers/fsl_clock.c.obj
 .text.CLOCK_SetPllFllSelClock
                0x000013cc       0x54 CMakeFiles/i2c_interrupt_b2b_transfer_master.elf.dir/C_/Users/Jkastelic/Documents/projects/CG735/software/SDK_2_11_0_FRDM-K66F/devices/MK66F18/drivers/fsl_clock.c.obj
 .text.OSC_SetExtRefClkConfig
                0x00001420       0x40 CMakeFiles/i2c_interrupt_b2b_transfer_master.elf.dir/C_/Users/Jkastelic/Documents/projects/CG735/software/SDK_2_11_0_FRDM-K66F/devices/MK66F18/drivers/fsl_clock.c.obj
 .text.OSC_SetCapLoad
                0x00001460       0x34 CMakeFiles/i2c_interrupt_b2b_transfer_master.elf.dir/C_/Users/Jkastelic/Documents/projects/CG735/software/SDK_2_11_0_FRDM-K66F/devices/MK66F18/drivers/fsl_clock.c.obj
 .text.CLOCK_GetMcgExtClkFreq
                0x00001494       0x90 CMakeFiles/i2c_interrupt_b2b_transfer_master.elf.dir/C_/Users/Jkastelic/Documents/projects/CG735/software/SDK_2_11_0_FRDM-K66F/devices/MK66F18/drivers/fsl_clock.c.obj
 .text.CLOCK_GetFllExtRefClkFreq
                0x00001524       0xb0 CMakeFiles/i2c_interrupt_b2b_transfer_master.elf.dir/C_/Users/Jkastelic/Documents/projects/CG735/software/SDK_2_11_0_FRDM-K66F/devices/MK66F18/drivers/fsl_clock.c.obj
 .text.CLOCK_GetInternalRefClkSelectFreq
                0x000015d4       0x4c CMakeFiles/i2c_interrupt_b2b_transfer_master.elf.dir/C_/Users/Jkastelic/Documents/projects/CG735/software/SDK_2_11_0_FRDM-K66F/devices/MK66F18/drivers/fsl_clock.c.obj
 .text.CLOCK_GetFllRefClkFreq
                0x00001620       0x34 CMakeFiles/i2c_interrupt_b2b_transfer_master.elf.dir/C_/Users/Jkastelic/Documents/projects/CG735/software/SDK_2_11_0_FRDM-K66F/devices/MK66F18/drivers/fsl_clock.c.obj
 .text.CLOCK_GetPll0RefFreq
                0x00001654        0xe CMakeFiles/i2c_interrupt_b2b_transfer_master.elf.dir/C_/Users/Jkastelic/Documents/projects/CG735/software/SDK_2_11_0_FRDM-K66F/devices/MK66F18/drivers/fsl_clock.c.obj
 *fill*         0x00001662        0x2 
 .text.CLOCK_GetOscRangeFromFreq
                0x00001664       0x3c CMakeFiles/i2c_interrupt_b2b_transfer_master.elf.dir/C_/Users/Jkastelic/Documents/projects/CG735/software/SDK_2_11_0_FRDM-K66F/devices/MK66F18/drivers/fsl_clock.c.obj
 .text.CLOCK_GetOsc0ErClkUndivFreq
                0x000016a0       0x54 CMakeFiles/i2c_interrupt_b2b_transfer_master.elf.dir/C_/Users/Jkastelic/Documents/projects/CG735/software/SDK_2_11_0_FRDM-K66F/devices/MK66F18/drivers/fsl_clock.c.obj
                0x000016a0                CLOCK_GetOsc0ErClkUndivFreq
 .text.CLOCK_GetOsc0ErClkDivFreq
                0x000016f4       0x68 CMakeFiles/i2c_interrupt_b2b_transfer_master.elf.dir/C_/Users/Jkastelic/Documents/projects/CG735/software/SDK_2_11_0_FRDM-K66F/devices/MK66F18/drivers/fsl_clock.c.obj
                0x000016f4                CLOCK_GetOsc0ErClkDivFreq
 .text.CLOCK_GetEr32kClkFreq
                0x0000175c       0x84 CMakeFiles/i2c_interrupt_b2b_transfer_master.elf.dir/C_/Users/Jkastelic/Documents/projects/CG735/software/SDK_2_11_0_FRDM-K66F/devices/MK66F18/drivers/fsl_clock.c.obj
                0x0000175c                CLOCK_GetEr32kClkFreq
 .text.CLOCK_GetPllFllSelClkFreq
                0x000017e0       0x90 CMakeFiles/i2c_interrupt_b2b_transfer_master.elf.dir/C_/Users/Jkastelic/Documents/projects/CG735/software/SDK_2_11_0_FRDM-K66F/devices/MK66F18/drivers/fsl_clock.c.obj
                0x000017e0                CLOCK_GetPllFllSelClkFreq
 .text.CLOCK_GetCoreSysClkFreq
                0x00001870       0x28 CMakeFiles/i2c_interrupt_b2b_transfer_master.elf.dir/C_/Users/Jkastelic/Documents/projects/CG735/software/SDK_2_11_0_FRDM-K66F/devices/MK66F18/drivers/fsl_clock.c.obj
                0x00001870                CLOCK_GetCoreSysClkFreq
 .text.CLOCK_GetFreq
                0x00001898      0x148 CMakeFiles/i2c_interrupt_b2b_transfer_master.elf.dir/C_/Users/Jkastelic/Documents/projects/CG735/software/SDK_2_11_0_FRDM-K66F/devices/MK66F18/drivers/fsl_clock.c.obj
                0x00001898                CLOCK_GetFreq
 .text.CLOCK_SetSimConfig
                0x000019e0       0x40 CMakeFiles/i2c_interrupt_b2b_transfer_master.elf.dir/C_/Users/Jkastelic/Documents/projects/CG735/software/SDK_2_11_0_FRDM-K66F/devices/MK66F18/drivers/fsl_clock.c.obj
                0x000019e0                CLOCK_SetSimConfig
 .text.CLOCK_GetOutClkFreq
                0x00001a20       0x90 CMakeFiles/i2c_interrupt_b2b_transfer_master.elf.dir/C_/Users/Jkastelic/Documents/projects/CG735/software/SDK_2_11_0_FRDM-K66F/devices/MK66F18/drivers/fsl_clock.c.obj
                0x00001a20                CLOCK_GetOutClkFreq
 .text.CLOCK_GetFllFreq
                0x00001ab0       0x84 CMakeFiles/i2c_interrupt_b2b_transfer_master.elf.dir/C_/Users/Jkastelic/Documents/projects/CG735/software/SDK_2_11_0_FRDM-K66F/devices/MK66F18/drivers/fsl_clock.c.obj
                0x00001ab0                CLOCK_GetFllFreq
 .text.CLOCK_GetInternalRefClkFreq
                0x00001b34       0x30 CMakeFiles/i2c_interrupt_b2b_transfer_master.elf.dir/C_/Users/Jkastelic/Documents/projects/CG735/software/SDK_2_11_0_FRDM-K66F/devices/MK66F18/drivers/fsl_clock.c.obj
                0x00001b34                CLOCK_GetInternalRefClkFreq
 .text.CLOCK_GetFixedFreqClkFreq
                0x00001b64       0x34 CMakeFiles/i2c_interrupt_b2b_transfer_master.elf.dir/C_/Users/Jkastelic/Documents/projects/CG735/software/SDK_2_11_0_FRDM-K66F/devices/MK66F18/drivers/fsl_clock.c.obj
                0x00001b64                CLOCK_GetFixedFreqClkFreq
 .text.CLOCK_GetPll0Freq
                0x00001b98       0x8c CMakeFiles/i2c_interrupt_b2b_transfer_master.elf.dir/C_/Users/Jkastelic/Documents/projects/CG735/software/SDK_2_11_0_FRDM-K66F/devices/MK66F18/drivers/fsl_clock.c.obj
                0x00001b98                CLOCK_GetPll0Freq
 .text.CLOCK_GetExtPllFreq
                0x00001c24       0x18 CMakeFiles/i2c_interrupt_b2b_transfer_master.elf.dir/C_/Users/Jkastelic/Documents/projects/CG735/software/SDK_2_11_0_FRDM-K66F/devices/MK66F18/drivers/fsl_clock.c.obj
                0x00001c24                CLOCK_GetExtPllFreq
 .text.CLOCK_SetExternalRefClkConfig
                0x00001c3c       0x6c CMakeFiles/i2c_interrupt_b2b_transfer_master.elf.dir/C_/Users/Jkastelic/Documents/projects/CG735/software/SDK_2_11_0_FRDM-K66F/devices/MK66F18/drivers/fsl_clock.c.obj
                0x00001c3c                CLOCK_SetExternalRefClkConfig
 .text.CLOCK_SetInternalRefClkConfig
                0x00001ca8      0x104 CMakeFiles/i2c_interrupt_b2b_transfer_master.elf.dir/C_/Users/Jkastelic/Documents/projects/CG735/software/SDK_2_11_0_FRDM-K66F/devices/MK66F18/drivers/fsl_clock.c.obj
                0x00001ca8                CLOCK_SetInternalRefClkConfig
 .text.CLOCK_EnablePll0
                0x00001dac       0x98 CMakeFiles/i2c_interrupt_b2b_transfer_master.elf.dir/C_/Users/Jkastelic/Documents/projects/CG735/software/SDK_2_11_0_FRDM-K66F/devices/MK66F18/drivers/fsl_clock.c.obj
                0x00001dac                CLOCK_EnablePll0
 .text.CLOCK_InitOsc0
                0x00001e44       0x8c CMakeFiles/i2c_interrupt_b2b_transfer_master.elf.dir/C_/Users/Jkastelic/Documents/projects/CG735/software/SDK_2_11_0_FRDM-K66F/devices/MK66F18/drivers/fsl_clock.c.obj
                0x00001e44                CLOCK_InitOsc0
 .text.CLOCK_SetPbeMode
                0x00001ed0       0xf8 CMakeFiles/i2c_interrupt_b2b_transfer_master.elf.dir/C_/Users/Jkastelic/Documents/projects/CG735/software/SDK_2_11_0_FRDM-K66F/devices/MK66F18/drivers/fsl_clock.c.obj
                0x00001ed0                CLOCK_SetPbeMode
 .text.CLOCK_BootToPeeMode
                0x00001fc8       0x78 CMakeFiles/i2c_interrupt_b2b_transfer_master.elf.dir/C_/Users/Jkastelic/Documents/projects/CG735/software/SDK_2_11_0_FRDM-K66F/devices/MK66F18/drivers/fsl_clock.c.obj
                0x00001fc8                CLOCK_BootToPeeMode
 .text.CLOCK_EnableClock
                0x00002040       0x34 CMakeFiles/i2c_interrupt_b2b_transfer_master.elf.dir/C_/Users/Jkastelic/Documents/projects/CG735/software/SDK_2_11_0_FRDM-K66F/devices/MK66F18/drivers/fsl_uart.c.obj
 .text.UART_GetInstance
                0x00002074       0x60 CMakeFiles/i2c_interrupt_b2b_transfer_master.elf.dir/C_/Users/Jkastelic/Documents/projects/CG735/software/SDK_2_11_0_FRDM-K66F/devices/MK66F18/drivers/fsl_uart.c.obj
                0x00002074                UART_GetInstance
 .text.UART_Init
                0x000020d4      0x314 CMakeFiles/i2c_interrupt_b2b_transfer_master.elf.dir/C_/Users/Jkastelic/Documents/projects/CG735/software/SDK_2_11_0_FRDM-K66F/devices/MK66F18/drivers/fsl_uart.c.obj
                0x000020d4                UART_Init
 .text.UART_GetDefaultConfig
                0x000023e8       0x78 CMakeFiles/i2c_interrupt_b2b_transfer_master.elf.dir/C_/Users/Jkastelic/Documents/projects/CG735/software/SDK_2_11_0_FRDM-K66F/devices/MK66F18/drivers/fsl_uart.c.obj
                0x000023e8                UART_GetDefaultConfig
 .text.UART_GetStatusFlags
                0x00002460       0x48 CMakeFiles/i2c_interrupt_b2b_transfer_master.elf.dir/C_/Users/Jkastelic/Documents/projects/CG735/software/SDK_2_11_0_FRDM-K66F/devices/MK66F18/drivers/fsl_uart.c.obj
                0x00002460                UART_GetStatusFlags
 .text.UART_ClearStatusFlags
                0x000024a8       0x80 CMakeFiles/i2c_interrupt_b2b_transfer_master.elf.dir/C_/Users/Jkastelic/Documents/projects/CG735/software/SDK_2_11_0_FRDM-K66F/devices/MK66F18/drivers/fsl_uart.c.obj
                0x000024a8                UART_ClearStatusFlags
 .text.UART_WriteBlocking
                0x00002528       0x50 CMakeFiles/i2c_interrupt_b2b_transfer_master.elf.dir/C_/Users/Jkastelic/Documents/projects/CG735/software/SDK_2_11_0_FRDM-K66F/devices/MK66F18/drivers/fsl_uart.c.obj
                0x00002528                UART_WriteBlocking
 .text.UART_ReadBlocking
                0x00002578      0x10c CMakeFiles/i2c_interrupt_b2b_transfer_master.elf.dir/C_/Users/Jkastelic/Documents/projects/CG735/software/SDK_2_11_0_FRDM-K66F/devices/MK66F18/drivers/fsl_uart.c.obj
                0x00002578                UART_ReadBlocking
 .text.UART0_DriverIRQHandler
                0x00002684       0x28 CMakeFiles/i2c_interrupt_b2b_transfer_master.elf.dir/C_/Users/Jkastelic/Documents/projects/CG735/software/SDK_2_11_0_FRDM-K66F/devices/MK66F18/drivers/fsl_uart.c.obj
                0x00002684                UART0_DriverIRQHandler
 .text.UART0_RX_TX_DriverIRQHandler
                0x000026ac       0x12 CMakeFiles/i2c_interrupt_b2b_transfer_master.elf.dir/C_/Users/Jkastelic/Documents/projects/CG735/software/SDK_2_11_0_FRDM-K66F/devices/MK66F18/drivers/fsl_uart.c.obj
                0x000026ac                UART0_RX_TX_DriverIRQHandler
 *fill*         0x000026be        0x2 
 .text.UART1_DriverIRQHandler
                0x000026c0       0x28 CMakeFiles/i2c_interrupt_b2b_transfer_master.elf.dir/C_/Users/Jkastelic/Documents/projects/CG735/software/SDK_2_11_0_FRDM-K66F/devices/MK66F18/drivers/fsl_uart.c.obj
                0x000026c0                UART1_DriverIRQHandler
 .text.UART1_RX_TX_DriverIRQHandler
                0x000026e8       0x12 CMakeFiles/i2c_interrupt_b2b_transfer_master.elf.dir/C_/Users/Jkastelic/Documents/projects/CG735/software/SDK_2_11_0_FRDM-K66F/devices/MK66F18/drivers/fsl_uart.c.obj
                0x000026e8                UART1_RX_TX_DriverIRQHandler
 *fill*         0x000026fa        0x2 
 .text.UART2_DriverIRQHandler
                0x000026fc       0x28 CMakeFiles/i2c_interrupt_b2b_transfer_master.elf.dir/C_/Users/Jkastelic/Documents/projects/CG735/software/SDK_2_11_0_FRDM-K66F/devices/MK66F18/drivers/fsl_uart.c.obj
                0x000026fc                UART2_DriverIRQHandler
 .text.UART2_RX_TX_DriverIRQHandler
                0x00002724       0x12 CMakeFiles/i2c_interrupt_b2b_transfer_master.elf.dir/C_/Users/Jkastelic/Documents/projects/CG735/software/SDK_2_11_0_FRDM-K66F/devices/MK66F18/drivers/fsl_uart.c.obj
                0x00002724                UART2_RX_TX_DriverIRQHandler
 *fill*         0x00002736        0x2 
 .text.UART3_DriverIRQHandler
                0x00002738       0x28 CMakeFiles/i2c_interrupt_b2b_transfer_master.elf.dir/C_/Users/Jkastelic/Documents/projects/CG735/software/SDK_2_11_0_FRDM-K66F/devices/MK66F18/drivers/fsl_uart.c.obj
                0x00002738                UART3_DriverIRQHandler
 .text.UART3_RX_TX_DriverIRQHandler
                0x00002760       0x12 CMakeFiles/i2c_interrupt_b2b_transfer_master.elf.dir/C_/Users/Jkastelic/Documents/projects/CG735/software/SDK_2_11_0_FRDM-K66F/devices/MK66F18/drivers/fsl_uart.c.obj
                0x00002760                UART3_RX_TX_DriverIRQHandler
 *fill*         0x00002772        0x2 
 .text.UART4_DriverIRQHandler
                0x00002774       0x28 CMakeFiles/i2c_interrupt_b2b_transfer_master.elf.dir/C_/Users/Jkastelic/Documents/projects/CG735/software/SDK_2_11_0_FRDM-K66F/devices/MK66F18/drivers/fsl_uart.c.obj
                0x00002774                UART4_DriverIRQHandler
 .text.UART4_RX_TX_DriverIRQHandler
                0x0000279c       0x12 CMakeFiles/i2c_interrupt_b2b_transfer_master.elf.dir/C_/Users/Jkastelic/Documents/projects/CG735/software/SDK_2_11_0_FRDM-K66F/devices/MK66F18/drivers/fsl_uart.c.obj
                0x0000279c                UART4_RX_TX_DriverIRQHandler
 *fill*         0x000027ae        0x2 
 .text.__assert_func
                0x000027b0       0x28 CMakeFiles/i2c_interrupt_b2b_transfer_master.elf.dir/b0b496073d70a8757128fba2b6fdde3b/SDK_2_11_0_FRDM-K66F/devices/MK66F18/utilities/debug_console_lite/fsl_assert.c.obj
                0x000027b0                __assert_func
 .text.SystemInit
                0x000027d8       0x3c CMakeFiles/i2c_interrupt_b2b_transfer_master.elf.dir/C_/Users/Jkastelic/Documents/projects/CG735/software/SDK_2_11_0_FRDM-K66F/devices/MK66F18/system_MK66F18.c.obj
                0x000027d8                SystemInit
 .text.SystemInitHook
                0x00002814        0xe CMakeFiles/i2c_interrupt_b2b_transfer_master.elf.dir/C_/Users/Jkastelic/Documents/projects/CG735/software/SDK_2_11_0_FRDM-K66F/devices/MK66F18/system_MK66F18.c.obj
                0x00002814                SystemInitHook
 *fill*         0x00002822        0x2 
 .text.LPUART0_DriverIRQHandler
                0x00002824       0x28 CMakeFiles/i2c_interrupt_b2b_transfer_master.elf.dir/C_/Users/Jkastelic/Documents/projects/CG735/software/SDK_2_11_0_FRDM-K66F/devices/MK66F18/drivers/fsl_lpuart.c.obj
                0x00002824                LPUART0_DriverIRQHandler
 .text.__NVIC_EnableIRQ
                0x0000284c       0x3c CMakeFiles/i2c_interrupt_b2b_transfer_master.elf.dir/C_/Users/Jkastelic/Documents/projects/CG735/software/SDK_2_11_0_FRDM-K66F/devices/MK66F18/drivers/fsl_i2c.c.obj
 .text.CLOCK_EnableClock
                0x00002888       0x34 CMakeFiles/i2c_interrupt_b2b_transfer_master.elf.dir/C_/Users/Jkastelic/Documents/projects/CG735/software/SDK_2_11_0_FRDM-K66F/devices/MK66F18/drivers/fsl_i2c.c.obj
 .text.EnableIRQ
                0x000028bc       0x32 CMakeFiles/i2c_interrupt_b2b_transfer_master.elf.dir/C_/Users/Jkastelic/Documents/projects/CG735/software/SDK_2_11_0_FRDM-K66F/devices/MK66F18/drivers/fsl_i2c.c.obj
 .text.I2C_MasterClearStatusFlags
                0x000028ee       0x5a CMakeFiles/i2c_interrupt_b2b_transfer_master.elf.dir/C_/Users/Jkastelic/Documents/projects/CG735/software/SDK_2_11_0_FRDM-K66F/devices/MK66F18/drivers/fsl_i2c.c.obj
 .text.I2C_GetInstance
                0x00002948       0x58 CMakeFiles/i2c_interrupt_b2b_transfer_master.elf.dir/C_/Users/Jkastelic/Documents/projects/CG735/software/SDK_2_11_0_FRDM-K66F/devices/MK66F18/drivers/fsl_i2c.c.obj
                0x00002948                I2C_GetInstance
 .text.I2C_InitTransferStateMachine
                0x000029a0       0xd4 CMakeFiles/i2c_interrupt_b2b_transfer_master.elf.dir/C_/Users/Jkastelic/Documents/projects/CG735/software/SDK_2_11_0_FRDM-K66F/devices/MK66F18/drivers/fsl_i2c.c.obj
 .text.I2C_CheckAndClearError
                0x00002a74       0x44 CMakeFiles/i2c_interrupt_b2b_transfer_master.elf.dir/C_/Users/Jkastelic/Documents/projects/CG735/software/SDK_2_11_0_FRDM-K66F/devices/MK66F18/drivers/fsl_i2c.c.obj
 .text.I2C_MasterTransferRunStateMachine
                0x00002ab8      0x25c CMakeFiles/i2c_interrupt_b2b_transfer_master.elf.dir/C_/Users/Jkastelic/Documents/projects/CG735/software/SDK_2_11_0_FRDM-K66F/devices/MK66F18/drivers/fsl_i2c.c.obj
 .text.I2C_TransferCommonIRQHandler
                0x00002d14       0x58 CMakeFiles/i2c_interrupt_b2b_transfer_master.elf.dir/C_/Users/Jkastelic/Documents/projects/CG735/software/SDK_2_11_0_FRDM-K66F/devices/MK66F18/drivers/fsl_i2c.c.obj
 .text.I2C_MasterInit
                0x00002d6c       0xfc CMakeFiles/i2c_interrupt_b2b_transfer_master.elf.dir/C_/Users/Jkastelic/Documents/projects/CG735/software/SDK_2_11_0_FRDM-K66F/devices/MK66F18/drivers/fsl_i2c.c.obj
                0x00002d6c                I2C_MasterInit
 .text.I2C_MasterGetDefaultConfig
                0x00002e68       0x58 CMakeFiles/i2c_interrupt_b2b_transfer_master.elf.dir/C_/Users/Jkastelic/Documents/projects/CG735/software/SDK_2_11_0_FRDM-K66F/devices/MK66F18/drivers/fsl_i2c.c.obj
                0x00002e68                I2C_MasterGetDefaultConfig
 .text.I2C_EnableInterrupts
                0x00002ec0       0x56 CMakeFiles/i2c_interrupt_b2b_transfer_master.elf.dir/C_/Users/Jkastelic/Documents/projects/CG735/software/SDK_2_11_0_FRDM-K66F/devices/MK66F18/drivers/fsl_i2c.c.obj
                0x00002ec0                I2C_EnableInterrupts
 .text.I2C_DisableInterrupts
                0x00002f16       0x4a CMakeFiles/i2c_interrupt_b2b_transfer_master.elf.dir/C_/Users/Jkastelic/Documents/projects/CG735/software/SDK_2_11_0_FRDM-K66F/devices/MK66F18/drivers/fsl_i2c.c.obj
                0x00002f16                I2C_DisableInterrupts
 .text.I2C_MasterSetBaudRate
                0x00002f60       0xe8 CMakeFiles/i2c_interrupt_b2b_transfer_master.elf.dir/C_/Users/Jkastelic/Documents/projects/CG735/software/SDK_2_11_0_FRDM-K66F/devices/MK66F18/drivers/fsl_i2c.c.obj
                0x00002f60                I2C_MasterSetBaudRate
 .text.I2C_MasterStart
                0x00003048       0x62 CMakeFiles/i2c_interrupt_b2b_transfer_master.elf.dir/C_/Users/Jkastelic/Documents/projects/CG735/software/SDK_2_11_0_FRDM-K66F/devices/MK66F18/drivers/fsl_i2c.c.obj
                0x00003048                I2C_MasterStart
 .text.I2C_MasterRepeatedStart
                0x000030aa       0x9a CMakeFiles/i2c_interrupt_b2b_transfer_master.elf.dir/C_/Users/Jkastelic/Documents/projects/CG735/software/SDK_2_11_0_FRDM-K66F/devices/MK66F18/drivers/fsl_i2c.c.obj
                0x000030aa                I2C_MasterRepeatedStart
 .text.I2C_MasterStop
                0x00003144       0x3a CMakeFiles/i2c_interrupt_b2b_transfer_master.elf.dir/C_/Users/Jkastelic/Documents/projects/CG735/software/SDK_2_11_0_FRDM-K66F/devices/MK66F18/drivers/fsl_i2c.c.obj
                0x00003144                I2C_MasterStop
 .text.I2C_MasterGetStatusFlags
                0x0000317e       0x4a CMakeFiles/i2c_interrupt_b2b_transfer_master.elf.dir/C_/Users/Jkastelic/Documents/projects/CG735/software/SDK_2_11_0_FRDM-K66F/devices/MK66F18/drivers/fsl_i2c.c.obj
                0x0000317e                I2C_MasterGetStatusFlags
 .text.I2C_MasterTransferCreateHandle
                0x000031c8       0x84 CMakeFiles/i2c_interrupt_b2b_transfer_master.elf.dir/C_/Users/Jkastelic/Documents/projects/CG735/software/SDK_2_11_0_FRDM-K66F/devices/MK66F18/drivers/fsl_i2c.c.obj
                0x000031c8                I2C_MasterTransferCreateHandle
 .text.I2C_MasterTransferNonBlocking
                0x0000324c       0x7c CMakeFiles/i2c_interrupt_b2b_transfer_master.elf.dir/C_/Users/Jkastelic/Documents/projects/CG735/software/SDK_2_11_0_FRDM-K66F/devices/MK66F18/drivers/fsl_i2c.c.obj
                0x0000324c                I2C_MasterTransferNonBlocking
 .text.I2C_MasterTransferHandleIRQ
                0x000032c8       0xc4 CMakeFiles/i2c_interrupt_b2b_transfer_master.elf.dir/C_/Users/Jkastelic/Documents/projects/CG735/software/SDK_2_11_0_FRDM-K66F/devices/MK66F18/drivers/fsl_i2c.c.obj
                0x000032c8                I2C_MasterTransferHandleIRQ
 .text.I2C0_DriverIRQHandler
                0x0000338c       0x1c CMakeFiles/i2c_interrupt_b2b_transfer_master.elf.dir/C_/Users/Jkastelic/Documents/projects/CG735/software/SDK_2_11_0_FRDM-K66F/devices/MK66F18/drivers/fsl_i2c.c.obj
                0x0000338c                I2C0_DriverIRQHandler
 .text.I2C1_DriverIRQHandler
                0x000033a8       0x1c CMakeFiles/i2c_interrupt_b2b_transfer_master.elf.dir/C_/Users/Jkastelic/Documents/projects/CG735/software/SDK_2_11_0_FRDM-K66F/devices/MK66F18/drivers/fsl_i2c.c.obj
                0x000033a8                I2C1_DriverIRQHandler
 .text.I2C2_DriverIRQHandler
                0x000033c4       0x1c CMakeFiles/i2c_interrupt_b2b_transfer_master.elf.dir/C_/Users/Jkastelic/Documents/projects/CG735/software/SDK_2_11_0_FRDM-K66F/devices/MK66F18/drivers/fsl_i2c.c.obj
                0x000033c4                I2C2_DriverIRQHandler
 .text.I2C3_DriverIRQHandler
                0x000033e0       0x1c CMakeFiles/i2c_interrupt_b2b_transfer_master.elf.dir/C_/Users/Jkastelic/Documents/projects/CG735/software/SDK_2_11_0_FRDM-K66F/devices/MK66F18/drivers/fsl_i2c.c.obj
                0x000033e0                I2C3_DriverIRQHandler
 .text.exit     0x000033fc       0x24 c:/progra~2/armgnu~1/125863~1.3re/bin/../lib/gcc/arm-none-eabi/12.3.1/thumb/v7e-m+fp/hard\libc_nano.a(libc_a-exit.o)
                0x000033fc                exit
 .text.memset   0x00003420       0x10 c:/progra~2/armgnu~1/125863~1.3re/bin/../lib/gcc/arm-none-eabi/12.3.1/thumb/v7e-m+fp/hard\libc_nano.a(libc_a-memset.o)
                0x00003420                memset
 .text.__libc_init_array
                0x00003430       0x48 c:/progra~2/armgnu~1/125863~1.3re/bin/../lib/gcc/arm-none-eabi/12.3.1/thumb/v7e-m+fp/hard\libc_nano.a(libc_a-init.o)
                0x00003430                __libc_init_array
 .text.memcpy   0x00003478       0x1c c:/progra~2/armgnu~1/125863~1.3re/bin/../lib/gcc/arm-none-eabi/12.3.1/thumb/v7e-m+fp/hard\libc_nano.a(libc_a-memcpy-stub.o)
                0x00003478                memcpy
 .text._exit    0x00003494        0x4 c:/progra~2/armgnu~1/125863~1.3re/bin/../lib/gcc/arm-none-eabi/12.3.1/thumb/v7e-m+fp/hard\libnosys.a(_exit.o)
                0x00003494                _exit
 *(.rodata)
 .rodata        0x00003498       0x81 CMakeFiles/i2c_interrupt_b2b_transfer_master.elf.dir/C_/Users/Jkastelic/Documents/projects/CG735/software/K66_tutorial/3_I2C/i2c_interrupt_b2b_transfer_master.c.obj
 *fill*         0x00003519        0x3 
 .rodata        0x0000351c       0x75 CMakeFiles/i2c_interrupt_b2b_transfer_master.elf.dir/C_/Users/Jkastelic/Documents/projects/CG735/software/K66_tutorial/3_I2C/board/pin_mux.c.obj
 *fill*         0x00003591        0x3 
 .rodata        0x00003594       0xfb CMakeFiles/i2c_interrupt_b2b_transfer_master.elf.dir/C_/Users/Jkastelic/Documents/projects/CG735/software/SDK_2_11_0_FRDM-K66F/components/uart/fsl_adapter_uart.c.obj
 *fill*         0x0000368f        0x1 
 .rodata        0x00003690      0x16e CMakeFiles/i2c_interrupt_b2b_transfer_master.elf.dir/C_/Users/Jkastelic/Documents/projects/CG735/software/SDK_2_11_0_FRDM-K66F/devices/MK66F18/drivers/fsl_clock.c.obj
 *fill*         0x000037fe        0x2 
 .rodata        0x00003800      0x21a CMakeFiles/i2c_interrupt_b2b_transfer_master.elf.dir/C_/Users/Jkastelic/Documents/projects/CG735/software/SDK_2_11_0_FRDM-K66F/devices/MK66F18/drivers/fsl_uart.c.obj
 *fill*         0x00003a1a        0x2 
 .rodata        0x00003a1c       0x3e CMakeFiles/i2c_interrupt_b2b_transfer_master.elf.dir/b0b496073d70a8757128fba2b6fdde3b/SDK_2_11_0_FRDM-K66F/devices/MK66F18/utilities/debug_console_lite/fsl_assert.c.obj
 *fill*         0x00003a5a        0x2 
 .rodata        0x00003a5c      0x142 CMakeFiles/i2c_interrupt_b2b_transfer_master.elf.dir/C_/Users/Jkastelic/Documents/projects/CG735/software/SDK_2_11_0_FRDM-K66F/devices/MK66F18/drivers/fsl_i2c.c.obj
 *(.rodata*)
 *fill*         0x00003b9e        0x2 
 .rodata.__func__.0
                0x00003ba0       0x12 CMakeFiles/i2c_interrupt_b2b_transfer_master.elf.dir/C_/Users/Jkastelic/Documents/projects/CG735/software/K66_tutorial/3_I2C/board/pin_mux.c.obj
 *fill*         0x00003bb2        0x2 
 .rodata.mcgConfig_BOARD_BootClockRUN
                0x00003bb4        0xc CMakeFiles/i2c_interrupt_b2b_transfer_master.elf.dir/C_/Users/Jkastelic/Documents/projects/CG735/software/K66_tutorial/3_I2C/board/clock_config.c.obj
                0x00003bb4                mcgConfig_BOARD_BootClockRUN
 .rodata.simConfig_BOARD_BootClockRUN
                0x00003bc0        0x8 CMakeFiles/i2c_interrupt_b2b_transfer_master.elf.dir/C_/Users/Jkastelic/Documents/projects/CG735/software/K66_tutorial/3_I2C/board/clock_config.c.obj
                0x00003bc0                simConfig_BOARD_BootClockRUN
 .rodata.oscConfig_BOARD_BootClockRUN
                0x00003bc8        0x8 CMakeFiles/i2c_interrupt_b2b_transfer_master.elf.dir/C_/Users/Jkastelic/Documents/projects/CG735/software/K66_tutorial/3_I2C/board/clock_config.c.obj
                0x00003bc8                oscConfig_BOARD_BootClockRUN
 .rodata.s_UartAdapterBase
                0x00003bd0       0x14 CMakeFiles/i2c_interrupt_b2b_transfer_master.elf.dir/C_/Users/Jkastelic/Documents/projects/CG735/software/SDK_2_11_0_FRDM-K66F/components/uart/fsl_adapter_uart.c.obj
 .rodata.__func__.5
                0x00003be4        0xd CMakeFiles/i2c_interrupt_b2b_transfer_master.elf.dir/C_/Users/Jkastelic/Documents/projects/CG735/software/SDK_2_11_0_FRDM-K66F/components/uart/fsl_adapter_uart.c.obj
 *fill*         0x00003bf1        0x3 
 .rodata.__func__.3
                0x00003bf4       0x18 CMakeFiles/i2c_interrupt_b2b_transfer_master.elf.dir/C_/Users/Jkastelic/Documents/projects/CG735/software/SDK_2_11_0_FRDM-K66F/components/uart/fsl_adapter_uart.c.obj
 .rodata.__func__.2
                0x00003c0c       0x15 CMakeFiles/i2c_interrupt_b2b_transfer_master.elf.dir/C_/Users/Jkastelic/Documents/projects/CG735/software/SDK_2_11_0_FRDM-K66F/components/uart/fsl_adapter_uart.c.obj
 *fill*         0x00003c21        0x3 
 .rodata.__func__.13
                0x00003c24       0x17 CMakeFiles/i2c_interrupt_b2b_transfer_master.elf.dir/C_/Users/Jkastelic/Documents/projects/CG735/software/SDK_2_11_0_FRDM-K66F/devices/MK66F18/drivers/fsl_clock.c.obj
 *fill*         0x00003c3b        0x1 
 .rodata.__func__.12
                0x00003c3c       0x1c CMakeFiles/i2c_interrupt_b2b_transfer_master.elf.dir/C_/Users/Jkastelic/Documents/projects/CG735/software/SDK_2_11_0_FRDM-K66F/devices/MK66F18/drivers/fsl_clock.c.obj
 .rodata.__func__.11
                0x00003c58       0x1a CMakeFiles/i2c_interrupt_b2b_transfer_master.elf.dir/C_/Users/Jkastelic/Documents/projects/CG735/software/SDK_2_11_0_FRDM-K66F/devices/MK66F18/drivers/fsl_clock.c.obj
 *fill*         0x00003c72        0x2 
 .rodata.__func__.10
                0x00003c74       0x16 CMakeFiles/i2c_interrupt_b2b_transfer_master.elf.dir/C_/Users/Jkastelic/Documents/projects/CG735/software/SDK_2_11_0_FRDM-K66F/devices/MK66F18/drivers/fsl_clock.c.obj
 *fill*         0x00003c8a        0x2 
 .rodata.fllFactorTable.6
                0x00003c8c       0x10 CMakeFiles/i2c_interrupt_b2b_transfer_master.elf.dir/C_/Users/Jkastelic/Documents/projects/CG735/software/SDK_2_11_0_FRDM-K66F/devices/MK66F18/drivers/fsl_clock.c.obj
 .rodata.__func__.5
                0x00003c9c       0x12 CMakeFiles/i2c_interrupt_b2b_transfer_master.elf.dir/C_/Users/Jkastelic/Documents/projects/CG735/software/SDK_2_11_0_FRDM-K66F/devices/MK66F18/drivers/fsl_clock.c.obj
 *fill*         0x00003cae        0x2 
 .rodata.__func__.4
                0x00003cb0       0x11 CMakeFiles/i2c_interrupt_b2b_transfer_master.elf.dir/C_/Users/Jkastelic/Documents/projects/CG735/software/SDK_2_11_0_FRDM-K66F/devices/MK66F18/drivers/fsl_clock.c.obj
 *fill*         0x00003cc1        0x3 
 .rodata.__func__.2
                0x00003cc4       0x11 CMakeFiles/i2c_interrupt_b2b_transfer_master.elf.dir/C_/Users/Jkastelic/Documents/projects/CG735/software/SDK_2_11_0_FRDM-K66F/devices/MK66F18/drivers/fsl_clock.c.obj
 *fill*         0x00003cd5        0x3 
 .rodata.__func__.1
                0x00003cd8       0x14 CMakeFiles/i2c_interrupt_b2b_transfer_master.elf.dir/C_/Users/Jkastelic/Documents/projects/CG735/software/SDK_2_11_0_FRDM-K66F/devices/MK66F18/drivers/fsl_clock.c.obj
 .rodata.s_uartBases
                0x00003cec       0x14 CMakeFiles/i2c_interrupt_b2b_transfer_master.elf.dir/C_/Users/Jkastelic/Documents/projects/CG735/software/SDK_2_11_0_FRDM-K66F/devices/MK66F18/drivers/fsl_uart.c.obj
 .rodata.s_uartClock
                0x00003d00       0x14 CMakeFiles/i2c_interrupt_b2b_transfer_master.elf.dir/C_/Users/Jkastelic/Documents/projects/CG735/software/SDK_2_11_0_FRDM-K66F/devices/MK66F18/drivers/fsl_uart.c.obj
 .rodata.__func__.20
                0x00003d14       0x11 CMakeFiles/i2c_interrupt_b2b_transfer_master.elf.dir/C_/Users/Jkastelic/Documents/projects/CG735/software/SDK_2_11_0_FRDM-K66F/devices/MK66F18/drivers/fsl_uart.c.obj
 *fill*         0x00003d25        0x3 
 .rodata.__func__.17
                0x00003d28        0xa CMakeFiles/i2c_interrupt_b2b_transfer_master.elf.dir/C_/Users/Jkastelic/Documents/projects/CG735/software/SDK_2_11_0_FRDM-K66F/devices/MK66F18/drivers/fsl_uart.c.obj
 *fill*         0x00003d32        0x2 
 .rodata.__func__.16
                0x00003d34       0x16 CMakeFiles/i2c_interrupt_b2b_transfer_master.elf.dir/C_/Users/Jkastelic/Documents/projects/CG735/software/SDK_2_11_0_FRDM-K66F/devices/MK66F18/drivers/fsl_uart.c.obj
 *fill*         0x00003d4a        0x2 
 .rodata.__func__.11
                0x00003d4c       0x12 CMakeFiles/i2c_interrupt_b2b_transfer_master.elf.dir/C_/Users/Jkastelic/Documents/projects/CG735/software/SDK_2_11_0_FRDM-K66F/devices/MK66F18/drivers/fsl_uart.c.obj
 *fill*         0x00003d5e        0x2 
 .rodata.s_i2cDividerTable
                0x00003d60       0x80 CMakeFiles/i2c_interrupt_b2b_transfer_master.elf.dir/C_/Users/Jkastelic/Documents/projects/CG735/software/SDK_2_11_0_FRDM-K66F/devices/MK66F18/drivers/fsl_i2c.c.obj
 .rodata.s_i2cIrqs
                0x00003de0        0x4 CMakeFiles/i2c_interrupt_b2b_transfer_master.elf.dir/C_/Users/Jkastelic/Documents/projects/CG735/software/SDK_2_11_0_FRDM-K66F/devices/MK66F18/drivers/fsl_i2c.c.obj
 .rodata.s_i2cClocks
                0x00003de4       0x10 CMakeFiles/i2c_interrupt_b2b_transfer_master.elf.dir/C_/Users/Jkastelic/Documents/projects/CG735/software/SDK_2_11_0_FRDM-K66F/devices/MK66F18/drivers/fsl_i2c.c.obj
 .rodata.s_i2cBases
                0x00003df4       0x10 CMakeFiles/i2c_interrupt_b2b_transfer_master.elf.dir/C_/Users/Jkastelic/Documents/projects/CG735/software/SDK_2_11_0_FRDM-K66F/devices/MK66F18/drivers/fsl_i2c.c.obj
 .rodata.__func__.16
                0x00003e04       0x10 CMakeFiles/i2c_interrupt_b2b_transfer_master.elf.dir/C_/Users/Jkastelic/Documents/projects/CG735/software/SDK_2_11_0_FRDM-K66F/devices/MK66F18/drivers/fsl_i2c.c.obj
 .rodata.__func__.15
                0x00003e14       0x22 CMakeFiles/i2c_interrupt_b2b_transfer_master.elf.dir/C_/Users/Jkastelic/Documents/projects/CG735/software/SDK_2_11_0_FRDM-K66F/devices/MK66F18/drivers/fsl_i2c.c.obj
 *fill*         0x00003e36        0x2 
 .rodata.__func__.14
                0x00003e38        0xf CMakeFiles/i2c_interrupt_b2b_transfer_master.elf.dir/C_/Users/Jkastelic/Documents/projects/CG735/software/SDK_2_11_0_FRDM-K66F/devices/MK66F18/drivers/fsl_i2c.c.obj
 *fill*         0x00003e47        0x1 
 .rodata.__func__.13
                0x00003e48       0x1b CMakeFiles/i2c_interrupt_b2b_transfer_master.elf.dir/C_/Users/Jkastelic/Documents/projects/CG735/software/SDK_2_11_0_FRDM-K66F/devices/MK66F18/drivers/fsl_i2c.c.obj
 *fill*         0x00003e63        0x1 
 .rodata.__func__.11
                0x00003e64       0x1f CMakeFiles/i2c_interrupt_b2b_transfer_master.elf.dir/C_/Users/Jkastelic/Documents/projects/CG735/software/SDK_2_11_0_FRDM-K66F/devices/MK66F18/drivers/fsl_i2c.c.obj
 *fill*         0x00003e83        0x1 
 .rodata.__func__.10
                0x00003e84       0x1e CMakeFiles/i2c_interrupt_b2b_transfer_master.elf.dir/C_/Users/Jkastelic/Documents/projects/CG735/software/SDK_2_11_0_FRDM-K66F/devices/MK66F18/drivers/fsl_i2c.c.obj
 *fill*         0x00003ea2        0x2 
 .rodata.__func__.7
                0x00003ea4       0x1c CMakeFiles/i2c_interrupt_b2b_transfer_master.elf.dir/C_/Users/Jkastelic/Documents/projects/CG735/software/SDK_2_11_0_FRDM-K66F/devices/MK66F18/drivers/fsl_i2c.c.obj
 *(.glue_7)
 .glue_7        0x00003ec0        0x0 linker stubs
 *(.glue_7t)
 .glue_7t       0x00003ec0        0x0 linker stubs
 *(.eh_frame)
 .eh_frame      0x00003ec0        0x0 c:/progra~2/armgnu~1/125863~1.3re/bin/../lib/gcc/arm-none-eabi/12.3.1/thumb/v7e-m+fp/hard/crtbegin.o
 *(.init)
 .init          0x00003ec0        0x4 c:/progra~2/armgnu~1/125863~1.3re/bin/../lib/gcc/arm-none-eabi/12.3.1/thumb/v7e-m+fp/hard/crti.o
                0x00003ec0                _init
 .init          0x00003ec4        0x8 c:/progra~2/armgnu~1/125863~1.3re/bin/../lib/gcc/arm-none-eabi/12.3.1/thumb/v7e-m+fp/hard/crtn.o
 *(.fini)
 .fini          0x00003ecc        0x4 c:/progra~2/armgnu~1/125863~1.3re/bin/../lib/gcc/arm-none-eabi/12.3.1/thumb/v7e-m+fp/hard/crti.o
                0x00003ecc                _fini
 .fini          0x00003ed0        0x8 c:/progra~2/armgnu~1/125863~1.3re/bin/../lib/gcc/arm-none-eabi/12.3.1/thumb/v7e-m+fp/hard/crtn.o
                0x00003ed8                        . = ALIGN (0x4)

.vfp11_veneer   0x00003ed8        0x0
 .vfp11_veneer  0x00003ed8        0x0 linker stubs

.v4_bx          0x00003ed8        0x0
 .v4_bx         0x00003ed8        0x0 linker stubs

.iplt           0x00003ed8        0x0
 .iplt          0x00003ed8        0x0 c:/progra~2/armgnu~1/125863~1.3re/bin/../lib/gcc/arm-none-eabi/12.3.1/thumb/v7e-m+fp/hard/crtbegin.o

.ARM.extab
 *(.ARM.extab* .gnu.linkonce.armextab.*)

.ARM            0x00003ed8        0x8
                0x00003ed8                        __exidx_start = .
 *(.ARM.exidx*)
 .ARM.exidx     0x00003ed8        0x8 c:/progra~2/armgnu~1/125863~1.3re/bin/../lib/gcc/arm-none-eabi/12.3.1/thumb/v7e-m+fp/hard/crt0.o
                                 0x10 (size before relaxing)
 .ARM.exidx     0x00003ee0        0x0 c:/progra~2/armgnu~1/125863~1.3re/bin/../lib/gcc/arm-none-eabi/12.3.1/thumb/v7e-m+fp/hard\libc_nano.a(libc_a-strlen.o)
                                  0x8 (size before relaxing)
                0x00003ee0                        __exidx_end = .

.rel.dyn        0x00003ee0        0x0
 .rel.iplt      0x00003ee0        0x0 c:/progra~2/armgnu~1/125863~1.3re/bin/../lib/gcc/arm-none-eabi/12.3.1/thumb/v7e-m+fp/hard/crtbegin.o

.ctors          0x00003ee0        0x0
                0x00003ee0                        __CTOR_LIST__ = .
 *crtbegin.o(.ctors)
 *crtbegin?.o(.ctors)
 *(EXCLUDE_FILE(*crtend.o *crtend?.o) .ctors)
 *(SORT_BY_NAME(.ctors.*))
 *(.ctors)
                0x00003ee0                        __CTOR_END__ = .

.dtors          0x00003ee0        0x0
                0x00003ee0                        __DTOR_LIST__ = .
 *crtbegin.o(.dtors)
 *crtbegin?.o(.dtors)
 *(EXCLUDE_FILE(*crtend.o *crtend?.o) .dtors)
 *(SORT_BY_NAME(.dtors.*))
 *(.dtors)
                0x00003ee0                        __DTOR_END__ = .

.preinit_array  0x00003ee0        0x0
                0x00003ee0                        PROVIDE (__preinit_array_start = .)
 *(.preinit_array*)
                0x00003ee0                        PROVIDE (__preinit_array_end = .)

.init_array     0x00003ee0        0x4
                0x00003ee0                        PROVIDE (__init_array_start = .)
 *(SORT_BY_NAME(.init_array.*))
 *(.init_array*)
 .init_array    0x00003ee0        0x4 c:/progra~2/armgnu~1/125863~1.3re/bin/../lib/gcc/arm-none-eabi/12.3.1/thumb/v7e-m+fp/hard/crtbegin.o
                0x00003ee4                        PROVIDE (__init_array_end = .)

.fini_array     0x00003ee4        0x4
                [!provide]                        PROVIDE (__fini_array_start = .)
 *(SORT_BY_NAME(.fini_array.*))
 *(.fini_array*)
 .fini_array    0x00003ee4        0x4 c:/progra~2/armgnu~1/125863~1.3re/bin/../lib/gcc/arm-none-eabi/12.3.1/thumb/v7e-m+fp/hard/crtbegin.o
                [!provide]                        PROVIDE (__fini_array_end = .)
                0x00003ee8                        __etext = .
                0x00003ee8                        __DATA_ROM = .

.data           0x1fff0000        0xc load address 0x00003ee8
                0x1fff0000                        . = ALIGN (0x4)
                0x1fff0000                        __DATA_RAM = .
                0x1fff0000                        __data_start__ = .
 *(.data)
 *(.data*)
 .data.s_slowIrcFreq
                0x1fff0000        0x4 CMakeFiles/i2c_interrupt_b2b_transfer_master.elf.dir/C_/Users/Jkastelic/Documents/projects/CG735/software/SDK_2_11_0_FRDM-K66F/devices/MK66F18/drivers/fsl_clock.c.obj
 .data.s_fastIrcFreq
                0x1fff0004        0x4 CMakeFiles/i2c_interrupt_b2b_transfer_master.elf.dir/C_/Users/Jkastelic/Documents/projects/CG735/software/SDK_2_11_0_FRDM-K66F/devices/MK66F18/drivers/fsl_clock.c.obj
 .data.SystemCoreClock
                0x1fff0008        0x4 CMakeFiles/i2c_interrupt_b2b_transfer_master.elf.dir/C_/Users/Jkastelic/Documents/projects/CG735/software/SDK_2_11_0_FRDM-K66F/devices/MK66F18/system_MK66F18.c.obj
                0x1fff0008                SystemCoreClock
 *(NonCacheable.init)
 *(NonCacheable)
 *(CodeQuickAccess)
 *(DataQuickAccess)
 *(.jcr*)
                0x1fff000c                        . = ALIGN (0x4)
                0x1fff000c                        __data_end__ = .
                0x00003ef4                        __NDATA_ROM = (__DATA_ROM + (__data_end__ - __data_start__))

.tm_clone_table
                0x1fff000c        0x0 load address 0x00003ef4
 .tm_clone_table
                0x1fff000c        0x0 c:/progra~2/armgnu~1/125863~1.3re/bin/../lib/gcc/arm-none-eabi/12.3.1/thumb/v7e-m+fp/hard/crtbegin.o
 .tm_clone_table
                0x1fff000c        0x0 c:/progra~2/armgnu~1/125863~1.3re/bin/../lib/gcc/arm-none-eabi/12.3.1/thumb/v7e-m+fp/hard/crtend.o

.igot.plt       0x1fff000c        0x0 load address 0x00003ef4
 .igot.plt      0x1fff000c        0x0 c:/progra~2/armgnu~1/125863~1.3re/bin/../lib/gcc/arm-none-eabi/12.3.1/thumb/v7e-m+fp/hard/crtbegin.o

.ncache.init    0x1fff000c        0x0 load address 0x00003ef4
                0x1fff000c                        __noncachedata_start__ = .
 *(NonCacheable.init)
                0x1fff000c                        . = ALIGN (0x4)
                0x1fff000c                        __noncachedata_init_end__ = .
                0x1fff000c                        . = __noncachedata_init_end__

.ncache         0x1fff000c        0x0
 *(NonCacheable)
                0x1fff000c                        . = ALIGN (0x4)
                0x1fff000c                        __noncachedata_end__ = .
                0x00003ef4                        __DATA_END = (__NDATA_ROM + (__noncachedata_init_end__ - __noncachedata_start__))
                0x00200000                        text_end = (ORIGIN (m_text) + LENGTH (m_text))
                0x00000001                        ASSERT ((__DATA_END <= text_end), region m_text overflowed with text and data)

.bss            0x1fff000c       0xc8 load address 0x00003ef4
                0x1fff000c                        . = ALIGN (0x4)
                0x1fff000c                        __START_BSS = .
                0x1fff000c                        __bss_start__ = .
 *(.bss)
 *(.bss*)
 .bss.completed.1
                0x1fff000c        0x1 c:/progra~2/armgnu~1/125863~1.3re/bin/../lib/gcc/arm-none-eabi/12.3.1/thumb/v7e-m+fp/hard/crtbegin.o
 *fill*         0x1fff000d        0x3 
 .bss.object.0  0x1fff0010       0x18 c:/progra~2/armgnu~1/125863~1.3re/bin/../lib/gcc/arm-none-eabi/12.3.1/thumb/v7e-m+fp/hard/crtbegin.o
 .bss.g_master_txBuff
                0x1fff0028       0x21 CMakeFiles/i2c_interrupt_b2b_transfer_master.elf.dir/C_/Users/Jkastelic/Documents/projects/CG735/software/K66_tutorial/3_I2C/i2c_interrupt_b2b_transfer_master.c.obj
                0x1fff0028                g_master_txBuff
 *fill*         0x1fff0049        0x3 
 .bss.g_m_handle
                0x1fff004c       0x28 CMakeFiles/i2c_interrupt_b2b_transfer_master.elf.dir/C_/Users/Jkastelic/Documents/projects/CG735/software/K66_tutorial/3_I2C/i2c_interrupt_b2b_transfer_master.c.obj
                0x1fff004c                g_m_handle
 .bss.g_MasterCompletionFlag
                0x1fff0074        0x1 CMakeFiles/i2c_interrupt_b2b_transfer_master.elf.dir/C_/Users/Jkastelic/Documents/projects/CG735/software/K66_tutorial/3_I2C/i2c_interrupt_b2b_transfer_master.c.obj
                0x1fff0074                g_MasterCompletionFlag
 *fill*         0x1fff0075        0x3 
 .bss.s_debugConsole
                0x1fff0078       0x14 CMakeFiles/i2c_interrupt_b2b_transfer_master.elf.dir/d5dd160be467181b57b3f4ba0395daff/devices/MK66F18/utilities/debug_console_lite/fsl_debug_console.c.obj
 .bss.s_extPllFreq
                0x1fff008c        0x4 CMakeFiles/i2c_interrupt_b2b_transfer_master.elf.dir/C_/Users/Jkastelic/Documents/projects/CG735/software/SDK_2_11_0_FRDM-K66F/devices/MK66F18/drivers/fsl_clock.c.obj
 .bss.g_xtal0Freq
                0x1fff0090        0x4 CMakeFiles/i2c_interrupt_b2b_transfer_master.elf.dir/C_/Users/Jkastelic/Documents/projects/CG735/software/SDK_2_11_0_FRDM-K66F/devices/MK66F18/drivers/fsl_clock.c.obj
                0x1fff0090                g_xtal0Freq
 .bss.g_xtal32Freq
                0x1fff0094        0x4 CMakeFiles/i2c_interrupt_b2b_transfer_master.elf.dir/C_/Users/Jkastelic/Documents/projects/CG735/software/SDK_2_11_0_FRDM-K66F/devices/MK66F18/drivers/fsl_clock.c.obj
                0x1fff0094                g_xtal32Freq
 .bss.s_uartHandle
                0x1fff0098       0x14 CMakeFiles/i2c_interrupt_b2b_transfer_master.elf.dir/C_/Users/Jkastelic/Documents/projects/CG735/software/SDK_2_11_0_FRDM-K66F/devices/MK66F18/drivers/fsl_uart.c.obj
                0x1fff0098                s_uartHandle
 .bss.s_uartIsr
                0x1fff00ac        0x4 CMakeFiles/i2c_interrupt_b2b_transfer_master.elf.dir/C_/Users/Jkastelic/Documents/projects/CG735/software/SDK_2_11_0_FRDM-K66F/devices/MK66F18/drivers/fsl_uart.c.obj
                0x1fff00ac                s_uartIsr
 .bss.s_lpuartHandle
                0x1fff00b0        0x4 CMakeFiles/i2c_interrupt_b2b_transfer_master.elf.dir/C_/Users/Jkastelic/Documents/projects/CG735/software/SDK_2_11_0_FRDM-K66F/devices/MK66F18/drivers/fsl_lpuart.c.obj
                0x1fff00b0                s_lpuartHandle
 .bss.s_lpuartIsr
                0x1fff00b4        0x4 CMakeFiles/i2c_interrupt_b2b_transfer_master.elf.dir/C_/Users/Jkastelic/Documents/projects/CG735/software/SDK_2_11_0_FRDM-K66F/devices/MK66F18/drivers/fsl_lpuart.c.obj
                0x1fff00b4                s_lpuartIsr
 .bss.s_i2cHandle
                0x1fff00b8       0x10 CMakeFiles/i2c_interrupt_b2b_transfer_master.elf.dir/C_/Users/Jkastelic/Documents/projects/CG735/software/SDK_2_11_0_FRDM-K66F/devices/MK66F18/drivers/fsl_i2c.c.obj
 .bss.s_i2cMasterIsr
                0x1fff00c8        0x4 CMakeFiles/i2c_interrupt_b2b_transfer_master.elf.dir/C_/Users/Jkastelic/Documents/projects/CG735/software/SDK_2_11_0_FRDM-K66F/devices/MK66F18/drivers/fsl_i2c.c.obj
 .bss.s_i2cSlaveIsr
                0x1fff00cc        0x4 CMakeFiles/i2c_interrupt_b2b_transfer_master.elf.dir/C_/Users/Jkastelic/Documents/projects/CG735/software/SDK_2_11_0_FRDM-K66F/devices/MK66F18/drivers/fsl_i2c.c.obj
 .bss.__stdio_exit_handler
                0x1fff00d0        0x4 c:/progra~2/armgnu~1/125863~1.3re/bin/../lib/gcc/arm-none-eabi/12.3.1/thumb/v7e-m+fp/hard\libc_nano.a(libc_a-findfp.o)
                0x1fff00d0                __stdio_exit_handler
 *(COMMON)
                0x1fff00d4                        . = ALIGN (0x4)
                0x1fff00d4                        __bss_end__ = .
                0x1fff00d4                        __END_BSS = .

.heap           0x20000000      0x400
                0x20000000                        . = ALIGN (0x8)
                0x20000000                        __end__ = .
                0x20000000                        PROVIDE (end = .)
                0x20000000                        __HeapBase = .
                0x20000400                        . = (. + HEAP_SIZE)
 *fill*         0x20000000      0x400 
                0x20000400                        __HeapLimit = .
                0x20000400                        __heap_limit = .

.stack          0x20000400      0x400
                0x20000400                        . = ALIGN (0x8)
                0x20000800                        . = (. + STACK_SIZE)
 *fill*         0x20000400      0x400 
                0x20030000                        __StackTop = (ORIGIN (m_data_2) + LENGTH (m_data_2))
                0x2002fc00                        __StackLimit = (__StackTop - STACK_SIZE)
                0x20030000                        PROVIDE (__stack = __StackTop)

.ARM.attributes
                0x00000000       0x30
 *(.ARM.attributes)
 .ARM.attributes
                0x00000000       0x22 c:/progra~2/armgnu~1/125863~1.3re/bin/../lib/gcc/arm-none-eabi/12.3.1/thumb/v7e-m+fp/hard/crti.o
 .ARM.attributes
                0x00000022       0x34 c:/progra~2/armgnu~1/125863~1.3re/bin/../lib/gcc/arm-none-eabi/12.3.1/thumb/v7e-m+fp/hard/crtbegin.o
 .ARM.attributes
                0x00000056       0x20 c:/progra~2/armgnu~1/125863~1.3re/bin/../lib/gcc/arm-none-eabi/12.3.1/thumb/v7e-m+fp/hard/crt0.o
 .ARM.attributes
                0x00000076       0x34 CMakeFiles/i2c_interrupt_b2b_transfer_master.elf.dir/C_/Users/Jkastelic/Documents/projects/CG735/software/K66_tutorial/3_I2C/i2c_interrupt_b2b_transfer_master.c.obj
 .ARM.attributes
                0x000000aa       0x34 CMakeFiles/i2c_interrupt_b2b_transfer_master.elf.dir/C_/Users/Jkastelic/Documents/projects/CG735/software/K66_tutorial/3_I2C/board/board.c.obj
 .ARM.attributes
                0x000000de       0x34 CMakeFiles/i2c_interrupt_b2b_transfer_master.elf.dir/C_/Users/Jkastelic/Documents/projects/CG735/software/K66_tutorial/3_I2C/board/pin_mux.c.obj
 .ARM.attributes
                0x00000112       0x34 CMakeFiles/i2c_interrupt_b2b_transfer_master.elf.dir/C_/Users/Jkastelic/Documents/projects/CG735/software/K66_tutorial/3_I2C/board/clock_config.c.obj
 .ARM.attributes
                0x00000146       0x34 CMakeFiles/i2c_interrupt_b2b_transfer_master.elf.dir/d5dd160be467181b57b3f4ba0395daff/devices/MK66F18/utilities/debug_console_lite/fsl_debug_console.c.obj
 .ARM.attributes
                0x0000017a       0x34 CMakeFiles/i2c_interrupt_b2b_transfer_master.elf.dir/C_/Users/Jkastelic/Documents/projects/CG735/software/SDK_2_11_0_FRDM-K66F/components/uart/fsl_adapter_uart.c.obj
 .ARM.attributes
                0x000001ae       0x34 CMakeFiles/i2c_interrupt_b2b_transfer_master.elf.dir/C_/Users/Jkastelic/Documents/projects/CG735/software/SDK_2_11_0_FRDM-K66F/devices/MK66F18/drivers/fsl_clock.c.obj
 .ARM.attributes
                0x000001e2       0x34 CMakeFiles/i2c_interrupt_b2b_transfer_master.elf.dir/C_/Users/Jkastelic/Documents/projects/CG735/software/SDK_2_11_0_FRDM-K66F/devices/MK66F18/drivers/fsl_uart.c.obj
 .ARM.attributes
                0x00000216       0x34 CMakeFiles/i2c_interrupt_b2b_transfer_master.elf.dir/b0b496073d70a8757128fba2b6fdde3b/SDK_2_11_0_FRDM-K66F/devices/MK66F18/utilities/debug_console_lite/fsl_assert.c.obj
 .ARM.attributes
                0x0000024a       0x1f CMakeFiles/i2c_interrupt_b2b_transfer_master.elf.dir/C_/Users/Jkastelic/Documents/projects/CG735/software/SDK_2_11_0_FRDM-K66F/devices/MK66F18/gcc/startup_MK66F18.S.obj
 .ARM.attributes
                0x00000269       0x34 CMakeFiles/i2c_interrupt_b2b_transfer_master.elf.dir/C_/Users/Jkastelic/Documents/projects/CG735/software/SDK_2_11_0_FRDM-K66F/devices/MK66F18/system_MK66F18.c.obj
 .ARM.attributes
                0x0000029d       0x34 CMakeFiles/i2c_interrupt_b2b_transfer_master.elf.dir/C_/Users/Jkastelic/Documents/projects/CG735/software/SDK_2_11_0_FRDM-K66F/devices/MK66F18/drivers/fsl_lpuart.c.obj
 .ARM.attributes
                0x000002d1       0x34 CMakeFiles/i2c_interrupt_b2b_transfer_master.elf.dir/C_/Users/Jkastelic/Documents/projects/CG735/software/SDK_2_11_0_FRDM-K66F/devices/MK66F18/drivers/fsl_i2c.c.obj
 .ARM.attributes
                0x00000305       0x34 c:/progra~2/armgnu~1/125863~1.3re/bin/../lib/gcc/arm-none-eabi/12.3.1/thumb/v7e-m+fp/hard\libc_nano.a(libc_a-exit.o)
 .ARM.attributes
                0x00000339       0x34 c:/progra~2/armgnu~1/125863~1.3re/bin/../lib/gcc/arm-none-eabi/12.3.1/thumb/v7e-m+fp/hard\libc_nano.a(libc_a-findfp.o)
 .ARM.attributes
                0x0000036d       0x34 c:/progra~2/armgnu~1/125863~1.3re/bin/../lib/gcc/arm-none-eabi/12.3.1/thumb/v7e-m+fp/hard\libc_nano.a(libc_a-memset.o)
 .ARM.attributes
                0x000003a1       0x34 c:/progra~2/armgnu~1/125863~1.3re/bin/../lib/gcc/arm-none-eabi/12.3.1/thumb/v7e-m+fp/hard\libc_nano.a(libc_a-init.o)
 .ARM.attributes
                0x000003d5       0x34 c:/progra~2/armgnu~1/125863~1.3re/bin/../lib/gcc/arm-none-eabi/12.3.1/thumb/v7e-m+fp/hard\libc_nano.a(libc_a-memcpy-stub.o)
 .ARM.attributes
                0x00000409       0x17 c:/progra~2/armgnu~1/125863~1.3re/bin/../lib/gcc/arm-none-eabi/12.3.1/thumb/v7e-m+fp/hard\libc_nano.a(libc_a-strlen.o)
 .ARM.attributes
                0x00000420       0x34 c:/progra~2/armgnu~1/125863~1.3re/bin/../lib/gcc/arm-none-eabi/12.3.1/thumb/v7e-m+fp/hard\libnosys.a(_exit.o)
 .ARM.attributes
                0x00000454       0x34 c:/progra~2/armgnu~1/125863~1.3re/bin/../lib/gcc/arm-none-eabi/12.3.1/thumb/v7e-m+fp/hard/crtend.o
 .ARM.attributes
                0x00000488       0x22 c:/progra~2/armgnu~1/125863~1.3re/bin/../lib/gcc/arm-none-eabi/12.3.1/thumb/v7e-m+fp/hard/crtn.o
                0x00000001                        ASSERT ((__StackLimit >= __HeapLimit), region m_data_2 overflowed with stack and heap)
OUTPUT(debug\i2c_interrupt_b2b_transfer_master.elf elf32-littlearm)
LOAD linker stubs

.debug_line_str
                0x00000000      0x280
 .debug_line_str
                0x00000000       0xd6 c:/progra~2/armgnu~1/125863~1.3re/bin/../lib/gcc/arm-none-eabi/12.3.1/thumb/v7e-m+fp/hard/crt0.o
 .debug_line_str
                0x000000d6       0xbf CMakeFiles/i2c_interrupt_b2b_transfer_master.elf.dir/C_/Users/Jkastelic/Documents/projects/CG735/software/SDK_2_11_0_FRDM-K66F/devices/MK66F18/gcc/startup_MK66F18.S.obj
 .debug_line_str
                0x00000195       0xeb c:/progra~2/armgnu~1/125863~1.3re/bin/../lib/gcc/arm-none-eabi/12.3.1/thumb/v7e-m+fp/hard\libc_nano.a(libc_a-strlen.o)

.debug_info     0x00000000     0xd94f
 .debug_info    0x00000000      0x901 CMakeFiles/i2c_interrupt_b2b_transfer_master.elf.dir/C_/Users/Jkastelic/Documents/projects/CG735/software/K66_tutorial/3_I2C/i2c_interrupt_b2b_transfer_master.c.obj
 .debug_info    0x00000901      0x123 CMakeFiles/i2c_interrupt_b2b_transfer_master.elf.dir/C_/Users/Jkastelic/Documents/projects/CG735/software/K66_tutorial/3_I2C/board/board.c.obj
 .debug_info    0x00000a24      0x877 CMakeFiles/i2c_interrupt_b2b_transfer_master.elf.dir/C_/Users/Jkastelic/Documents/projects/CG735/software/K66_tutorial/3_I2C/board/pin_mux.c.obj
 .debug_info    0x0000129b      0xd89 CMakeFiles/i2c_interrupt_b2b_transfer_master.elf.dir/C_/Users/Jkastelic/Documents/projects/CG735/software/K66_tutorial/3_I2C/board/clock_config.c.obj
 .debug_info    0x00002024      0xcfe CMakeFiles/i2c_interrupt_b2b_transfer_master.elf.dir/d5dd160be467181b57b3f4ba0395daff/devices/MK66F18/utilities/debug_console_lite/fsl_debug_console.c.obj
 .debug_info    0x00002d22      0xc45 CMakeFiles/i2c_interrupt_b2b_transfer_master.elf.dir/C_/Users/Jkastelic/Documents/projects/CG735/software/SDK_2_11_0_FRDM-K66F/components/uart/fsl_adapter_uart.c.obj
 .debug_info    0x00003967     0x29fe CMakeFiles/i2c_interrupt_b2b_transfer_master.elf.dir/C_/Users/Jkastelic/Documents/projects/CG735/software/SDK_2_11_0_FRDM-K66F/devices/MK66F18/drivers/fsl_clock.c.obj
 .debug_info    0x00006365     0x224f CMakeFiles/i2c_interrupt_b2b_transfer_master.elf.dir/C_/Users/Jkastelic/Documents/projects/CG735/software/SDK_2_11_0_FRDM-K66F/devices/MK66F18/drivers/fsl_uart.c.obj
 .debug_info    0x000085b4       0xdd CMakeFiles/i2c_interrupt_b2b_transfer_master.elf.dir/b0b496073d70a8757128fba2b6fdde3b/SDK_2_11_0_FRDM-K66F/devices/MK66F18/utilities/debug_console_lite/fsl_assert.c.obj
 .debug_info    0x00008691      0x76c CMakeFiles/i2c_interrupt_b2b_transfer_master.elf.dir/C_/Users/Jkastelic/Documents/projects/CG735/software/SDK_2_11_0_FRDM-K66F/devices/MK66F18/gcc/startup_MK66F18.S.obj
 .debug_info    0x00008dfd      0xa0c CMakeFiles/i2c_interrupt_b2b_transfer_master.elf.dir/C_/Users/Jkastelic/Documents/projects/CG735/software/SDK_2_11_0_FRDM-K66F/devices/MK66F18/system_MK66F18.c.obj
 .debug_info    0x00009809     0x2062 CMakeFiles/i2c_interrupt_b2b_transfer_master.elf.dir/C_/Users/Jkastelic/Documents/projects/CG735/software/SDK_2_11_0_FRDM-K66F/devices/MK66F18/drivers/fsl_lpuart.c.obj
 .debug_info    0x0000b86b     0x20e4 CMakeFiles/i2c_interrupt_b2b_transfer_master.elf.dir/C_/Users/Jkastelic/Documents/projects/CG735/software/SDK_2_11_0_FRDM-K66F/devices/MK66F18/drivers/fsl_i2c.c.obj

.debug_abbrev   0x00000000     0x1e3a
 .debug_abbrev  0x00000000      0x226 CMakeFiles/i2c_interrupt_b2b_transfer_master.elf.dir/C_/Users/Jkastelic/Documents/projects/CG735/software/K66_tutorial/3_I2C/i2c_interrupt_b2b_transfer_master.c.obj
 .debug_abbrev  0x00000226       0xb4 CMakeFiles/i2c_interrupt_b2b_transfer_master.elf.dir/C_/Users/Jkastelic/Documents/projects/CG735/software/K66_tutorial/3_I2C/board/board.c.obj
 .debug_abbrev  0x000002da      0x238 CMakeFiles/i2c_interrupt_b2b_transfer_master.elf.dir/C_/Users/Jkastelic/Documents/projects/CG735/software/K66_tutorial/3_I2C/board/pin_mux.c.obj
 .debug_abbrev  0x00000512      0x254 CMakeFiles/i2c_interrupt_b2b_transfer_master.elf.dir/C_/Users/Jkastelic/Documents/projects/CG735/software/K66_tutorial/3_I2C/board/clock_config.c.obj
 .debug_abbrev  0x00000766      0x28f CMakeFiles/i2c_interrupt_b2b_transfer_master.elf.dir/d5dd160be467181b57b3f4ba0395daff/devices/MK66F18/utilities/debug_console_lite/fsl_debug_console.c.obj
 .debug_abbrev  0x000009f5      0x22e CMakeFiles/i2c_interrupt_b2b_transfer_master.elf.dir/C_/Users/Jkastelic/Documents/projects/CG735/software/SDK_2_11_0_FRDM-K66F/components/uart/fsl_adapter_uart.c.obj
 .debug_abbrev  0x00000c23      0x3a3 CMakeFiles/i2c_interrupt_b2b_transfer_master.elf.dir/C_/Users/Jkastelic/Documents/projects/CG735/software/SDK_2_11_0_FRDM-K66F/devices/MK66F18/drivers/fsl_clock.c.obj
 .debug_abbrev  0x00000fc6      0x47a CMakeFiles/i2c_interrupt_b2b_transfer_master.elf.dir/C_/Users/Jkastelic/Documents/projects/CG735/software/SDK_2_11_0_FRDM-K66F/devices/MK66F18/drivers/fsl_uart.c.obj
 .debug_abbrev  0x00001440       0x8c CMakeFiles/i2c_interrupt_b2b_transfer_master.elf.dir/b0b496073d70a8757128fba2b6fdde3b/SDK_2_11_0_FRDM-K66F/devices/MK66F18/utilities/debug_console_lite/fsl_assert.c.obj
 .debug_abbrev  0x000014cc       0x26 CMakeFiles/i2c_interrupt_b2b_transfer_master.elf.dir/C_/Users/Jkastelic/Documents/projects/CG735/software/SDK_2_11_0_FRDM-K66F/devices/MK66F18/gcc/startup_MK66F18.S.obj
 .debug_abbrev  0x000014f2      0x14a CMakeFiles/i2c_interrupt_b2b_transfer_master.elf.dir/C_/Users/Jkastelic/Documents/projects/CG735/software/SDK_2_11_0_FRDM-K66F/devices/MK66F18/system_MK66F18.c.obj
 .debug_abbrev  0x0000163c      0x459 CMakeFiles/i2c_interrupt_b2b_transfer_master.elf.dir/C_/Users/Jkastelic/Documents/projects/CG735/software/SDK_2_11_0_FRDM-K66F/devices/MK66F18/drivers/fsl_lpuart.c.obj
 .debug_abbrev  0x00001a95      0x3a5 CMakeFiles/i2c_interrupt_b2b_transfer_master.elf.dir/C_/Users/Jkastelic/Documents/projects/CG735/software/SDK_2_11_0_FRDM-K66F/devices/MK66F18/drivers/fsl_i2c.c.obj

.debug_aranges  0x00000000      0x8e0
 .debug_aranges
                0x00000000       0x28 CMakeFiles/i2c_interrupt_b2b_transfer_master.elf.dir/C_/Users/Jkastelic/Documents/projects/CG735/software/K66_tutorial/3_I2C/i2c_interrupt_b2b_transfer_master.c.obj
 .debug_aranges
                0x00000028       0x20 CMakeFiles/i2c_interrupt_b2b_transfer_master.elf.dir/C_/Users/Jkastelic/Documents/projects/CG735/software/K66_tutorial/3_I2C/board/board.c.obj
 .debug_aranges
                0x00000048       0x40 CMakeFiles/i2c_interrupt_b2b_transfer_master.elf.dir/C_/Users/Jkastelic/Documents/projects/CG735/software/K66_tutorial/3_I2C/board/pin_mux.c.obj
 .debug_aranges
                0x00000088       0x60 CMakeFiles/i2c_interrupt_b2b_transfer_master.elf.dir/C_/Users/Jkastelic/Documents/projects/CG735/software/K66_tutorial/3_I2C/board/clock_config.c.obj
 .debug_aranges
                0x000000e8       0x78 CMakeFiles/i2c_interrupt_b2b_transfer_master.elf.dir/d5dd160be467181b57b3f4ba0395daff/devices/MK66F18/utilities/debug_console_lite/fsl_debug_console.c.obj
 .debug_aranges
                0x00000160       0x50 CMakeFiles/i2c_interrupt_b2b_transfer_master.elf.dir/C_/Users/Jkastelic/Documents/projects/CG735/software/SDK_2_11_0_FRDM-K66F/components/uart/fsl_adapter_uart.c.obj
 .debug_aranges
                0x000001b0      0x258 CMakeFiles/i2c_interrupt_b2b_transfer_master.elf.dir/C_/Users/Jkastelic/Documents/projects/CG735/software/SDK_2_11_0_FRDM-K66F/devices/MK66F18/drivers/fsl_clock.c.obj
 .debug_aranges
                0x00000408      0x1a8 CMakeFiles/i2c_interrupt_b2b_transfer_master.elf.dir/C_/Users/Jkastelic/Documents/projects/CG735/software/SDK_2_11_0_FRDM-K66F/devices/MK66F18/drivers/fsl_uart.c.obj
 .debug_aranges
                0x000005b0       0x20 CMakeFiles/i2c_interrupt_b2b_transfer_master.elf.dir/b0b496073d70a8757128fba2b6fdde3b/SDK_2_11_0_FRDM-K66F/devices/MK66F18/utilities/debug_console_lite/fsl_assert.c.obj
 .debug_aranges
                0x000005d0       0x20 CMakeFiles/i2c_interrupt_b2b_transfer_master.elf.dir/C_/Users/Jkastelic/Documents/projects/CG735/software/SDK_2_11_0_FRDM-K66F/devices/MK66F18/gcc/startup_MK66F18.S.obj
 .debug_aranges
                0x000005f0       0x30 CMakeFiles/i2c_interrupt_b2b_transfer_master.elf.dir/C_/Users/Jkastelic/Documents/projects/CG735/software/SDK_2_11_0_FRDM-K66F/devices/MK66F18/system_MK66F18.c.obj
 .debug_aranges
                0x00000620      0x138 CMakeFiles/i2c_interrupt_b2b_transfer_master.elf.dir/C_/Users/Jkastelic/Documents/projects/CG735/software/SDK_2_11_0_FRDM-K66F/devices/MK66F18/drivers/fsl_lpuart.c.obj
 .debug_aranges
                0x00000758      0x188 CMakeFiles/i2c_interrupt_b2b_transfer_master.elf.dir/C_/Users/Jkastelic/Documents/projects/CG735/software/SDK_2_11_0_FRDM-K66F/devices/MK66F18/drivers/fsl_i2c.c.obj

.debug_rnglists
                0x00000000      0x6a1
 .debug_rnglists
                0x00000000       0x1a CMakeFiles/i2c_interrupt_b2b_transfer_master.elf.dir/C_/Users/Jkastelic/Documents/projects/CG735/software/K66_tutorial/3_I2C/i2c_interrupt_b2b_transfer_master.c.obj
 .debug_rnglists
                0x0000001a       0x13 CMakeFiles/i2c_interrupt_b2b_transfer_master.elf.dir/C_/Users/Jkastelic/Documents/projects/CG735/software/K66_tutorial/3_I2C/board/board.c.obj
 .debug_rnglists
                0x0000002d       0x2c CMakeFiles/i2c_interrupt_b2b_transfer_master.elf.dir/C_/Users/Jkastelic/Documents/projects/CG735/software/K66_tutorial/3_I2C/board/pin_mux.c.obj
 .debug_rnglists
                0x00000059       0x44 CMakeFiles/i2c_interrupt_b2b_transfer_master.elf.dir/C_/Users/Jkastelic/Documents/projects/CG735/software/K66_tutorial/3_I2C/board/clock_config.c.obj
 .debug_rnglists
                0x0000009d       0x59 CMakeFiles/i2c_interrupt_b2b_transfer_master.elf.dir/d5dd160be467181b57b3f4ba0395daff/devices/MK66F18/utilities/debug_console_lite/fsl_debug_console.c.obj
 .debug_rnglists
                0x000000f6       0x3a CMakeFiles/i2c_interrupt_b2b_transfer_master.elf.dir/C_/Users/Jkastelic/Documents/projects/CG735/software/SDK_2_11_0_FRDM-K66F/components/uart/fsl_adapter_uart.c.obj
 .debug_rnglists
                0x00000130      0x1d6 CMakeFiles/i2c_interrupt_b2b_transfer_master.elf.dir/C_/Users/Jkastelic/Documents/projects/CG735/software/SDK_2_11_0_FRDM-K66F/devices/MK66F18/drivers/fsl_clock.c.obj
 .debug_rnglists
                0x00000306      0x147 CMakeFiles/i2c_interrupt_b2b_transfer_master.elf.dir/C_/Users/Jkastelic/Documents/projects/CG735/software/SDK_2_11_0_FRDM-K66F/devices/MK66F18/drivers/fsl_uart.c.obj
 .debug_rnglists
                0x0000044d       0x13 CMakeFiles/i2c_interrupt_b2b_transfer_master.elf.dir/b0b496073d70a8757128fba2b6fdde3b/SDK_2_11_0_FRDM-K66F/devices/MK66F18/utilities/debug_console_lite/fsl_assert.c.obj
 .debug_rnglists
                0x00000460       0x20 CMakeFiles/i2c_interrupt_b2b_transfer_master.elf.dir/C_/Users/Jkastelic/Documents/projects/CG735/software/SDK_2_11_0_FRDM-K66F/devices/MK66F18/system_MK66F18.c.obj
 .debug_rnglists
                0x00000480       0xef CMakeFiles/i2c_interrupt_b2b_transfer_master.elf.dir/C_/Users/Jkastelic/Documents/projects/CG735/software/SDK_2_11_0_FRDM-K66F/devices/MK66F18/drivers/fsl_lpuart.c.obj
 .debug_rnglists
                0x0000056f      0x132 CMakeFiles/i2c_interrupt_b2b_transfer_master.elf.dir/C_/Users/Jkastelic/Documents/projects/CG735/software/SDK_2_11_0_FRDM-K66F/devices/MK66F18/drivers/fsl_i2c.c.obj

.debug_line     0x00000000     0x6eef
 .debug_line    0x00000000      0x3e9 CMakeFiles/i2c_interrupt_b2b_transfer_master.elf.dir/C_/Users/Jkastelic/Documents/projects/CG735/software/K66_tutorial/3_I2C/i2c_interrupt_b2b_transfer_master.c.obj
 .debug_line    0x000003e9      0x1f6 CMakeFiles/i2c_interrupt_b2b_transfer_master.elf.dir/C_/Users/Jkastelic/Documents/projects/CG735/software/K66_tutorial/3_I2C/board/board.c.obj
 .debug_line    0x000005df      0x2c7 CMakeFiles/i2c_interrupt_b2b_transfer_master.elf.dir/C_/Users/Jkastelic/Documents/projects/CG735/software/K66_tutorial/3_I2C/board/pin_mux.c.obj
 .debug_line    0x000008a6      0x361 CMakeFiles/i2c_interrupt_b2b_transfer_master.elf.dir/C_/Users/Jkastelic/Documents/projects/CG735/software/K66_tutorial/3_I2C/board/clock_config.c.obj
 .debug_line    0x00000c07      0xaa1 CMakeFiles/i2c_interrupt_b2b_transfer_master.elf.dir/d5dd160be467181b57b3f4ba0395daff/devices/MK66F18/utilities/debug_console_lite/fsl_debug_console.c.obj
 .debug_line    0x000016a8      0x3e8 CMakeFiles/i2c_interrupt_b2b_transfer_master.elf.dir/C_/Users/Jkastelic/Documents/projects/CG735/software/SDK_2_11_0_FRDM-K66F/components/uart/fsl_adapter_uart.c.obj
 .debug_line    0x00001a90     0x1740 CMakeFiles/i2c_interrupt_b2b_transfer_master.elf.dir/C_/Users/Jkastelic/Documents/projects/CG735/software/SDK_2_11_0_FRDM-K66F/devices/MK66F18/drivers/fsl_clock.c.obj
 .debug_line    0x000031d0     0x146b CMakeFiles/i2c_interrupt_b2b_transfer_master.elf.dir/C_/Users/Jkastelic/Documents/projects/CG735/software/SDK_2_11_0_FRDM-K66F/devices/MK66F18/drivers/fsl_uart.c.obj
 .debug_line    0x0000463b      0x11a CMakeFiles/i2c_interrupt_b2b_transfer_master.elf.dir/b0b496073d70a8757128fba2b6fdde3b/SDK_2_11_0_FRDM-K66F/devices/MK66F18/utilities/debug_console_lite/fsl_assert.c.obj
 .debug_line    0x00004755      0x19e CMakeFiles/i2c_interrupt_b2b_transfer_master.elf.dir/C_/Users/Jkastelic/Documents/projects/CG735/software/SDK_2_11_0_FRDM-K66F/devices/MK66F18/gcc/startup_MK66F18.S.obj
 .debug_line    0x000048f3      0x352 CMakeFiles/i2c_interrupt_b2b_transfer_master.elf.dir/C_/Users/Jkastelic/Documents/projects/CG735/software/SDK_2_11_0_FRDM-K66F/devices/MK66F18/system_MK66F18.c.obj
 .debug_line    0x00004c45      0xf54 CMakeFiles/i2c_interrupt_b2b_transfer_master.elf.dir/C_/Users/Jkastelic/Documents/projects/CG735/software/SDK_2_11_0_FRDM-K66F/devices/MK66F18/drivers/fsl_lpuart.c.obj
 .debug_line    0x00005b99     0x1356 CMakeFiles/i2c_interrupt_b2b_transfer_master.elf.dir/C_/Users/Jkastelic/Documents/projects/CG735/software/SDK_2_11_0_FRDM-K66F/devices/MK66F18/drivers/fsl_i2c.c.obj

.debug_str      0x00000000     0x7152
 .debug_str     0x00000000     0x11a5 CMakeFiles/i2c_interrupt_b2b_transfer_master.elf.dir/C_/Users/Jkastelic/Documents/projects/CG735/software/K66_tutorial/3_I2C/i2c_interrupt_b2b_transfer_master.c.obj
                               0x1221 (size before relaxing)
 .debug_str     0x000011a5       0xd4 CMakeFiles/i2c_interrupt_b2b_transfer_master.elf.dir/C_/Users/Jkastelic/Documents/projects/CG735/software/K66_tutorial/3_I2C/board/board.c.obj
                                0x2be (size before relaxing)
 .debug_str     0x00001279      0x80b CMakeFiles/i2c_interrupt_b2b_transfer_master.elf.dir/C_/Users/Jkastelic/Documents/projects/CG735/software/K66_tutorial/3_I2C/board/pin_mux.c.obj
                                0x9fe (size before relaxing)
 .debug_str     0x00001a84      0x812 CMakeFiles/i2c_interrupt_b2b_transfer_master.elf.dir/C_/Users/Jkastelic/Documents/projects/CG735/software/K66_tutorial/3_I2C/board/clock_config.c.obj
                               0x1416 (size before relaxing)
 .debug_str     0x00002296      0x673 CMakeFiles/i2c_interrupt_b2b_transfer_master.elf.dir/d5dd160be467181b57b3f4ba0395daff/devices/MK66F18/utilities/debug_console_lite/fsl_debug_console.c.obj
                               0x1275 (size before relaxing)
 .debug_str     0x00002909      0x27d CMakeFiles/i2c_interrupt_b2b_transfer_master.elf.dir/C_/Users/Jkastelic/Documents/projects/CG735/software/SDK_2_11_0_FRDM-K66F/components/uart/fsl_adapter_uart.c.obj
                               0x11b7 (size before relaxing)
 .debug_str     0x00002b86     0x10db CMakeFiles/i2c_interrupt_b2b_transfer_master.elf.dir/C_/Users/Jkastelic/Documents/projects/CG735/software/SDK_2_11_0_FRDM-K66F/devices/MK66F18/drivers/fsl_clock.c.obj
                               0x26c9 (size before relaxing)
 .debug_str     0x00003c61      0xfff CMakeFiles/i2c_interrupt_b2b_transfer_master.elf.dir/C_/Users/Jkastelic/Documents/projects/CG735/software/SDK_2_11_0_FRDM-K66F/devices/MK66F18/drivers/fsl_uart.c.obj
                               0x2511 (size before relaxing)
 .debug_str     0x00004c60       0x99 CMakeFiles/i2c_interrupt_b2b_transfer_master.elf.dir/b0b496073d70a8757128fba2b6fdde3b/SDK_2_11_0_FRDM-K66F/devices/MK66F18/utilities/debug_console_lite/fsl_assert.c.obj
                                0x26f (size before relaxing)
 .debug_str     0x00004cf9      0xceb CMakeFiles/i2c_interrupt_b2b_transfer_master.elf.dir/C_/Users/Jkastelic/Documents/projects/CG735/software/SDK_2_11_0_FRDM-K66F/devices/MK66F18/gcc/startup_MK66F18.S.obj
                                0xdda (size before relaxing)
 .debug_str     0x000059e4      0x167 CMakeFiles/i2c_interrupt_b2b_transfer_master.elf.dir/C_/Users/Jkastelic/Documents/projects/CG735/software/SDK_2_11_0_FRDM-K66F/devices/MK66F18/system_MK66F18.c.obj
                                0x6f3 (size before relaxing)
 .debug_str     0x00005b4b      0xd9b CMakeFiles/i2c_interrupt_b2b_transfer_master.elf.dir/C_/Users/Jkastelic/Documents/projects/CG735/software/SDK_2_11_0_FRDM-K66F/devices/MK66F18/drivers/fsl_lpuart.c.obj
                               0x25b3 (size before relaxing)
 .debug_str     0x000068e6      0x86c CMakeFiles/i2c_interrupt_b2b_transfer_master.elf.dir/C_/Users/Jkastelic/Documents/projects/CG735/software/SDK_2_11_0_FRDM-K66F/devices/MK66F18/drivers/fsl_i2c.c.obj
                               0x2299 (size before relaxing)

.comment        0x00000000       0x45
 .comment       0x00000000       0x45 CMakeFiles/i2c_interrupt_b2b_transfer_master.elf.dir/C_/Users/Jkastelic/Documents/projects/CG735/software/K66_tutorial/3_I2C/i2c_interrupt_b2b_transfer_master.c.obj
                                 0x46 (size before relaxing)
 .comment       0x00000045       0x46 CMakeFiles/i2c_interrupt_b2b_transfer_master.elf.dir/C_/Users/Jkastelic/Documents/projects/CG735/software/K66_tutorial/3_I2C/board/board.c.obj
 .comment       0x00000045       0x46 CMakeFiles/i2c_interrupt_b2b_transfer_master.elf.dir/C_/Users/Jkastelic/Documents/projects/CG735/software/K66_tutorial/3_I2C/board/pin_mux.c.obj
 .comment       0x00000045       0x46 CMakeFiles/i2c_interrupt_b2b_transfer_master.elf.dir/C_/Users/Jkastelic/Documents/projects/CG735/software/K66_tutorial/3_I2C/board/clock_config.c.obj
 .comment       0x00000045       0x46 CMakeFiles/i2c_interrupt_b2b_transfer_master.elf.dir/d5dd160be467181b57b3f4ba0395daff/devices/MK66F18/utilities/debug_console_lite/fsl_debug_console.c.obj
 .comment       0x00000045       0x46 CMakeFiles/i2c_interrupt_b2b_transfer_master.elf.dir/C_/Users/Jkastelic/Documents/projects/CG735/software/SDK_2_11_0_FRDM-K66F/components/uart/fsl_adapter_uart.c.obj
 .comment       0x00000045       0x46 CMakeFiles/i2c_interrupt_b2b_transfer_master.elf.dir/C_/Users/Jkastelic/Documents/projects/CG735/software/SDK_2_11_0_FRDM-K66F/devices/MK66F18/drivers/fsl_clock.c.obj
 .comment       0x00000045       0x46 CMakeFiles/i2c_interrupt_b2b_transfer_master.elf.dir/C_/Users/Jkastelic/Documents/projects/CG735/software/SDK_2_11_0_FRDM-K66F/devices/MK66F18/drivers/fsl_uart.c.obj